03-27 16:32:58.742  1623  1682 I ===DaemonService===: ScreenOrientationThread:0 screentOrientation:0
03-27 16:32:58.747  1623  1676 I ===APKProtocolTransmit===: Ready send su-cmd:275
03-27 16:32:58.747  1623  1676 I ===APKProtocolTransmit===: Start send su-cmd:275 length[14]
03-27 16:32:58.747  1623  1676 I ===APKProtocolTransmit===: Will write content:the C socket has not been connected,so dicard the send command:[275]
03-27 16:32:58.750  1623  1676 I ===APKProtocolTransmit===: End send sb-cmd:275
03-27 16:32:59.318  2682  2693 I art     : Background sticky concurrent mark sweep GC freed 317995(9MB) AllocSpace objects, 29(8MB) LOS objects, 28% free, 32MB/45MB, paused 2.174ms total 104.178ms
03-27 16:32:59.408  2682  2925 I PacketWriter: 心跳 
03-27 16:32:59.463   245  2894 D CameraHal: debugShowFPS(622): Camera 9760 Frames, 29.679 FPS
03-27 16:32:59.467  1623  1685 I USBService: send udp to check mobileagent state.
03-27 16:32:59.469  1623  1687 I ===Mrcp===: sending cmd:276
03-27 16:32:59.469  1623  1873 I USBService: command is : [277] 
03-27 16:32:59.470  1623  1873 I USBService: res:-131070 res2:2 opt:-2
03-27 16:32:59.470  1623  1873 I USBService: 	 mobileagent state:-2. 
03-27 16:32:59.470  1623  1685 I USBService: get mobileagent state 1 and current mobileagent state 1 and usb state of connection false
03-27 16:32:59.607  2682  2693 I art     : Background partial concurrent mark sweep GC freed 315516(10MB) AllocSpace objects, 36(12MB) LOS objects, 34% free, 29MB/45MB, paused 3.918ms total 122.793ms
03-27 16:32:59.933  2682  2693 I art     : Background sticky concurrent mark sweep GC freed 362594(11MB) AllocSpace objects, 32(8MB) LOS objects, 29% free, 32MB/45MB, paused 2.367ms total 116.809ms
03-27 16:33:00.290  2682  2693 I art     : Background partial concurrent mark sweep GC freed 347953(11MB) AllocSpace objects, 39(12MB) LOS objects, 32% free, 32MB/48MB, paused 2.689ms total 161.911ms
03-27 16:33:00.533   245  2894 D CameraHal: debugShowFPS(622): Camera 9792 Frames, 29.906 FPS
03-27 16:33:00.604  2682  2693 I art     : Background sticky concurrent mark sweep GC freed 403828(12MB) AllocSpace objects, 36(10MB) LOS objects, 33% free, 31MB/47MB, paused 2.350ms total 116.220ms
03-27 16:33:01.514  2682  2693 I art     : Background partial concurrent mark sweep GC freed 299033(9MB) AllocSpace objects, 35(12MB) LOS objects, 35% free, 29MB/45MB, paused 3.527ms total 121.800ms
03-27 16:33:01.604   245  2894 D CameraHal: debugShowFPS(622): Camera 9824 Frames, 29.865 FPS
03-27 16:33:01.758  1623  1682 I ===DaemonService===: ############## Rotation : 0
03-27 16:33:01.758  1623  1682 I ===DaemonService===: ScreenOrientationThread:0 screentOrientation:0
03-27 16:33:01.759  1623  1688 I ===APKProtocolTransmit===: Ready send su-cmd:275
03-27 16:33:01.759  1623  1688 I ===APKProtocolTransmit===: Start send su-cmd:275 length[14]
03-27 16:33:01.759  1623  1688 I ===APKProtocolTransmit===: Will write content:the C socket has not been connected,so dicard the send command:[275]
03-27 16:33:01.763  1623  1688 I ===APKProtocolTransmit===: End send sb-cmd:275
03-27 16:33:01.834  2682  2693 I art     : Background sticky concurrent mark sweep GC freed 366458(11MB) AllocSpace objects, 29(7MB) LOS objects, 25% free, 33MB/45MB, paused 1.716ms total 116.638ms
03-27 16:33:02.103  2682  2693 I art     : Background partial concurrent mark sweep GC freed 302103(9MB) AllocSpace objects, 42(12MB) LOS objects, 34% free, 29MB/45MB, paused 4.044ms total 117.099ms
03-27 16:33:02.471  1623  1685 I USBService: send udp to check mobileagent state.
03-27 16:33:02.472  1623  1683 I ===Mrcp===: sending cmd:276
03-27 16:33:02.472  1623  1713 I USBService: command is : [277] 
03-27 16:33:02.472  1623  1713 I USBService: res:-131070 res2:2 opt:-2
03-27 16:33:02.472  1623  1713 I USBService: 	 mobileagent state:-2. 
03-27 16:33:02.473  1623  1685 I USBService: get mobileagent state 1 and current mobileagent state 1 and usb state of connection false
03-27 16:33:02.678   245  2894 D CameraHal: debugShowFPS(622): Camera 9856 Frames, 29.799 FPS
03-27 16:33:02.711  2682  2693 I art     : Background partial concurrent mark sweep GC freed 305261(9MB) AllocSpace objects, 38(13MB) LOS objects, 32% free, 32MB/48MB, paused 1.723ms total 150.938ms
--------- beginning of system
03-27 16:33:03.217   449   524 I UsageStatsService: User[0] Flushing usage stats to disk
03-27 16:33:03.359  2682  2693 I art     : Background partial concurrent mark sweep GC freed 342728(10MB) AllocSpace objects, 42(14MB) LOS objects, 33% free, 31MB/47MB, paused 5.543ms total 141.306ms
03-27 16:33:03.478   449   546 D WallpaperManagerService: exit value = 0
03-27 16:33:03.602   449   546 D WallpaperManagerService: exit value = 0
03-27 16:33:03.679   449   546 D WallpaperManagerService: exit value = 0
03-27 16:33:03.698  2682  2693 I art     : Background sticky concurrent mark sweep GC freed 342337(10MB) AllocSpace objects, 32(9MB) LOS objects, 33% free, 31MB/47MB, paused 4.904ms total 125.143ms
03-27 16:33:03.748   245  2894 D CameraHal: debugShowFPS(622): Camera 9888 Frames, 29.898 FPS
03-27 16:33:04.083  2682  2693 I art     : Background partial concurrent mark sweep GC freed 379072(12MB) AllocSpace objects, 43(13MB) LOS objects, 31% free, 34MB/50MB, paused 2.618ms total 178.199ms
03-27 16:33:04.402  2682  2693 I art     : Background sticky concurrent mark sweep GC freed 404865(12MB) AllocSpace objects, 37(11MB) LOS objects, 32% free, 33MB/49MB, paused 2.097ms total 119.422ms
03-27 16:33:04.774  1623  1682 I ===DaemonService===: ############## Rotation : 0
03-27 16:33:04.774  1623  1682 I ===DaemonService===: ScreenOrientationThread:0 screentOrientation:0
03-27 16:33:04.776  1623  1686 I ===APKProtocolTransmit===: Ready send su-cmd:275
03-27 16:33:04.777  1623  1686 I ===APKProtocolTransmit===: Start send su-cmd:275 length[14]
03-27 16:33:04.777  1623  1686 I ===APKProtocolTransmit===: Will write content:the C socket has not been connected,so dicard the send command:[275]
03-27 16:33:04.784  1623  1686 I ===APKProtocolTransmit===: End send sb-cmd:275
03-27 16:33:04.785  2682  2693 I art     : Background partial concurrent mark sweep GC freed 427631(13MB) AllocSpace objects, 48(12MB) LOS objects, 31% free, 34MB/50MB, paused 3.640ms total 173.321ms
03-27 16:33:04.820   245  2894 D CameraHal: debugShowFPS(622): Camera 9920 Frames, 29.848 FPS
03-27 16:33:05.452  2682  2693 I art     : Background partial concurrent mark sweep GC freed 406038(12MB) AllocSpace objects, 48(15MB) LOS objects, 34% free, 30MB/46MB, paused 2.571ms total 138.601ms
03-27 16:33:05.473  1623  1685 I USBService: send udp to check mobileagent state.
03-27 16:33:05.475  1623  1676 I ===Mrcp===: sending cmd:276
03-27 16:33:05.476  1623  1872 I USBService: command is : [277] 
03-27 16:33:05.476  1623  1872 I USBService: res:-131070 res2:2 opt:-2
03-27 16:33:05.477  1623  1872 I USBService: 	 mobileagent state:-2. 
03-27 16:33:05.477  1623  1685 I USBService: get mobileagent state 1 and current mobileagent state 1 and usb state of connection false
03-27 16:33:05.773  2682  2693 I art     : Background sticky concurrent mark sweep GC freed 346124(10MB) AllocSpace objects, 32(8MB) LOS objects, 28% free, 33MB/46MB, paused 1.526ms total 120.604ms
03-27 16:33:05.892   245  2894 D CameraHal: debugShowFPS(622): Camera 9952 Frames, 29.850 FPS
03-27 16:33:06.054  2682  2693 I art     : Background partial concurrent mark sweep GC freed 362919(11MB) AllocSpace objects, 41(12MB) LOS objects, 36% free, 28MB/44MB, paused 927us total 105.872ms
03-27 16:33:06.626  2682  2693 I art     : Background partial concurrent mark sweep GC freed 331362(10MB) AllocSpace objects, 36(11MB) LOS objects, 33% free, 32MB/48MB, paused 1.976ms total 138.184ms
03-27 16:33:06.951  2682  2693 I art     : Background sticky concurrent mark sweep GC freed 359378(11MB) AllocSpace objects, 32(10MB) LOS objects, 32% free, 32MB/48MB, paused 4.898ms total 106.496ms
03-27 16:33:06.968   245  2894 D CameraHal: debugShowFPS(622): Camera 9984 Frames, 29.744 FPS
03-27 16:33:07.300  2682  2693 I art     : Background partial concurrent mark sweep GC freed 403423(12MB) AllocSpace objects, 46(13MB) LOS objects, 33% free, 32MB/48MB, paused 2.260ms total 151.764ms
03-27 16:33:07.608  2682  2693 I art     : Background sticky concurrent mark sweep GC freed 377315(12MB) AllocSpace objects, 35(10MB) LOS objects, 30% free, 33MB/48MB, paused 2.443ms total 112.648ms
03-27 16:33:07.783  1623  1682 I ===DaemonService===: ############## Rotation : 0
03-27 16:33:07.784  1623  1682 I ===DaemonService===: ScreenOrientationThread:0 screentOrientation:0
03-27 16:33:07.787  1623  1687 I ===APKProtocolTransmit===: Ready send su-cmd:275
03-27 16:33:07.787  1623  1687 I ===APKProtocolTransmit===: Start send su-cmd:275 length[14]
03-27 16:33:07.787  1623  1687 I ===APKProtocolTransmit===: Will write content:the C socket has not been connected,so dicard the send command:[275]
03-27 16:33:07.794  1623  1687 I ===APKProtocolTransmit===: End send sb-cmd:275
03-27 16:33:07.983  2682  2693 I art     : Background partial concurrent mark sweep GC freed 425607(13MB) AllocSpace objects, 47(12MB) LOS objects, 32% free, 33MB/49MB, paused 3.616ms total 185.156ms
03-27 16:33:08.040   245  2894 D CameraHal: debugShowFPS(622): Camera 10016 Frames, 29.857 FPS
03-27 16:33:08.327  2682  2693 I art     : Background sticky concurrent mark sweep GC freed 397200(12MB) AllocSpace objects, 35(10MB) LOS objects, 32% free, 33MB/49MB, paused 6.748ms total 125.869ms
03-27 16:33:08.478  1623  1685 I USBService: send udp to check mobileagent state.
03-27 16:33:08.480  1623  1688 I ===Mrcp===: sending cmd:276
03-27 16:33:08.483  1623  1873 I USBService: command is : [277] 
03-27 16:33:08.483  1623  1873 I USBService: res:-131070 res2:2 opt:-2
03-27 16:33:08.483  1623  1873 I USBService: 	 mobileagent state:-2. 
03-27 16:33:08.485  1623  1685 I USBService: get mobileagent state 1 and current mobileagent state 1 and usb state of connection false
03-27 16:33:08.673  2682  2693 I art     : Background partial concurrent mark sweep GC freed 405213(13MB) AllocSpace objects, 48(14MB) LOS objects, 33% free, 31MB/47MB, paused 1.746ms total 147.753ms
03-27 16:33:08.982  2682  2693 I art     : Background sticky concurrent mark sweep GC freed 349923(11MB) AllocSpace objects, 31(7MB) LOS objects, 27% free, 34MB/47MB, paused 3.185ms total 111.842ms
03-27 16:33:09.112   245  2894 D CameraHal: debugShowFPS(622): Camera 10048 Frames, 29.849 FPS
03-27 16:33:09.235  2682  2693 I art     : Background partial concurrent mark sweep GC freed 349413(11MB) AllocSpace objects, 40(12MB) LOS objects, 35% free, 29MB/45MB, paused 1.479ms total 107.828ms
03-27 16:33:09.807  2682  2693 I art     : Background partial concurrent mark sweep GC freed 326241(10MB) AllocSpace objects, 37(12MB) LOS objects, 34% free, 29MB/45MB, paused 3.479ms total 121.161ms
03-27 16:33:10.122  2682  2693 I art     : Background sticky concurrent mark sweep GC freed 344403(10MB) AllocSpace objects, 29(8MB) LOS objects, 28% free, 32MB/45MB, paused 5.427ms total 109.081ms
03-27 16:33:10.185   245  2894 D CameraHal: debugShowFPS(622): Camera 10080 Frames, 29.836 FPS
03-27 16:33:10.451  2682  2693 I art     : Background partial concurrent mark sweep GC freed 365274(11MB) AllocSpace objects, 45(12MB) LOS objects, 34% free, 30MB/46MB, paused 2.779ms total 129.410ms
03-27 16:33:10.789  2682  2693 I art     : Background sticky concurrent mark sweep GC freed 409755(13MB) AllocSpace objects, 33(6MB) LOS objects, 28% free, 32MB/46MB, paused 1.723ms total 112.371ms
03-27 16:33:10.797  1623  1682 I ===DaemonService===: ############## Rotation : 0
03-27 16:33:10.798  1623  1682 I ===DaemonService===: ScreenOrientationThread:0 screentOrientation:0
03-27 16:33:10.799  1623  1683 I ===APKProtocolTransmit===: Ready send su-cmd:275
03-27 16:33:10.799  1623  1683 I ===APKProtocolTransmit===: Start send su-cmd:275 length[14]
03-27 16:33:10.799  1623  1683 I ===APKProtocolTransmit===: Will write content:the C socket has not been connected,so dicard the send command:[275]
03-27 16:33:10.811  1623  1683 I ===APKProtocolTransmit===: End send sb-cmd:275
03-27 16:33:11.122  2682  2693 I art     : Background partial concurrent mark sweep GC freed 343974(10MB) AllocSpace objects, 41(12MB) LOS objects, 33% free, 32MB/48MB, paused 2.566ms total 145.615ms
03-27 16:33:11.256   245  2894 D CameraHal: debugShowFPS(622): Camera 10112 Frames, 29.854 FPS
03-27 16:33:11.423  2682  2693 I art     : Background sticky concurrent mark sweep GC freed 350936(11MB) AllocSpace objects, 29(8MB) LOS objects, 28% free, 34MB/48MB, paused 2.918ms total 104.707ms
03-27 16:33:11.486  1623  1685 I USBService: send udp to check mobileagent state.
03-27 16:33:11.487  1623  1686 I ===Mrcp===: sending cmd:276
03-27 16:33:11.492  1623  1713 I USBService: command is : [277] 
03-27 16:33:11.492  1623  1713 I USBService: res:-131070 res2:2 opt:-2
03-27 16:33:11.492  1623  1713 I USBService: 	 mobileagent state:-2. 
03-27 16:33:11.493  1623  1685 I USBService: get mobileagent state 1 and current mobileagent state 1 and usb state of connection false
03-27 16:33:11.762  2682  2693 I art     : Background partial concurrent mark sweep GC freed 369342(11MB) AllocSpace objects, 46(13MB) LOS objects, 32% free, 33MB/49MB, paused 1.634ms total 156.635ms
03-27 16:33:12.103  2682  2693 I art     : Background sticky concurrent mark sweep GC freed 427032(13MB) AllocSpace objects, 36(8MB) LOS objects, 28% free, 35MB/49MB, paused 1.288ms total 119.183ms
03-27 16:33:12.328   245  2894 D CameraHal: debugShowFPS(622): Camera 10144 Frames, 29.857 FPS
03-27 16:33:12.428  2682  2693 I art     : Background partial concurrent mark sweep GC freed 376023(11MB) AllocSpace objects, 46(15MB) LOS objects, 34% free, 30MB/46MB, paused 2.493ms total 144.180ms
03-27 16:33:12.740  2682  2693 I art     : Background sticky concurrent mark sweep GC freed 360342(11MB) AllocSpace objects, 31(8MB) LOS objects, 29% free, 32MB/46MB, paused 2.154ms total 101.916ms
03-27 16:33:13.056  2682  2693 I art     : Background partial concurrent mark sweep GC freed 355474(11MB) AllocSpace objects, 41(12MB) LOS objects, 33% free, 31MB/47MB, paused 2.891ms total 133.501ms
03-27 16:33:13.400   245  2894 D CameraHal: debugShowFPS(622): Camera 10176 Frames, 29.846 FPS
03-27 16:33:13.404  2682  2693 I art     : Background sticky concurrent mark sweep GC freed 398846(12MB) AllocSpace objects, 33(7MB) LOS objects, 26% free, 34MB/47MB, paused 2.635ms total 115.474ms
03-27 16:33:13.689  2682  2693 I art     : Background partial concurrent mark sweep GC freed 332558(10MB) AllocSpace objects, 43(12MB) LOS objects, 33% free, 31MB/47MB, paused 2.181ms total 126.617ms
03-27 16:33:13.802  1623  1682 I ===DaemonService===: ############## Rotation : 0
03-27 16:33:13.802  1623  1682 I ===DaemonService===: ScreenOrientationThread:0 screentOrientation:0
03-27 16:33:13.804  1623  1676 I ===APKProtocolTransmit===: Ready send su-cmd:275
03-27 16:33:13.804  1623  1676 I ===APKProtocolTransmit===: Start send su-cmd:275 length[14]
03-27 16:33:13.804  1623  1676 I ===APKProtocolTransmit===: Will write content:the C socket has not been connected,so dicard the send command:[275]
03-27 16:33:13.812  1623  1676 I ===APKProtocolTransmit===: End send sb-cmd:275
03-27 16:33:14.325  2682  2693 I art     : Background partial concurrent mark sweep GC freed 336721(10MB) AllocSpace objects, 42(13MB) LOS objects, 33% free, 31MB/47MB, paused 4.810ms total 142.515ms
03-27 16:33:14.476   245  2894 D CameraHal: debugShowFPS(622): Camera 10208 Frames, 29.754 FPS
03-27 16:33:14.495  1623  1685 I USBService: send udp to check mobileagent state.
03-27 16:33:14.496  1689  1689 I mobileagent: type=1400 audit(0.0:446): avc: denied { read append } for name="log.txt" dev="mmcblk1p15" ino=15728 scontext=u:r:resize2fs:s0 tcontext=u:object_r:app_data_file:s0 tclass=file permissive=1
03-27 16:33:14.496  1689  1689 I mobileagent: type=1400 audit(0.0:447): avc: denied { open } for path="/data/data/com.sigma_rt.totalcontrol/log.txt" dev="mmcblk1p15" ino=15728 scontext=u:r:resize2fs:s0 tcontext=u:object_r:app_data_file:s0 tclass=file permissive=1
03-27 16:33:14.496  1689  1689 I mobileagent: type=1400 audit(0.0:448): avc: denied { getattr } for path="/data/data/com.sigma_rt.totalcontrol/log.txt" dev="mmcblk1p15" ino=15728 scontext=u:r:resize2fs:s0 tcontext=u:object_r:app_data_file:s0 tclass=file permissive=1
03-27 16:33:14.500  1623  1872 I USBService: command is : [277] 
03-27 16:33:14.501  1623  1872 I USBService: res:-131070 res2:2 opt:-2
03-27 16:33:14.501  1623  1872 I USBService: 	 mobileagent state:-2. 
03-27 16:33:14.501  1623  1687 I ===Mrcp===: sending cmd:276
03-27 16:33:14.503  1623  1685 I USBService: get mobileagent state 1 and current mobileagent state 1 and usb state of connection false
03-27 16:33:14.641  2682  2693 I art     : Background sticky concurrent mark sweep GC freed 362573(11MB) AllocSpace objects, 32(10MB) LOS objects, 27% free, 34MB/47MB, paused 2.682ms total 119.956ms
03-27 16:33:14.982  2682  2693 I art     : Background partial concurrent mark sweep GC freed 384192(12MB) AllocSpace objects, 47(12MB) LOS objects, 31% free, 34MB/50MB, paused 2.224ms total 172.559ms
03-27 16:33:15.312  2682  2693 I art     : Background sticky concurrent mark sweep GC freed 417141(13MB) AllocSpace objects, 38(10MB) LOS objects, 32% free, 33MB/49MB, paused 2.638ms total 112.725ms
03-27 16:33:15.549   245  2894 D CameraHal: debugShowFPS(622): Camera 10240 Frames, 29.826 FPS
03-27 16:33:15.705  2682  2693 I art     : Background partial concurrent mark sweep GC freed 424043(13MB) AllocSpace objects, 48(15MB) LOS objects, 32% free, 32MB/48MB, paused 2.275ms total 167.695ms
03-27 16:33:16.025  2682  2693 I art     : Background sticky concurrent mark sweep GC freed 371051(11MB) AllocSpace objects, 35(11MB) LOS objects, 33% free, 32MB/48MB, paused 3.782ms total 109.289ms
03-27 16:33:16.337  2682  2693 I art     : Background partial concurrent mark sweep GC freed 363206(11MB) AllocSpace objects, 43(12MB) LOS objects, 33% free, 31MB/47MB, paused 1.694ms total 129.457ms
03-27 16:33:16.620   245  2894 D CameraHal: debugShowFPS(622): Camera 10272 Frames, 29.866 FPS
03-27 16:33:16.808  1623  1682 I ===DaemonService===: ############## Rotation : 0
03-27 16:33:16.808  1623  1682 I ===DaemonService===: ScreenOrientationThread:0 screentOrientation:0
03-27 16:33:16.809  1623  1688 I ===APKProtocolTransmit===: Ready send su-cmd:275
03-27 16:33:16.809  1623  1688 I ===APKProtocolTransmit===: Start send su-cmd:275 length[14]
03-27 16:33:16.809  1623  1688 I ===APKProtocolTransmit===: Will write content:the C socket has not been connected,so dicard the send command:[275]
03-27 16:33:16.818  1623  1688 I ===APKProtocolTransmit===: End send sb-cmd:275
03-27 16:33:17.028  2682  2693 I art     : Background partial concurrent mark sweep GC freed 385087(12MB) AllocSpace objects, 42(12MB) LOS objects, 32% free, 33MB/49MB, paused 2.377ms total 158.660ms
03-27 16:33:17.366  2682  2693 I art     : Background sticky concurrent mark sweep GC freed 367339(11MB) AllocSpace objects, 33(10MB) LOS objects, 31% free, 33MB/49MB, paused 2.254ms total 119.087ms
03-27 16:33:17.505  1623  1685 I USBService: send udp to check mobileagent state.
03-27 16:33:17.507  1623  1683 I ===Mrcp===: sending cmd:276
03-27 16:33:17.508  1623  1873 I USBService: command is : [277] 
03-27 16:33:17.508  1623  1873 I USBService: res:-131070 res2:2 opt:-2
03-27 16:33:17.508  1623  1873 I USBService: 	 mobileagent state:-2. 
03-27 16:33:17.511  1623  1685 I USBService: get mobileagent state 1 and current mobileagent state 1 and usb state of connection false
03-27 16:33:17.693   245  2894 D CameraHal: debugShowFPS(622): Camera 10304 Frames, 29.838 FPS
03-27 16:33:17.724  2682  2693 I art     : Background partial concurrent mark sweep GC freed 358204(11MB) AllocSpace objects, 46(14MB) LOS objects, 33% free, 32MB/48MB, paused 4.984ms total 155.916ms
03-27 16:33:18.044  2682  2693 I art     : Background sticky concurrent mark sweep GC freed 370938(11MB) AllocSpace objects, 35(10MB) LOS objects, 32% free, 32MB/48MB, paused 824us total 106.363ms
03-27 16:33:18.393  2682  2693 I art     : Background partial concurrent mark sweep GC freed 368707(11MB) AllocSpace objects, 41(13MB) LOS objects, 32% free, 32MB/48MB, paused 2.173ms total 155.173ms
03-27 16:33:18.731  2682  2693 I art     : Background sticky concurrent mark sweep GC freed 411935(12MB) AllocSpace objects, 39(9MB) LOS objects, 33% free, 32MB/48MB, paused 2.091ms total 113.916ms
03-27 16:33:18.764   245  2894 D CameraHal: debugShowFPS(622): Camera 10336 Frames, 29.860 FPS
03-27 16:33:19.091  2682  2693 I art     : Background partial concurrent mark sweep GC freed 355486(11MB) AllocSpace objects, 43(14MB) LOS objects, 33% free, 32MB/48MB, paused 1.069ms total 144.194ms
03-27 16:33:19.435  2682  2693 I art     : Background sticky concurrent mark sweep GC freed 401899(12MB) AllocSpace objects, 35(10MB) LOS objects, 32% free, 32MB/48MB, paused 1.640ms total 112.954ms
03-27 16:33:19.778  2682  2693 I art     : Background partial concurrent mark sweep GC freed 359667(11MB) AllocSpace objects, 44(13MB) LOS objects, 33% free, 32MB/48MB, paused 5.100ms total 155.180ms
03-27 16:33:19.820  1623  1682 I ===DaemonService===: ############## Rotation : 0
03-27 16:33:19.820  1623  1682 I ===DaemonService===: ScreenOrientationThread:0 screentOrientation:0
03-27 16:33:19.821  1623  1686 I ===APKProtocolTransmit===: Ready send su-cmd:275
03-27 16:33:19.822  1623  1686 I ===APKProtocolTransmit===: Start send su-cmd:275 length[14]
03-27 16:33:19.822  1623  1686 I ===APKProtocolTransmit===: Will write content:the C socket has not been connected,so dicard the send command:[275]
03-27 16:33:19.829  1623  1686 I ===APKProtocolTransmit===: End send sb-cmd:275
03-27 16:33:19.836   245  2894 D CameraHal: debugShowFPS(622): Camera 10368 Frames, 29.857 FPS
03-27 16:33:20.099  2682  2693 I art     : Background sticky concurrent mark sweep GC freed 378656(11MB) AllocSpace objects, 36(10MB) LOS objects, 33% free, 31MB/47MB, paused 2.098ms total 104.505ms
03-27 16:33:20.454  2682  2693 I art     : Background partial concurrent mark sweep GC freed 385987(12MB) AllocSpace objects, 43(13MB) LOS objects, 33% free, 32MB/48MB, paused 2.237ms total 156.524ms
03-27 16:33:20.514  1623  1685 I USBService: send udp to check mobileagent state.
03-27 16:33:20.517  1623  1676 I ===Mrcp===: sending cmd:276
03-27 16:33:20.521  1623  1713 I USBService: command is : [277] 
03-27 16:33:20.522  1623  1713 I USBService: res:-131070 res2:2 opt:-2
03-27 16:33:20.522  1623  1713 I USBService: 	 mobileagent state:-2. 
03-27 16:33:20.522  1623  1685 I USBService: get mobileagent state 1 and current mobileagent state 1 and usb state of connection false
03-27 16:33:20.768  2682  2693 I art     : Background sticky concurrent mark sweep GC freed 381012(11MB) AllocSpace objects, 34(9MB) LOS objects, 33% free, 32MB/48MB, paused 2.609ms total 107.005ms
03-27 16:33:20.908   245  2894 D CameraHal: debugShowFPS(622): Camera 10400 Frames, 29.850 FPS
03-27 16:33:21.139  2682  2693 I art     : Background partial concurrent mark sweep GC freed 404366(12MB) AllocSpace objects, 48(13MB) LOS objects, 32% free, 33MB/49MB, paused 2.658ms total 171.904ms
03-27 16:33:21.310  2682  2682 D SyncManager: 获取公司信息
03-27 16:33:21.310  2682  2682 D SyncManager: 地址：http://47.105.80.245:8080/api/company/getcompany.html
03-27 16:33:21.310  2682  2682 D SyncManager: 参数：00000000-385c-5a58-0000-000000dd4a18
03-27 16:33:21.402  2682  2682 D SyncManager: {"message":"该设备未绑定公司","status":4,"company":{}}
03-27 16:33:21.410  2682  2682 D SyncManager: 重新获取公司信息
03-27 16:33:21.461  2682  2693 I art     : Background sticky concurrent mark sweep GC freed 374206(11MB) AllocSpace objects, 35(11MB) LOS objects, 32% free, 32MB/48MB, paused 1.893ms total 114.971ms
03-27 16:33:21.831  2682  2693 I art     : Background partial concurrent mark sweep GC freed 389263(12MB) AllocSpace objects, 47(13MB) LOS objects, 31% free, 34MB/50MB, paused 2.830ms total 166.019ms
03-27 16:33:21.980   245  2894 D CameraHal: debugShowFPS(622): Camera 10432 Frames, 29.845 FPS
03-27 16:33:22.138  2682  2693 I art     : Background sticky concurrent mark sweep GC freed 390815(12MB) AllocSpace objects, 35(10MB) LOS objects, 29% free, 35MB/50MB, paused 1.199ms total 106.214ms
03-27 16:33:22.483  2682  2693 I art     : Background partial concurrent mark sweep GC freed 404737(12MB) AllocSpace objects, 47(15MB) LOS objects, 33% free, 31MB/47MB, paused 2.595ms total 140.918ms
03-27 16:33:22.825  1623  1682 I ===DaemonService===: ############## Rotation : 0
03-27 16:33:22.826  1623  1682 I ===DaemonService===: ScreenOrientationThread:0 screentOrientation:0
03-27 16:33:22.827  1623  1687 I ===APKProtocolTransmit===: Ready send su-cmd:275
03-27 16:33:22.827  1623  1687 I ===APKProtocolTransmit===: Start send su-cmd:275 length[14]
03-27 16:33:22.827  1623  1687 I ===APKProtocolTransmit===: Will write content:the C socket has not been connected,so dicard the send command:[275]
03-27 16:33:22.848  1623  1687 I ===APKProtocolTransmit===: End send sb-cmd:275
03-27 16:33:23.056   245  2894 D CameraHal: debugShowFPS(622): Camera 10464 Frames, 29.752 FPS
03-27 16:33:23.167  2682  2693 I art     : Background partial concurrent mark sweep GC freed 374599(12MB) AllocSpace objects, 45(13MB) LOS objects, 33% free, 32MB/48MB, paused 1.627ms total 167.195ms
03-27 16:33:23.469  2682  2693 I art     : Background sticky concurrent mark sweep GC freed 363569(11MB) AllocSpace objects, 35(10MB) LOS objects, 33% free, 32MB/48MB, paused 967us total 102.598ms
03-27 16:33:23.523  1623  1685 I USBService: send udp to check mobileagent state.
03-27 16:33:23.524  1623  1688 I ===Mrcp===: sending cmd:276
03-27 16:33:23.525  1623  1872 I USBService: command is : [277] 
03-27 16:33:23.526  1623  1872 I USBService: res:-131070 res2:2 opt:-2
03-27 16:33:23.526  1623  1872 I USBService: 	 mobileagent state:-2. 
03-27 16:33:23.526  1623  1685 I USBService: get mobileagent state 1 and current mobileagent state 1 and usb state of connection false
03-27 16:33:23.825  2682  2693 I art     : Background partial concurrent mark sweep GC freed 404872(12MB) AllocSpace objects, 45(12MB) LOS objects, 34% free, 30MB/46MB, paused 2.162ms total 143.579ms
03-27 16:33:24.128   245  2894 D CameraHal: debugShowFPS(622): Camera 10496 Frames, 29.847 FPS
03-27 16:33:24.130  2682  2693 I art     : Background sticky concurrent mark sweep GC freed 370239(11MB) AllocSpace objects, 33(8MB) LOS objects, 31% free, 32MB/46MB, paused 4.556ms total 100.207ms
03-27 16:33:24.469  2682  2693 I art     : Background partial concurrent mark sweep GC freed 317667(10MB) AllocSpace objects, 41(13MB) LOS objects, 34% free, 31MB/47MB, paused 2.978ms total 142.133ms
03-27 16:33:25.148  2682  2693 I art     : Background partial concurrent mark sweep GC freed 356950(11MB) AllocSpace objects, 45(13MB) LOS objects, 33% free, 31MB/47MB, paused 2.297ms total 157.315ms
03-27 16:33:25.200   245  2894 D CameraHal: debugShowFPS(622): Camera 10528 Frames, 29.848 FPS
03-27 16:33:25.466  2682  2693 I art     : Background sticky concurrent mark sweep GC freed 339213(10MB) AllocSpace objects, 32(10MB) LOS objects, 31% free, 32MB/47MB, paused 2.552ms total 100.958ms
03-27 16:33:25.824  2682  2693 I art     : Background partial concurrent mark sweep GC freed 416609(13MB) AllocSpace objects, 46(11MB) LOS objects, 33% free, 31MB/47MB, paused 2.233ms total 144.585ms
03-27 16:33:25.832  1623  1682 I ===DaemonService===: ############## Rotation : 0
03-27 16:33:25.832  1623  1682 I ===DaemonService===: ScreenOrientationThread:0 screentOrientation:0
03-27 16:33:25.833  1623  1683 I ===APKProtocolTransmit===: Ready send su-cmd:275
03-27 16:33:25.833  1623  1683 I ===APKProtocolTransmit===: Start send su-cmd:275 length[14]
03-27 16:33:25.833  1623  1683 I ===APKProtocolTransmit===: Will write content:the C socket has not been connected,so dicard the send command:[275]
03-27 16:33:25.840  1623  1683 I ===APKProtocolTransmit===: End send sb-cmd:275
03-27 16:33:26.272   245  2894 D CameraHal: debugShowFPS(622): Camera 10560 Frames, 29.842 FPS
03-27 16:33:26.465  2682  2693 I art     : Background partial concurrent mark sweep GC freed 323231(10MB) AllocSpace objects, 37(13MB) LOS objects, 33% free, 32MB/48MB, paused 3.953ms total 137.558ms
03-27 16:33:26.527  1623  1685 I USBService: send udp to check mobileagent state.
03-27 16:33:26.529  1623  1686 I ===Mrcp===: sending cmd:276
03-27 16:33:26.531  1623  1873 I USBService: command is : [277] 
03-27 16:33:26.531  1623  1873 I USBService: res:-131070 res2:2 opt:-2
03-27 16:33:26.531  1623  1873 I USBService: 	 mobileagent state:-2. 
03-27 16:33:26.531  1623  1685 I USBService: get mobileagent state 1 and current mobileagent state 1 and usb state of connection false
03-27 16:33:27.128  2682  2693 I art     : Background partial concurrent mark sweep GC freed 366246(11MB) AllocSpace objects, 46(14MB) LOS objects, 33% free, 32MB/48MB, paused 2.145ms total 161.137ms
03-27 16:33:27.344   245  2894 D CameraHal: debugShowFPS(622): Camera 10592 Frames, 29.852 FPS
03-27 16:33:27.771  2682  2693 I art     : Background partial concurrent mark sweep GC freed 355926(11MB) AllocSpace objects, 46(14MB) LOS objects, 34% free, 30MB/46MB, paused 4.133ms total 132.616ms
03-27 16:33:28.110  2682  2693 I art     : Background sticky concurrent mark sweep GC freed 378679(11MB) AllocSpace objects, 35(9MB) LOS objects, 33% free, 31MB/46MB, paused 2.132ms total 106.134ms
03-27 16:33:28.417   245  2894 D CameraHal: debugShowFPS(622): Camera 10624 Frames, 29.846 FPS
03-27 16:33:28.425  2682  2693 I art     : Background partial concurrent mark sweep GC freed 363193(11MB) AllocSpace objects, 41(11MB) LOS objects, 35% free, 28MB/44MB, paused 790us total 111.816ms
03-27 16:33:28.753  2682  2693 I art     : Background sticky concurrent mark sweep GC freed 350478(11MB) AllocSpace objects, 30(7MB) LOS objects, 23% free, 34MB/44MB, paused 2.117ms total 117.578ms
03-27 16:33:28.840  1623  1682 I ===DaemonService===: ############## Rotation : 0
03-27 16:33:28.840  1623  1682 I ===DaemonService===: ScreenOrientationThread:0 screentOrientation:0
03-27 16:33:28.841  1623  1676 I ===APKProtocolTransmit===: Ready send su-cmd:275
03-27 16:33:28.841  1623  1676 I ===APKProtocolTransmit===: Start send su-cmd:275 length[14]
03-27 16:33:28.841  1623  1676 I ===APKProtocolTransmit===: Will write content:the C socket has not been connected,so dicard the send command:[275]
03-27 16:33:28.843  1623  1676 I ===APKProtocolTransmit===: End send sb-cmd:275
03-27 16:33:29.035  2682  2693 I art     : Background partial concurrent mark sweep GC freed 328088(10MB) AllocSpace objects, 41(12MB) LOS objects, 34% free, 29MB/45MB, paused 3.043ms total 126.433ms
03-27 16:33:29.410  2682  2925 I PacketWriter: 心跳 
03-27 16:33:29.489   245  2894 D CameraHal: debugShowFPS(622): Camera 10656 Frames, 29.840 FPS
03-27 16:33:29.532  1623  1685 I USBService: send udp to check mobileagent state.
03-27 16:33:29.533  1623  1687 I ===Mrcp===: sending cmd:276
03-27 16:33:29.535  1623  1713 I USBService: command is : [277] 
03-27 16:33:29.535  1623  1713 I USBService: res:-131070 res2:2 opt:-2
03-27 16:33:29.535  1623  1713 I USBService: 	 mobileagent state:-2. 
03-27 16:33:29.536  1623  1685 I USBService: get mobileagent state 1 and current mobileagent state 1 and usb state of connection false
03-27 16:33:29.655  2682  2693 I art     : Background partial concurrent mark sweep GC freed 318884(10MB) AllocSpace objects, 39(12MB) LOS objects, 33% free, 31MB/47MB, paused 655us total 138.568ms
03-27 16:33:30.259  2682  2693 I art     : Background partial concurrent mark sweep GC freed 369331(11MB) AllocSpace objects, 42(12MB) LOS objects, 35% free, 29MB/45MB, paused 1.093ms total 108.722ms
03-27 16:33:30.564   245  2894 D CameraHal: debugShowFPS(622): Camera 10688 Frames, 29.766 FPS
03-27 16:33:30.890  2682  2693 I art     : Background partial concurrent mark sweep GC freed 336541(10MB) AllocSpace objects, 39(10MB) LOS objects, 33% free, 31MB/47MB, paused 4.736ms total 137.051ms
03-27 16:33:31.204  2682  2693 I art     : Background sticky concurrent mark sweep GC freed 362042(11MB) AllocSpace objects, 33(8MB) LOS objects, 29% free, 33MB/47MB, paused 3.339ms total 106.424ms
03-27 16:33:31.535  2682  2693 I art     : Background partial concurrent mark sweep GC freed 331122(10MB) AllocSpace objects, 43(13MB) LOS objects, 33% free, 31MB/47MB, paused 2.807ms total 140.612ms
03-27 16:33:31.636   245  2894 D CameraHal: debugShowFPS(622): Camera 10720 Frames, 29.852 FPS
03-27 16:33:31.851  1623  1682 I ===DaemonService===: ############## Rotation : 0
03-27 16:33:31.851  1623  1682 I ===DaemonService===: ScreenOrientationThread:0 screentOrientation:0
03-27 16:33:31.852  1623  1688 I ===APKProtocolTransmit===: Ready send su-cmd:275
03-27 16:33:31.852  1623  1688 I ===APKProtocolTransmit===: Start send su-cmd:275 length[14]
03-27 16:33:31.852  1623  1688 I ===APKProtocolTransmit===: Will write content:the C socket has not been connected,so dicard the send command:[275]
03-27 16:33:31.854  1623  1688 I ===APKProtocolTransmit===: End send sb-cmd:275
03-27 16:33:31.868  2682  2693 I art     : Background sticky concurrent mark sweep GC freed 367904(11MB) AllocSpace objects, 34(9MB) LOS objects, 28% free, 33MB/47MB, paused 2.991ms total 112.082ms
03-27 16:33:32.214  2682  2693 I art     : Background partial concurrent mark sweep GC freed 388209(12MB) AllocSpace objects, 41(12MB) LOS objects, 32% free, 32MB/48MB, paused 1.988ms total 155.160ms
03-27 16:33:32.536  1623  1685 I USBService: send udp to check mobileagent state.
03-27 16:33:32.538  1623  1683 I ===Mrcp===: sending cmd:276
03-27 16:33:32.539  1623  1872 I USBService: command is : [277] 
03-27 16:33:32.539  1623  1872 I USBService: res:-131070 res2:2 opt:-2
03-27 16:33:32.539  1623  1872 I USBService: 	 mobileagent state:-2. 
03-27 16:33:32.540  1623  1685 I USBService: get mobileagent state 1 and current mobileagent state 1 and usb state of connection false
03-27 16:33:32.708   245  2894 D CameraHal: debugShowFPS(622): Camera 10752 Frames, 29.847 FPS
03-27 16:33:32.871  2682  2693 I art     : Background partial concurrent mark sweep GC freed 345834(11MB) AllocSpace objects, 47(16MB) LOS objects, 33% free, 31MB/47MB, paused 3.040ms total 152.689ms
03-27 16:33:33.210  2682  2693 I art     : Background sticky concurrent mark sweep GC freed 357451(11MB) AllocSpace objects, 34(10MB) LOS objects, 28% free, 33MB/47MB, paused 4.727ms total 121.457ms
03-27 16:33:33.532  2682  2693 I art     : Background partial concurrent mark sweep GC freed 333108(10MB) AllocSpace objects, 40(14MB) LOS objects, 35% free, 29MB/45MB, paused 1.939ms total 131.842ms
03-27 16:33:33.780   245  2894 D CameraHal: debugShowFPS(622): Camera 10784 Frames, 29.845 FPS
03-27 16:33:33.831  2682  2693 I art     : Background sticky concurrent mark sweep GC freed 333463(10MB) AllocSpace objects, 30(7MB) LOS objects, 29% free, 32MB/45MB, paused 5.083ms total 95.792ms
03-27 16:33:34.127  2682  2693 I art     : Background partial concurrent mark sweep GC freed 321874(10MB) AllocSpace objects, 41(12MB) LOS objects, 34% free, 30MB/46MB, paused 3.446ms total 127.470ms
03-27 16:33:34.759  2682  2693 I art     : Background partial concurrent mark sweep GC freed 337957(10MB) AllocSpace objects, 42(11MB) LOS objects, 32% free, 32MB/48MB, paused 1.717ms total 144.311ms
03-27 16:33:34.852   245  2894 D CameraHal: debugShowFPS(622): Camera 10816 Frames, 29.858 FPS
03-27 16:33:34.853  1623  1682 I ===DaemonService===: ############## Rotation : 0
03-27 16:33:34.853  1623  1682 I ===DaemonService===: ScreenOrientationThread:0 screentOrientation:0
03-27 16:33:34.854  1623  1686 I ===APKProtocolTransmit===: Ready send su-cmd:275
03-27 16:33:34.854  1623  1686 I ===APKProtocolTransmit===: Start send su-cmd:275 length[14]
03-27 16:33:34.855  1623  1686 I ===APKProtocolTransmit===: Will write content:the C socket has not been connected,so dicard the send command:[275]
03-27 16:33:34.860  1623  1686 I ===APKProtocolTransmit===: End send sb-cmd:275
03-27 16:33:35.097  2682  2693 I art     : Background sticky concurrent mark sweep GC freed 369550(11MB) AllocSpace objects, 35(9MB) LOS objects, 28% free, 35MB/48MB, paused 2.934ms total 118.008ms
03-27 16:33:35.423  2682  2693 I art     : Background partial concurrent mark sweep GC freed 362166(11MB) AllocSpace objects, 44(14MB) LOS objects, 34% free, 30MB/46MB, paused 5.204ms total 143.352ms
03-27 16:33:35.540  1623  1685 I USBService: send udp to check mobileagent state.
03-27 16:33:35.548  1623  1676 I ===Mrcp===: sending cmd:276
03-27 16:33:35.550  1623  1873 I USBService: command is : [277] 
03-27 16:33:35.550  1623  1873 I USBService: res:-131070 res2:2 opt:-2
03-27 16:33:35.550  1623  1873 I USBService: 	 mobileagent state:-2. 
03-27 16:33:35.551  1623  1685 I USBService: get mobileagent state 1 and current mobileagent state 1 and usb state of connection false
03-27 16:33:35.768  2682  2693 I art     : Background sticky concurrent mark sweep GC freed 356023(11MB) AllocSpace objects, 34(10MB) LOS objects, 28% free, 33MB/46MB, paused 2.660ms total 115.140ms
03-27 16:33:35.924   245  2894 D CameraHal: debugShowFPS(622): Camera 10848 Frames, 29.846 FPS
03-27 16:33:36.099  2682  2693 I art     : Background partial concurrent mark sweep GC freed 366841(11MB) AllocSpace objects, 43(11MB) LOS objects, 32% free, 33MB/49MB, paused 7.222ms total 150.950ms
03-27 16:33:36.433  2682  2693 I art     : Background sticky concurrent mark sweep GC freed 366334(11MB) AllocSpace objects, 33(8MB) LOS objects, 30% free, 34MB/49MB, paused 3.523ms total 106.342ms
03-27 16:33:36.998   245  2894 D CameraHal: debugShowFPS(622): Camera 10880 Frames, 29.813 FPS
03-27 16:33:37.364  2682  2693 I art     : Background partial concurrent mark sweep GC freed 367211(11MB) AllocSpace objects, 43(11MB) LOS objects, 34% free, 30MB/46MB, paused 2.154ms total 144.724ms
03-27 16:33:37.693  2682  2693 I art     : Background sticky concurrent mark sweep GC freed 365868(11MB) AllocSpace objects, 33(8MB) LOS objects, 29% free, 32MB/46MB, paused 2.961ms total 105.609ms
03-27 16:33:37.860  1623  1682 I ===DaemonService===: ############## Rotation : 0
03-27 16:33:37.860  1623  1682 I ===DaemonService===: ScreenOrientationThread:0 screentOrientation:0
03-27 16:33:37.861  1623  1687 I ===APKProtocolTransmit===: Ready send su-cmd:275
03-27 16:33:37.861  1623  1687 I ===APKProtocolTransmit===: Start send su-cmd:275 length[14]
03-27 16:33:37.861  1623  1687 I ===APKProtocolTransmit===: Will write content:the C socket has not been connected,so dicard the send command:[275]
03-27 16:33:37.864  1623  1687 I ===APKProtocolTransmit===: End send sb-cmd:275
03-27 16:33:38.072   245  2894 D CameraHal: debugShowFPS(622): Camera 10912 Frames, 29.782 FPS
03-27 16:33:38.552  1623  1685 I USBService: send udp to check mobileagent state.
03-27 16:33:38.555  1623  1688 I ===Mrcp===: sending cmd:276
03-27 16:33:38.558  1623  1713 I USBService: command is : [277] 
03-27 16:33:38.558  1623  1713 I USBService: res:-131070 res2:2 opt:-2
03-27 16:33:38.558  1623  1713 I USBService: 	 mobileagent state:-2. 
03-27 16:33:38.559  1623  1685 I USBService: get mobileagent state 1 and current mobileagent state 1 and usb state of connection false
03-27 16:33:38.612  2682  2693 I art     : Background partial concurrent mark sweep GC freed 328549(10MB) AllocSpace objects, 37(11MB) LOS objects, 33% free, 32MB/48MB, paused 3.244ms total 150.282ms
03-27 16:33:39.147   245  2894 D CameraHal: debugShowFPS(622): Camera 10944 Frames, 29.781 FPS
03-27 16:33:39.246  2682  2693 I art     : Background partial concurrent mark sweep GC freed 335643(10MB) AllocSpace objects, 44(14MB) LOS objects, 34% free, 30MB/46MB, paused 2.193ms total 124.866ms
03-27 16:33:39.559  2682  2693 I art     : Background sticky concurrent mark sweep GC freed 357418(11MB) AllocSpace objects, 32(8MB) LOS objects, 29% free, 32MB/46MB, paused 1.911ms total 109.030ms
03-27 16:33:39.863  2682  2693 I art     : Background partial concurrent mark sweep GC freed 332667(10MB) AllocSpace objects, 41(12MB) LOS objects, 34% free, 30MB/46MB, paused 1.777ms total 128.944ms
03-27 16:33:40.217   245  2894 D CameraHal: debugShowFPS(622): Camera 10976 Frames, 29.881 FPS
03-27 16:33:40.484  2682  2693 I art     : Background partial concurrent mark sweep GC freed 323203(10MB) AllocSpace objects, 42(13MB) LOS objects, 34% free, 30MB/46MB, paused 2.450ms total 126.010ms
03-27 16:33:40.812  2682  2693 I art     : Background sticky concurrent mark sweep GC freed 406959(12MB) AllocSpace objects, 36(7MB) LOS objects, 27% free, 33MB/46MB, paused 2.892ms total 116.258ms
03-27 16:33:40.863  1623  1682 I ===DaemonService===: ############## Rotation : 0
03-27 16:33:40.864  1623  1682 I ===DaemonService===: ScreenOrientationThread:0 screentOrientation:0
03-27 16:33:40.865  1623  1683 I ===APKProtocolTransmit===: Ready send su-cmd:275
03-27 16:33:40.866  1623  1683 I ===APKProtocolTransmit===: Start send su-cmd:275 length[14]
03-27 16:33:40.866  1623  1683 I ===APKProtocolTransmit===: Will write content:the C socket has not been connected,so dicard the send command:[275]
03-27 16:33:40.869  1623  1683 I ===APKProtocolTransmit===: End send sb-cmd:275
03-27 16:33:41.121  2682  2693 I art     : Background partial concurrent mark sweep GC freed 322128(10MB) AllocSpace objects, 40(12MB) LOS objects, 33% free, 32MB/48MB, paused 2.936ms total 138.096ms
03-27 16:33:41.288   245  2894 D CameraHal: debugShowFPS(622): Camera 11008 Frames, 29.893 FPS
03-27 16:33:41.559  1623  1685 I USBService: send udp to check mobileagent state.
03-27 16:33:41.560  1623  1686 I ===Mrcp===: sending cmd:276
03-27 16:33:41.561  1623  1872 I USBService: command is : [277] 
03-27 16:33:41.562  1623  1872 I USBService: res:-131070 res2:2 opt:-2
03-27 16:33:41.562  1623  1872 I USBService: 	 mobileagent state:-2. 
03-27 16:33:41.562  1623  1685 I USBService: get mobileagent state 1 and current mobileagent state 1 and usb state of connection false
03-27 16:33:41.803  2682  2693 I art     : Background partial concurrent mark sweep GC freed 341085(10MB) AllocSpace objects, 44(14MB) LOS objects, 33% free, 32MB/48MB, paused 2.509ms total 159.585ms
03-27 16:33:42.126  2682  2693 I art     : Background sticky concurrent mark sweep GC freed 346295(10MB) AllocSpace objects, 34(10MB) LOS objects, 30% free, 33MB/48MB, paused 3.088ms total 112.583ms
03-27 16:33:42.360   245  2894 D CameraHal: debugShowFPS(622): Camera 11040 Frames, 29.848 FPS
03-27 16:33:42.470  2682  2693 I art     : Background partial concurrent mark sweep GC freed 365076(11MB) AllocSpace objects, 44(14MB) LOS objects, 35% free, 28MB/44MB, paused 3.631ms total 126.005ms
03-27 16:33:43.072  2682  2693 I art     : Background partial concurrent mark sweep GC freed 300867(9MB) AllocSpace objects, 40(12MB) LOS objects, 35% free, 28MB/44MB, paused 2.360ms total 119.517ms
03-27 16:33:43.389  2682  2693 I art     : Background sticky concurrent mark sweep GC freed 346845(10MB) AllocSpace objects, 28(6MB) LOS objects, 27% free, 32MB/44MB, paused 2.251ms total 100.016ms
03-27 16:33:43.433   245  2894 D CameraHal: debugShowFPS(622): Camera 11072 Frames, 29.826 FPS
03-27 16:33:43.619  2682  2898 E FaceView: onFail: fr failed errorCode is 81925
03-27 16:33:43.668  2682  2693 I art     : Background partial concurrent mark sweep GC freed 304367(9MB) AllocSpace objects, 38(11MB) LOS objects, 35% free, 29MB/45MB, paused 2.131ms total 107.205ms
03-27 16:33:43.866  1623  1682 I ===DaemonService===: ############## Rotation : 0
03-27 16:33:43.866  1623  1682 I ===DaemonService===: ScreenOrientationThread:0 screentOrientation:0
03-27 16:33:43.867  1623  1676 I ===APKProtocolTransmit===: Ready send su-cmd:275
03-27 16:33:43.867  1623  1676 I ===APKProtocolTransmit===: Start send su-cmd:275 length[14]
03-27 16:33:43.867  1623  1676 I ===APKProtocolTransmit===: Will write content:the C socket has not been connected,so dicard the send command:[275]
03-27 16:33:43.870  1623  1676 I ===APKProtocolTransmit===: End send sb-cmd:275
03-27 16:33:44.342  2682  2693 I art     : Background partial concurrent mark sweep GC freed 372022(11MB) AllocSpace objects, 44(11MB) LOS objects, 33% free, 32MB/48MB, paused 2.710ms total 149.097ms
03-27 16:33:44.504   245  2894 D CameraHal: debugShowFPS(622): Camera 11104 Frames, 29.867 FPS
03-27 16:33:44.563  1623  1685 I USBService: send udp to check mobileagent state.
03-27 16:33:44.567  1623  1687 I ===Mrcp===: sending cmd:276
03-27 16:33:44.569  1623  1873 I USBService: command is : [277] 
03-27 16:33:44.569  1623  1873 I USBService: res:-131070 res2:2 opt:-2
03-27 16:33:44.569  1623  1873 I USBService: 	 mobileagent state:-2. 
03-27 16:33:44.570  1623  1685 I USBService: get mobileagent state 1 and current mobileagent state 1 and usb state of connection false
03-27 16:33:44.681  2682  2693 I art     : Background sticky concurrent mark sweep GC freed 391828(12MB) AllocSpace objects, 35(9MB) LOS objects, 33% free, 32MB/48MB, paused 4.532ms total 113.483ms
03-27 16:33:45.043  2682  2693 I art     : Background partial concurrent mark sweep GC freed 360244(11MB) AllocSpace objects, 42(13MB) LOS objects, 34% free, 30MB/46MB, paused 3.629ms total 138.065ms
03-27 16:33:45.368  2682  2693 I art     : Background sticky concurrent mark sweep GC freed 316828(9MB) AllocSpace objects, 33(11MB) LOS objects, 34% free, 30MB/46MB, paused 2.710ms total 101.210ms
03-27 16:33:45.576   245  2894 D CameraHal: debugShowFPS(622): Camera 11136 Frames, 29.847 FPS
03-27 16:33:45.710  2682  2693 I art     : Background partial concurrent mark sweep GC freed 340412(10MB) AllocSpace objects, 41(12MB) LOS objects, 33% free, 31MB/47MB, paused 2.202ms total 146.190ms
03-27 16:33:46.054  2682  2693 I art     : Background sticky concurrent mark sweep GC freed 371439(11MB) AllocSpace objects, 34(10MB) LOS objects, 32% free, 32MB/47MB, paused 1.402ms total 117.393ms
03-27 16:33:46.399  2682  2693 I art     : Background partial concurrent mark sweep GC freed 360992(11MB) AllocSpace objects, 45(13MB) LOS objects, 33% free, 31MB/47MB, paused 8.340ms total 159.907ms
03-27 16:33:46.652   245  2894 D CameraHal: debugShowFPS(622): Camera 11168 Frames, 29.745 FPS
03-27 16:33:46.717  2682  2693 I art     : Background sticky concurrent mark sweep GC freed 364683(11MB) AllocSpace objects, 34(11MB) LOS objects, 32% free, 31MB/47MB, paused 2.818ms total 111.261ms
03-27 16:33:46.873  1623  1682 I ===DaemonService===: ############## Rotation : 0
03-27 16:33:46.873  1623  1682 I ===DaemonService===: ScreenOrientationThread:0 screentOrientation:0
03-27 16:33:46.877  1623  1688 I ===APKProtocolTransmit===: Ready send su-cmd:275
03-27 16:33:46.877  1623  1688 I ===APKProtocolTransmit===: Start send su-cmd:275 length[14]
03-27 16:33:46.877  1623  1688 I ===APKProtocolTransmit===: Will write content:the C socket has not been connected,so dicard the send command:[275]
03-27 16:33:46.882  1623  1688 I ===APKProtocolTransmit===: End send sb-cmd:275
03-27 16:33:47.072  2682  2693 I art     : Background partial concurrent mark sweep GC freed 394449(12MB) AllocSpace objects, 46(11MB) LOS objects, 32% free, 32MB/48MB, paused 988us total 156.091ms
03-27 16:33:47.376  2682  2693 I art     : Background sticky concurrent mark sweep GC freed 332360(10MB) AllocSpace objects, 32(10MB) LOS objects, 33% free, 32MB/48MB, paused 4.634ms total 100.625ms
03-27 16:33:47.570  1623  1685 I USBService: send udp to check mobileagent state.
03-27 16:33:47.571  1623  1683 I ===Mrcp===: sending cmd:276
03-27 16:33:47.572  1623  1713 I USBService: command is : [277] 
03-27 16:33:47.572  1623  1713 I USBService: res:-131070 res2:2 opt:-2
03-27 16:33:47.572  1623  1713 I USBService: 	 mobileagent state:-2. 
03-27 16:33:47.572  1623  1685 I USBService: get mobileagent state 1 and current mobileagent state 1 and usb state of connection false
03-27 16:33:47.720  2682  2693 I art     : Background partial concurrent mark sweep GC freed 371337(11MB) AllocSpace objects, 45(13MB) LOS objects, 32% free, 32MB/48MB, paused 3.122ms total 149.381ms
03-27 16:33:47.725   245  2894 D CameraHal: debugShowFPS(622): Camera 11200 Frames, 29.837 FPS
03-27 16:33:48.385  2682  2693 I art     : Background partial concurrent mark sweep GC freed 365981(11MB) AllocSpace objects, 44(13MB) LOS objects, 33% free, 31MB/47MB, paused 1.554ms total 137.915ms
03-27 16:33:48.796   245  2894 D CameraHal: debugShowFPS(622): Camera 11232 Frames, 29.866 FPS
03-27 16:33:49.028  2682  2693 I art     : Background partial concurrent mark sweep GC freed 347190(11MB) AllocSpace objects, 44(14MB) LOS objects, 33% free, 31MB/47MB, paused 5.363ms total 143.007ms
03-27 16:33:49.343  2682  2693 I art     : Background sticky concurrent mark sweep GC freed 363186(11MB) AllocSpace objects, 36(10MB) LOS objects, 32% free, 32MB/47MB, paused 3.257ms total 107.042ms
03-27 16:33:49.705  2682  2693 I art     : Background partial concurrent mark sweep GC freed 350254(11MB) AllocSpace objects, 43(14MB) LOS objects, 34% free, 30MB/46MB, paused 1.747ms total 145.571ms
03-27 16:33:49.868   245  2894 D CameraHal: debugShowFPS(622): Camera 11264 Frames, 29.849 FPS
03-27 16:33:49.879  1623  1682 I ===DaemonService===: ############## Rotation : 0
03-27 16:33:49.879  1623  1682 I ===DaemonService===: ScreenOrientationThread:0 screentOrientation:0
03-27 16:33:49.880  1623  1686 I ===APKProtocolTransmit===: Ready send su-cmd:275
03-27 16:33:49.880  1623  1686 I ===APKProtocolTransmit===: Start send su-cmd:275 length[14]
03-27 16:33:49.880  1623  1686 I ===APKProtocolTransmit===: Will write content:the C socket has not been connected,so dicard the send command:[275]
