--------- beginning of main
03-27 16:32:07.959  2682  2693 I art     : Background partial concurrent mark sweep GC freed 372771(11MB) AllocSpace objects, 44(14MB) LOS objects, 32% free, 33MB/49MB, paused 744us total 158.970ms
03-27 16:32:07.977   245  2894 D CameraHal: debugShowFPS(622): Camera 8224 Frames, 29.833 FPS
03-27 16:32:08.309  2682  2693 I art     : Background sticky concurrent mark sweep GC freed 451744(14MB) AllocSpace objects, 39(9MB) LOS objects, 26% free, 36MB/49MB, paused 2.911ms total 141.099ms
03-27 16:32:08.359  1623  1685 I USBService: send udp to check mobileagent state.
03-27 16:32:08.360  1623  1688 I ===Mrcp===: sending cmd:276
03-27 16:32:08.361  1623  1713 I USBService: command is : [277] 
03-27 16:32:08.361  1623  1713 I USBService: res:-131070 res2:2 opt:-2
03-27 16:32:08.361  1623  1713 I USBService: 	 mobileagent state:-2. 
03-27 16:32:08.362  1623  1685 I USBService: get mobileagent state 1 and current mobileagent state 1 and usb state of connection false
03-27 16:32:08.650  2682  2693 I art     : Background partial concurrent mark sweep GC freed 373685(12MB) AllocSpace objects, 45(14MB) LOS objects, 34% free, 31MB/47MB, paused 2.221ms total 146.329ms
03-27 16:32:08.992  2682  2693 I art     : Background sticky concurrent mark sweep GC freed 389205(12MB) AllocSpace objects, 34(10MB) LOS objects, 32% free, 31MB/47MB, paused 2.436ms total 120.138ms
03-27 16:32:09.048   245  2894 D CameraHal: debugShowFPS(622): Camera 8256 Frames, 29.865 FPS
03-27 16:32:09.362  2682  2693 I art     : Background partial concurrent mark sweep GC freed 428394(13MB) AllocSpace objects, 45(10MB) LOS objects, 31% free, 34MB/50MB, paused 2.424ms total 167.899ms
03-27 16:32:09.687  2682  2693 I art     : Background sticky concurrent mark sweep GC freed 430419(13MB) AllocSpace objects, 38(10MB) LOS objects, 32% free, 33MB/49MB, paused 1.471ms total 115.319ms
03-27 16:32:10.018  2682  2693 I art     : Background partial concurrent mark sweep GC freed 374085(12MB) AllocSpace objects, 47(13MB) LOS objects, 33% free, 32MB/48MB, paused 2.730ms total 139.430ms
03-27 16:32:10.120   245  2894 D CameraHal: debugShowFPS(622): Camera 8288 Frames, 29.857 FPS
03-27 16:32:10.334  2682  2693 I art     : Background sticky concurrent mark sweep GC freed 354663(11MB) AllocSpace objects, 33(10MB) LOS objects, 30% free, 33MB/48MB, paused 3.640ms total 109.024ms
03-27 16:32:10.531  1623  1682 I ===DaemonService===: ############## Rotation : 0
03-27 16:32:10.532  1623  1682 I ===DaemonService===: ScreenOrientationThread:0 screentOrientation:0
03-27 16:32:10.533  1623  1683 I ===APKProtocolTransmit===: Ready send su-cmd:275
03-27 16:32:10.533  1623  1683 I ===APKProtocolTransmit===: Start send su-cmd:275 length[14]
03-27 16:32:10.534  1623  1683 I ===APKProtocolTransmit===: Will write content:the C socket has not been connected,so dicard the send command:[275]
03-27 16:32:10.539  1623  1683 I ===APKProtocolTransmit===: End send sb-cmd:275
03-27 16:32:10.703  2682  2693 I art     : Background partial concurrent mark sweep GC freed 380480(12MB) AllocSpace objects, 43(13MB) LOS objects, 32% free, 32MB/48MB, paused 1.948ms total 181.892ms
03-27 16:32:11.015  2682  2693 I art     : Background sticky concurrent mark sweep GC freed 368975(11MB) AllocSpace objects, 33(8MB) LOS objects, 30% free, 33MB/48MB, paused 6.616ms total 99.950ms
03-27 16:32:11.192   245  2894 D CameraHal: debugShowFPS(622): Camera 8320 Frames, 29.843 FPS
03-27 16:32:11.340  2682  2693 I art     : Background partial concurrent mark sweep GC freed 340710(10MB) AllocSpace objects, 43(14MB) LOS objects, 33% free, 31MB/47MB, paused 3.872ms total 151.651ms
03-27 16:32:11.362  1623  1685 I USBService: send udp to check mobileagent state.
03-27 16:32:11.363  1623  1686 I ===Mrcp===: sending cmd:276
03-27 16:32:11.365  1623  1872 I USBService: command is : [277] 
03-27 16:32:11.365  1623  1872 I USBService: res:-131070 res2:2 opt:-2
03-27 16:32:11.365  1623  1872 I USBService: 	 mobileagent state:-2. 
03-27 16:32:11.365  1623  1685 I USBService: get mobileagent state 1 and current mobileagent state 1 and usb state of connection false
03-27 16:32:11.654  2682  2693 I art     : Background sticky concurrent mark sweep GC freed 337212(10MB) AllocSpace objects, 31(9MB) LOS objects, 30% free, 33MB/47MB, paused 2.409ms total 104.436ms
03-27 16:32:11.978  2682  2693 I art     : Background partial concurrent mark sweep GC freed 384580(12MB) AllocSpace objects, 45(13MB) LOS objects, 35% free, 28MB/44MB, paused 2.538ms total 121.606ms
03-27 16:32:12.268   245  2894 D CameraHal: debugShowFPS(622): Camera 8352 Frames, 29.748 FPS
03-27 16:32:12.539  2682  2693 I art     : Background partial concurrent mark sweep GC freed 327731(10MB) AllocSpace objects, 39(10MB) LOS objects, 33% free, 31MB/47MB, paused 5.361ms total 119.036ms
03-27 16:32:13.197  2682  2693 I art     : Background partial concurrent mark sweep GC freed 375022(11MB) AllocSpace objects, 44(13MB) LOS objects, 32% free, 33MB/49MB, paused 2.140ms total 164.288ms
03-27 16:32:13.340   245  2894 D CameraHal: debugShowFPS(622): Camera 8384 Frames, 29.857 FPS
03-27 16:32:13.508  2682  2693 I art     : Background sticky concurrent mark sweep GC freed 371483(11MB) AllocSpace objects, 34(10MB) LOS objects, 31% free, 33MB/49MB, paused 3.863ms total 105.877ms
03-27 16:32:13.548  1623  1682 I ===DaemonService===: ############## Rotation : 0
03-27 16:32:13.552  1623  1682 I ===DaemonService===: ScreenOrientationThread:0 screentOrientation:0
03-27 16:32:13.565  1623  1676 I ===APKProtocolTransmit===: Ready send su-cmd:275
03-27 16:32:13.565  1623  1676 I ===APKProtocolTransmit===: Start send su-cmd:275 length[14]
03-27 16:32:13.565  1623  1676 I ===APKProtocolTransmit===: Will write content:the C socket has not been connected,so dicard the send command:[275]
03-27 16:32:13.567  1623  1676 I ===APKProtocolTransmit===: End send sb-cmd:275
03-27 16:32:13.850  2682  2693 I art     : Background partial concurrent mark sweep GC freed 367367(11MB) AllocSpace objects, 44(14MB) LOS objects, 33% free, 31MB/47MB, paused 2.871ms total 137.561ms
03-27 16:32:14.158  2682  2693 I art     : Background sticky concurrent mark sweep GC freed 343107(11MB) AllocSpace objects, 31(10MB) LOS objects, 29% free, 33MB/47MB, paused 3.947ms total 115.429ms
03-27 16:32:14.366  1623  1685 I USBService: send udp to check mobileagent state.
03-27 16:32:14.369  1623  1687 I ===Mrcp===: sending cmd:276
03-27 16:32:14.369  1623  1873 I USBService: command is : [277] 
03-27 16:32:14.369  1623  1873 I USBService: res:-131070 res2:2 opt:-2
03-27 16:32:14.369  1623  1873 I USBService: 	 mobileagent state:-2. 
03-27 16:32:14.371  1623  1685 I USBService: get mobileagent state 1 and current mobileagent state 1 and usb state of connection false
03-27 16:32:14.413   245  2894 D CameraHal: debugShowFPS(622): Camera 8416 Frames, 29.822 FPS
03-27 16:32:14.507  2682  2693 I art     : Background partial concurrent mark sweep GC freed 403983(12MB) AllocSpace objects, 46(12MB) LOS objects, 31% free, 34MB/50MB, paused 5.511ms total 173.401ms
03-27 16:32:15.188  2682  2693 I art     : Background partial concurrent mark sweep GC freed 407221(13MB) AllocSpace objects, 47(11MB) LOS objects, 33% free, 32MB/48MB, paused 1.717ms total 151.310ms
03-27 16:32:15.479  2682  2693 I art     : Background sticky concurrent mark sweep GC freed 374681(11MB) AllocSpace objects, 34(7MB) LOS objects, 30% free, 33MB/48MB, paused 3.358ms total 102.715ms
03-27 16:32:15.484   245  2894 D CameraHal: debugShowFPS(622): Camera 8448 Frames, 29.869 FPS
03-27 16:32:15.817  2682  2693 I art     : Background partial concurrent mark sweep GC freed 372806(11MB) AllocSpace objects, 42(14MB) LOS objects, 34% free, 30MB/46MB, paused 1.574ms total 143.564ms
03-27 16:32:16.139  2682  2693 I art     : Background sticky concurrent mark sweep GC freed 378425(11MB) AllocSpace objects, 34(7MB) LOS objects, 29% free, 32MB/46MB, paused 4.845ms total 102.950ms
03-27 16:32:16.467  2682  2693 I art     : Background partial concurrent mark sweep GC freed 397636(12MB) AllocSpace objects, 42(12MB) LOS objects, 33% free, 31MB/47MB, paused 3.688ms total 147.378ms
03-27 16:32:16.556   245  2894 D CameraHal: debugShowFPS(622): Camera 8480 Frames, 29.852 FPS
03-27 16:32:16.575  1623  1682 I ===DaemonService===: ############## Rotation : 0
03-27 16:32:16.577  1623  1682 I ===DaemonService===: ScreenOrientationThread:0 screentOrientation:0
03-27 16:32:16.579  1623  1688 I ===APKProtocolTransmit===: Ready send su-cmd:275
03-27 16:32:16.580  1623  1688 I ===APKProtocolTransmit===: Start send su-cmd:275 length[14]
03-27 16:32:16.581  1623  1688 I ===APKProtocolTransmit===: Will write content:the C socket has not been connected,so dicard the send command:[275]
03-27 16:32:16.590  1623  1688 I ===APKProtocolTransmit===: End send sb-cmd:275
03-27 16:32:17.103  2682  2693 I art     : Background partial concurrent mark sweep GC freed 323967(10MB) AllocSpace objects, 43(13MB) LOS objects, 33% free, 31MB/47MB, paused 3.121ms total 125.299ms
03-27 16:32:17.372  1623  1685 I USBService: send udp to check mobileagent state.
03-27 16:32:17.379  1623  1683 I ===Mrcp===: sending cmd:276
03-27 16:32:17.381  1623  1713 I USBService: command is : [277] 
03-27 16:32:17.381  1623  1713 I USBService: res:-131070 res2:2 opt:-2
03-27 16:32:17.381  1623  1713 I USBService: 	 mobileagent state:-2. 
03-27 16:32:17.382  1623  1685 I USBService: get mobileagent state 1 and current mobileagent state 1 and usb state of connection false
03-27 16:32:17.630   245  2894 D CameraHal: debugShowFPS(622): Camera 8512 Frames, 29.806 FPS
03-27 16:32:17.724  2682  2693 I art     : Background partial concurrent mark sweep GC freed 333445(10MB) AllocSpace objects, 41(13MB) LOS objects, 34% free, 30MB/46MB, paused 1.903ms total 129.828ms
03-27 16:32:18.063  2682  2693 I art     : Background sticky concurrent mark sweep GC freed 382922(12MB) AllocSpace objects, 32(7MB) LOS objects, 28% free, 33MB/46MB, paused 2.275ms total 108.007ms
03-27 16:32:18.350  2682  2693 I art     : Background partial concurrent mark sweep GC freed 303684(9MB) AllocSpace objects, 40(13MB) LOS objects, 35% free, 28MB/44MB, paused 2.321ms total 118.877ms
03-27 16:32:18.700   245  2894 D CameraHal: debugShowFPS(622): Camera 8544 Frames, 29.891 FPS
03-27 16:32:18.982  2682  2693 I art     : Background partial concurrent mark sweep GC freed 375785(11MB) AllocSpace objects, 42(11MB) LOS objects, 33% free, 31MB/47MB, paused 2.358ms total 153.385ms
03-27 16:32:19.336  2682  2693 I art     : Background sticky concurrent mark sweep GC freed 340366(10MB) AllocSpace objects, 31(10MB) LOS objects, 27% free, 34MB/47MB, paused 1.707ms total 110.889ms
03-27 16:32:19.593  1623  1682 I ===DaemonService===: ############## Rotation : 0
03-27 16:32:19.594  1623  1682 I ===DaemonService===: ScreenOrientationThread:0 screentOrientation:0
03-27 16:32:19.596  1623  1686 I ===APKProtocolTransmit===: Ready send su-cmd:275
03-27 16:32:19.597  1623  1686 I ===APKProtocolTransmit===: Start send su-cmd:275 length[14]
03-27 16:32:19.597  1623  1686 I ===APKProtocolTransmit===: Will write content:the C socket has not been connected,so dicard the send command:[275]
03-27 16:32:19.606  1623  1686 I ===APKProtocolTransmit===: End send sb-cmd:275
03-27 16:32:19.679  2682  2693 I art     : Background partial concurrent mark sweep GC freed 346142(11MB) AllocSpace objects, 42(14MB) LOS objects, 33% free, 31MB/47MB, paused 2.326ms total 153.968ms
03-27 16:32:19.776   245  2894 D CameraHal: debugShowFPS(622): Camera 8576 Frames, 29.755 FPS
03-27 16:32:19.969  2682  2682 D SyncManager: 获取公司信息
03-27 16:32:19.969  2682  2682 D SyncManager: 地址：http://47.105.80.245:8080/api/company/getcompany.html
03-27 16:32:19.970  2682  2682 D SyncManager: 参数：00000000-385c-5a58-0000-000000dd4a18
03-27 16:32:20.007  2682  2693 I art     : Background sticky concurrent mark sweep GC freed 384594(12MB) AllocSpace objects, 38(10MB) LOS objects, 29% free, 33MB/47MB, paused 4.169ms total 127.281ms
03-27 16:32:20.154  2682  2682 D SyncManager: {"message":"该设备未绑定公司","status":4,"company":{}}
03-27 16:32:20.157  2682  2682 D SyncManager: 重新获取公司信息
03-27 16:32:20.384  1623  1685 I USBService: send udp to check mobileagent state.
03-27 16:32:20.387  1623  1676 I ===Mrcp===: sending cmd:276
03-27 16:32:20.395  2682  2693 I art     : Background partial concurrent mark sweep GC freed 412511(13MB) AllocSpace objects, 46(12MB) LOS objects, 31% free, 34MB/50MB, paused 3.088ms total 196.974ms
03-27 16:32:20.396  1623  1872 I USBService: command is : [277] 
03-27 16:32:20.397  1623  1872 I USBService: res:-131070 res2:2 opt:-2
03-27 16:32:20.397  1623  1872 I USBService: 	 mobileagent state:-2. 
03-27 16:32:20.397  1623  1685 I USBService: get mobileagent state 1 and current mobileagent state 1 and usb state of connection false
03-27 16:32:20.700  2682  2693 I art     : Background sticky concurrent mark sweep GC freed 396063(12MB) AllocSpace objects, 38(11MB) LOS objects, 33% free, 31MB/47MB, paused 2.838ms total 100.976ms
03-27 16:32:20.848   245  2894 D CameraHal: debugShowFPS(622): Camera 8608 Frames, 29.849 FPS
03-27 16:32:21.019  2682  2693 I art     : Background partial concurrent mark sweep GC freed 326846(10MB) AllocSpace objects, 38(13MB) LOS objects, 34% free, 30MB/46MB, paused 2.704ms total 118.550ms
03-27 16:32:21.652  2682  2693 I art     : Background partial concurrent mark sweep GC freed 366370(11MB) AllocSpace objects, 42(10MB) LOS objects, 33% free, 31MB/47MB, paused 1.791ms total 139.889ms
03-27 16:32:21.920   245  2894 D CameraHal: debugShowFPS(622): Camera 8640 Frames, 29.844 FPS
03-27 16:32:21.985  2682  2693 I art     : Background sticky concurrent mark sweep GC freed 362414(11MB) AllocSpace objects, 32(7MB) LOS objects, 28% free, 33MB/47MB, paused 1.678ms total 108.946ms
03-27 16:32:22.295  2682  2693 I art     : Background partial concurrent mark sweep GC freed 367896(11MB) AllocSpace objects, 42(13MB) LOS objects, 34% free, 30MB/46MB, paused 3.702ms total 134.221ms
03-27 16:32:22.596  2682  2693 I art     : Background sticky concurrent mark sweep GC freed 374664(12MB) AllocSpace objects, 34(9MB) LOS objects, 27% free, 33MB/46MB, paused 2.740ms total 114.850ms
03-27 16:32:22.607  1623  1682 I ===DaemonService===: ############## Rotation : 0
03-27 16:32:22.607  1623  1682 I ===DaemonService===: ScreenOrientationThread:0 screentOrientation:0
03-27 16:32:22.608  1623  1687 I ===APKProtocolTransmit===: Ready send su-cmd:275
03-27 16:32:22.608  1623  1687 I ===APKProtocolTransmit===: Start send su-cmd:275 length[14]
03-27 16:32:22.608  1623  1687 I ===APKProtocolTransmit===: Will write content:the C socket has not been connected,so dicard the send command:[275]
03-27 16:32:22.611  1623  1687 I ===APKProtocolTransmit===: End send sb-cmd:275
03-27 16:32:22.900  2682  2693 I art     : Background partial concurrent mark sweep GC freed 367479(11MB) AllocSpace objects, 41(12MB) LOS objects, 33% free, 32MB/48MB, paused 2.554ms total 148.370ms
03-27 16:32:22.992   245  2894 D CameraHal: debugShowFPS(622): Camera 8672 Frames, 29.849 FPS
03-27 16:32:23.207  2682  2693 I art     : Background sticky concurrent mark sweep GC freed 353796(11MB) AllocSpace objects, 32(10MB) LOS objects, 31% free, 32MB/48MB, paused 1.597ms total 103.704ms
03-27 16:32:23.398  1623  1685 I USBService: send udp to check mobileagent state.
03-27 16:32:23.399  1623  1688 I ===Mrcp===: sending cmd:276
03-27 16:32:23.402  1623  1873 I USBService: command is : [277] 
03-27 16:32:23.402  1623  1873 I USBService: res:-131070 res2:2 opt:-2
03-27 16:32:23.402  1623  1873 I USBService: 	 mobileagent state:-2. 
03-27 16:32:23.403  1623  1685 I USBService: get mobileagent state 1 and current mobileagent state 1 and usb state of connection false
03-27 16:32:23.565  2682  2693 I art     : Background partial concurrent mark sweep GC freed 362223(11MB) AllocSpace objects, 45(14MB) LOS objects, 33% free, 32MB/48MB, paused 2.400ms total 156.967ms
03-27 16:32:23.898  2682  2693 I art     : Background sticky concurrent mark sweep GC freed 387289(12MB) AllocSpace objects, 37(10MB) LOS objects, 33% free, 31MB/47MB, paused 2.774ms total 112.746ms
03-27 16:32:24.064   245  2894 D CameraHal: debugShowFPS(622): Camera 8704 Frames, 29.852 FPS
03-27 16:32:24.252  2682  2693 I art     : Background partial concurrent mark sweep GC freed 369059(11MB) AllocSpace objects, 41(12MB) LOS objects, 33% free, 31MB/47MB, paused 3.528ms total 144.703ms
03-27 16:32:24.875  2682  2693 I art     : Background partial concurrent mark sweep GC freed 383670(12MB) AllocSpace objects, 41(10MB) LOS objects, 34% free, 30MB/46MB, paused 2.187ms total 143.013ms
03-27 16:32:25.136   245  2894 D CameraHal: debugShowFPS(622): Camera 8736 Frames, 29.849 FPS
03-27 16:32:25.174  2682  2693 I art     : Background sticky concurrent mark sweep GC freed 351856(11MB) AllocSpace objects, 31(7MB) LOS objects, 26% free, 34MB/46MB, paused 658us total 108.717ms
03-27 16:32:25.457  2682  2693 I art     : Background partial concurrent mark sweep GC freed 314806(10MB) AllocSpace objects, 39(12MB) LOS objects, 34% free, 30MB/46MB, paused 2.083ms total 130.199ms
03-27 16:32:25.610  1623  1682 I ===DaemonService===: ############## Rotation : 0
03-27 16:32:25.611  1623  1682 I ===DaemonService===: ScreenOrientationThread:0 screentOrientation:0
03-27 16:32:25.612  1623  1683 I ===APKProtocolTransmit===: Ready send su-cmd:275
03-27 16:32:25.612  1623  1683 I ===APKProtocolTransmit===: Start send su-cmd:275 length[14]
03-27 16:32:25.612  1623  1683 I ===APKProtocolTransmit===: Will write content:the C socket has not been connected,so dicard the send command:[275]
03-27 16:32:25.618  1623  1683 I ===APKProtocolTransmit===: End send sb-cmd:275
03-27 16:32:25.745  2682  2693 I art     : Background sticky concurrent mark sweep GC freed 324942(10MB) AllocSpace objects, 30(9MB) LOS objects, 30% free, 32MB/46MB, paused 2.264ms total 105.481ms
03-27 16:32:26.039  2682  2693 I art     : Background partial concurrent mark sweep GC freed 326775(10MB) AllocSpace objects, 41(12MB) LOS objects, 34% free, 30MB/46MB, paused 2.520ms total 107.369ms
03-27 16:32:26.208   245  2894 D CameraHal: debugShowFPS(622): Camera 8768 Frames, 29.852 FPS
03-27 16:32:26.404  1623  1685 I USBService: send udp to check mobileagent state.
03-27 16:32:26.409  1623  1713 I USBService: command is : [277] 
03-27 16:32:26.409  1623  1713 I USBService: res:-131070 res2:2 opt:-2
03-27 16:32:26.409  1623  1713 I USBService: 	 mobileagent state:-2. 
03-27 16:32:26.411  1623  1685 I USBService: get mobileagent state 1 and current mobileagent state 1 and usb state of connection false
03-27 16:32:26.412  1623  1686 I ===Mrcp===: sending cmd:276
03-27 16:32:26.679  2682  2693 I art     : Background partial concurrent mark sweep GC freed 343968(11MB) AllocSpace objects, 38(12MB) LOS objects, 33% free, 32MB/48MB, paused 2.279ms total 143.957ms
03-27 16:32:27.015  2682  2693 I art     : Background sticky concurrent mark sweep GC freed 379347(11MB) AllocSpace objects, 34(10MB) LOS objects, 30% free, 33MB/48MB, paused 3.250ms total 110.878ms
03-27 16:32:27.284   245  2894 D CameraHal: debugShowFPS(622): Camera 8800 Frames, 29.748 FPS
03-27 16:32:27.325  2682  2693 I art     : Background partial concurrent mark sweep GC freed 392014(12MB) AllocSpace objects, 46(12MB) LOS objects, 34% free, 30MB/46MB, paused 2.820ms total 133.982ms
03-27 16:32:27.953  2682  2693 I art     : Background partial concurrent mark sweep GC freed 370091(11MB) AllocSpace objects, 41(11MB) LOS objects, 32% free, 32MB/48MB, paused 1.643ms total 138.928ms
03-27 16:32:28.254  2682  2693 I art     : Background sticky concurrent mark sweep GC freed 362570(11MB) AllocSpace objects, 33(8MB) LOS objects, 28% free, 34MB/48MB, paused 1.015ms total 102.444ms
03-27 16:32:28.356   245  2894 D CameraHal: debugShowFPS(622): Camera 8832 Frames, 29.837 FPS
03-27 16:32:28.588  2682  2693 I art     : Background partial concurrent mark sweep GC freed 379215(12MB) AllocSpace objects, 44(13MB) LOS objects, 32% free, 33MB/49MB, paused 1.092ms total 157.331ms
03-27 16:32:28.615  1623  1682 I ===DaemonService===: ############## Rotation : 0
03-27 16:32:28.615  1623  1682 I ===DaemonService===: ScreenOrientationThread:0 screentOrientation:0
03-27 16:32:28.617  1623  1676 I ===APKProtocolTransmit===: Ready send su-cmd:275
03-27 16:32:28.617  1623  1676 I ===APKProtocolTransmit===: Start send su-cmd:275 length[14]
03-27 16:32:28.618  1623  1676 I ===APKProtocolTransmit===: Will write content:the C socket has not been connected,so dicard the send command:[275]
03-27 16:32:28.623  1623  1676 I ===APKProtocolTransmit===: End send sb-cmd:275
03-27 16:32:28.917  2682  2693 I art     : Background sticky concurrent mark sweep GC freed 352445(11MB) AllocSpace objects, 32(10MB) LOS objects, 28% free, 35MB/49MB, paused 749us total 100.450ms
03-27 16:32:29.279  2682  2693 I art     : Background partial concurrent mark sweep GC freed 354337(11MB) AllocSpace objects, 46(16MB) LOS objects, 33% free, 31MB/47MB, paused 2.748ms total 156.477ms
03-27 16:32:29.405  2682  2925 I PacketWriter: 心跳 
03-27 16:32:29.412  1623  1685 I USBService: send udp to check mobileagent state.
03-27 16:32:29.414  1623  1687 I ===Mrcp===: sending cmd:276
03-27 16:32:29.416  1623  1872 I USBService: command is : [277] 
03-27 16:32:29.416  1623  1872 I USBService: res:-131070 res2:2 opt:-2
03-27 16:32:29.416  1623  1872 I USBService: 	 mobileagent state:-2. 
03-27 16:32:29.417  1623  1685 I USBService: get mobileagent state 1 and current mobileagent state 1 and usb state of connection false
03-27 16:32:29.428   245  2894 D CameraHal: debugShowFPS(622): Camera 8864 Frames, 29.864 FPS
03-27 16:32:29.601  2682  2693 I art     : Background sticky concurrent mark sweep GC freed 368283(11MB) AllocSpace objects, 32(10MB) LOS objects, 28% free, 34MB/47MB, paused 1.290ms total 131.005ms
03-27 16:32:29.912  2682  2693 I art     : Background partial concurrent mark sweep GC freed 322924(10MB) AllocSpace objects, 42(14MB) LOS objects, 35% free, 29MB/45MB, paused 1.656ms total 123.233ms
03-27 16:32:30.223  2682  2693 I art     : Background sticky concurrent mark sweep GC freed 344863(10MB) AllocSpace objects, 32(8MB) LOS objects, 31% free, 31MB/45MB, paused 2.131ms total 101.704ms
03-27 16:32:30.501   245  2894 D CameraHal: debugShowFPS(622): Camera 8896 Frames, 29.830 FPS
03-27 16:32:30.558  2682  2693 I art     : Background partial concurrent mark sweep GC freed 349247(11MB) AllocSpace objects, 40(11MB) LOS objects, 32% free, 33MB/49MB, paused 4.804ms total 151.075ms
03-27 16:32:30.897  2682  2693 I art     : Background sticky concurrent mark sweep GC freed 420634(13MB) AllocSpace objects, 38(9MB) LOS objects, 30% free, 34MB/49MB, paused 1.375ms total 118.621ms
03-27 16:32:31.289  2682  2693 I art     : Background partial concurrent mark sweep GC freed 431161(13MB) AllocSpace objects, 47(12MB) LOS objects, 31% free, 35MB/51MB, paused 5.290ms total 192.718ms
03-27 16:32:31.572   245  2894 D CameraHal: debugShowFPS(622): Camera 8928 Frames, 29.865 FPS
03-27 16:32:31.606  2682  2693 I art     : Background sticky concurrent mark sweep GC freed 423158(13MB) AllocSpace objects, 40(10MB) LOS objects, 31% free, 35MB/51MB, paused 2.258ms total 115.879ms
03-27 16:32:31.619  1623  1682 I ===DaemonService===: ############## Rotation : 0
03-27 16:32:31.619  1623  1682 I ===DaemonService===: ScreenOrientationThread:0 screentOrientation:0
03-27 16:32:31.621  1623  1688 I ===APKProtocolTransmit===: Ready send su-cmd:275
03-27 16:32:31.621  1623  1688 I ===APKProtocolTransmit===: Start send su-cmd:275 length[14]
03-27 16:32:31.621  1623  1688 I ===APKProtocolTransmit===: Will write content:the C socket has not been connected,so dicard the send command:[275]
03-27 16:32:31.624  1623  1688 I ===APKProtocolTransmit===: End send sb-cmd:275
03-27 16:32:32.003  2682  2693 I art     : Background partial concurrent mark sweep GC freed 405158(12MB) AllocSpace objects, 46(16MB) LOS objects, 33% free, 32MB/48MB, paused 6.392ms total 167.001ms
03-27 16:32:32.352  2682  2693 I art     : Background sticky concurrent mark sweep GC freed 388174(12MB) AllocSpace objects, 34(10MB) LOS objects, 28% free, 34MB/48MB, paused 1.696ms total 132.694ms
03-27 16:32:32.417  1623  1685 I USBService: send udp to check mobileagent state.
03-27 16:32:32.418  1623  1683 I ===Mrcp===: sending cmd:276
03-27 16:32:32.421  1623  1873 I USBService: command is : [277] 
03-27 16:32:32.422  1623  1873 I USBService: res:-131070 res2:2 opt:-2
03-27 16:32:32.422  1623  1873 I USBService: 	 mobileagent state:-2. 
03-27 16:32:32.422  1623  1685 I USBService: get mobileagent state 1 and current mobileagent state 1 and usb state of connection false
03-27 16:32:32.644   245  2894 D CameraHal: debugShowFPS(622): Camera 8960 Frames, 29.842 FPS
03-27 16:32:32.671  2682  2693 I art     : Background partial concurrent mark sweep GC freed 372998(11MB) AllocSpace objects, 45(13MB) LOS objects, 33% free, 31MB/47MB, paused 4.386ms total 140.379ms
03-27 16:32:33.006  2682  2693 I art     : Background sticky concurrent mark sweep GC freed 365538(11MB) AllocSpace objects, 35(9MB) LOS objects, 27% free, 34MB/47MB, paused 1.833ms total 118.943ms
03-27 16:32:33.341  2682  2693 I art     : Background partial concurrent mark sweep GC freed 335444(10MB) AllocSpace objects, 40(14MB) LOS objects, 33% free, 31MB/47MB, paused 3.844ms total 136.890ms
03-27 16:32:33.657  2682  2693 I art     : Background sticky concurrent mark sweep GC freed 356251(11MB) AllocSpace objects, 30(8MB) LOS objects, 30% free, 33MB/47MB, paused 5.198ms total 116.089ms
03-27 16:32:33.717   245  2894 D CameraHal: debugShowFPS(622): Camera 8992 Frames, 29.848 FPS
03-27 16:32:34.048  2682  2693 I art     : Background partial concurrent mark sweep GC freed 387645(12MB) AllocSpace objects, 48(14MB) LOS objects, 31% free, 34MB/50MB, paused 4.109ms total 182.485ms
03-27 16:32:34.367  2682  2693 I art     : Background sticky concurrent mark sweep GC freed 428874(13MB) AllocSpace objects, 38(9MB) LOS objects, 31% free, 34MB/50MB, paused 2.074ms total 127.453ms
03-27 16:32:34.623  1623  1682 I ===DaemonService===: ############## Rotation : 0
03-27 16:32:34.623  1623  1682 I ===DaemonService===: ScreenOrientationThread:0 screentOrientation:0
03-27 16:32:34.631  1623  1686 I ===APKProtocolTransmit===: Ready send su-cmd:275
03-27 16:32:34.633  1623  1686 I ===APKProtocolTransmit===: Start send su-cmd:275 length[14]
03-27 16:32:34.633  1623  1686 I ===APKProtocolTransmit===: Will write content:the C socket has not been connected,so dicard the send command:[275]
03-27 16:32:34.649  1623  1686 I ===APKProtocolTransmit===: End send sb-cmd:275
03-27 16:32:34.723  2682  2693 I art     : Background partial concurrent mark sweep GC freed 373439(11MB) AllocSpace objects, 45(14MB) LOS objects, 32% free, 32MB/48MB, paused 840us total 139.491ms
03-27 16:32:34.789   245  2894 D CameraHal: debugShowFPS(622): Camera 9024 Frames, 29.828 FPS
03-27 16:32:35.056  2682  2693 I art     : Background sticky concurrent mark sweep GC freed 375570(11MB) AllocSpace objects, 33(8MB) LOS objects, 28% free, 34MB/48MB, paused 4.635ms total 105.533ms
03-27 16:32:35.369  2682  2693 I art     : Background partial concurrent mark sweep GC freed 367090(11MB) AllocSpace objects, 44(13MB) LOS objects, 33% free, 31MB/47MB, paused 2.692ms total 130.399ms
03-27 16:32:35.423  1623  1685 I USBService: send udp to check mobileagent state.
03-27 16:32:35.427  1623  1676 I ===Mrcp===: sending cmd:276
03-27 16:32:35.429  1623  1713 I USBService: command is : [277] 
03-27 16:32:35.430  1623  1713 I USBService: res:-131070 res2:2 opt:-2
03-27 16:32:35.430  1623  1713 I USBService: 	 mobileagent state:-2. 
03-27 16:32:35.430  1623  1685 I USBService: get mobileagent state 1 and current mobileagent state 1 and usb state of connection false
03-27 16:32:35.864   245  2894 D CameraHal: debugShowFPS(622): Camera 9056 Frames, 29.779 FPS
03-27 16:32:36.005  2682  2693 I art     : Background partial concurrent mark sweep GC freed 340580(11MB) AllocSpace objects, 43(13MB) LOS objects, 34% free, 30MB/46MB, paused 3.300ms total 138.458ms
03-27 16:32:36.305  2682  2693 I art     : Background sticky concurrent mark sweep GC freed 352605(11MB) AllocSpace objects, 30(7MB) LOS objects, 26% free, 33MB/46MB, paused 3.379ms total 113.071ms
03-27 16:32:36.603  2682  2693 I art     : Background partial concurrent mark sweep GC freed 328897(10MB) AllocSpace objects, 38(12MB) LOS objects, 33% free, 32MB/48MB, paused 2.041ms total 147.168ms
03-27 16:32:36.935  2682  2693 I art     : Background sticky concurrent mark sweep GC freed 354610(11MB) AllocSpace objects, 34(9MB) LOS objects, 27% free, 35MB/48MB, paused 2.697ms total 113.137ms
03-27 16:32:36.936   245  2894 D CameraHal: debugShowFPS(622): Camera 9088 Frames, 29.851 FPS
03-27 16:32:37.256  2682  2693 I art     : Background partial concurrent mark sweep GC freed 341795(10MB) AllocSpace objects, 42(15MB) LOS objects, 33% free, 31MB/47MB, paused 2.895ms total 138.386ms
03-27 16:32:37.575  2682  2693 I art     : Background sticky concurrent mark sweep GC freed 389573(12MB) AllocSpace objects, 35(10MB) LOS objects, 31% free, 32MB/47MB, paused 2.969ms total 118.298ms
03-27 16:32:37.649  1623  1682 I ===DaemonService===: ############## Rotation : 0
03-27 16:32:37.650  1623  1682 I ===DaemonService===: ScreenOrientationThread:0 screentOrientation:0
03-27 16:32:37.651  1623  1687 I ===APKProtocolTransmit===: Ready send su-cmd:275
03-27 16:32:37.651  1623  1687 I ===APKProtocolTransmit===: Start send su-cmd:275 length[14]
03-27 16:32:37.651  1623  1687 I ===APKProtocolTransmit===: Will write content:the C socket has not been connected,so dicard the send command:[275]
03-27 16:32:37.655  1623  1687 I ===APKProtocolTransmit===: End send sb-cmd:275
03-27 16:32:37.936  2682  2693 I art     : Background partial concurrent mark sweep GC freed 390501(12MB) AllocSpace objects, 45(12MB) LOS objects, 33% free, 31MB/47MB, paused 4.052ms total 140.245ms
03-27 16:32:38.008   245  2894 D CameraHal: debugShowFPS(622): Camera 9120 Frames, 29.841 FPS
03-27 16:32:38.262  2682  2693 I art     : Background sticky concurrent mark sweep GC freed 393472(12MB) AllocSpace objects, 36(9MB) LOS objects, 30% free, 33MB/47MB, paused 4.083ms total 118.577ms
03-27 16:32:38.431  1623  1685 I USBService: send udp to check mobileagent state.
03-27 16:32:38.433  1623  1688 I ===Mrcp===: sending cmd:276
03-27 16:32:38.435  1623  1872 I USBService: command is : [277] 
03-27 16:32:38.435  1623  1872 I USBService: res:-131070 res2:2 opt:-2
03-27 16:32:38.435  1623  1872 I USBService: 	 mobileagent state:-2. 
03-27 16:32:38.436  1623  1685 I USBService: get mobileagent state 1 and current mobileagent state 1 and usb state of connection false
03-27 16:32:38.571  2682  2693 I art     : Background partial concurrent mark sweep GC freed 374491(11MB) AllocSpace objects, 42(11MB) LOS objects, 33% free, 32MB/48MB, paused 2.531ms total 139.801ms
03-27 16:32:38.888  2682  2693 I art     : Background sticky concurrent mark sweep GC freed 346153(11MB) AllocSpace objects, 31(11MB) LOS objects, 33% free, 31MB/47MB, paused 1.112ms total 102.787ms
03-27 16:32:39.080   245  2894 D CameraHal: debugShowFPS(622): Camera 9152 Frames, 29.854 FPS
03-27 16:32:39.229  2682  2693 I art     : Background partial concurrent mark sweep GC freed 380112(12MB) AllocSpace objects, 43(11MB) LOS objects, 31% free, 34MB/50MB, paused 1.827ms total 156.385ms
03-27 16:32:39.557  2682  2693 I art     : Background sticky concurrent mark sweep GC freed 413731(13MB) AllocSpace objects, 35(10MB) LOS objects, 32% free, 33MB/49MB, paused 8.521ms total 118.879ms
03-27 16:32:39.914  2682  2693 I art     : Background partial concurrent mark sweep GC freed 379479(12MB) AllocSpace objects, 47(15MB) LOS objects, 32% free, 32MB/48MB, paused 4.721ms total 149.047ms
03-27 16:32:40.152   245  2894 D CameraHal: debugShowFPS(622): Camera 9184 Frames, 29.851 FPS
03-27 16:32:40.244  2682  2693 I art     : Background sticky concurrent mark sweep GC freed 367393(11MB) AllocSpace objects, 33(8MB) LOS objects, 30% free, 33MB/48MB, paused 2.116ms total 104.601ms
03-27 16:32:40.518  2682  2693 I art     : Background partial concurrent mark sweep GC freed 338395(10MB) AllocSpace objects, 43(14MB) LOS objects, 36% free, 28MB/44MB, paused 1.530ms total 106.221ms
03-27 16:32:40.653  1623  1682 I ===DaemonService===: ############## Rotation : 0
03-27 16:32:40.653  1623  1682 I ===DaemonService===: ScreenOrientationThread:0 screentOrientation:0
03-27 16:32:40.656  1623  1683 I ===APKProtocolTransmit===: Ready send su-cmd:275
03-27 16:32:40.656  1623  1683 I ===APKProtocolTransmit===: Start send su-cmd:275 length[14]
03-27 16:32:40.656  1623  1683 I ===APKProtocolTransmit===: Will write content:the C socket has not been connected,so dicard the send command:[275]
03-27 16:32:40.665  1623  1683 I ===APKProtocolTransmit===: End send sb-cmd:275
03-27 16:32:41.085  2682  2693 I art     : Background partial concurrent mark sweep GC freed 312843(9MB) AllocSpace objects, 35(12MB) LOS objects, 33% free, 31MB/47MB, paused 2.571ms total 133.458ms
03-27 16:32:41.224   245  2894 D CameraHal: debugShowFPS(622): Camera 9216 Frames, 29.849 FPS
03-27 16:32:41.404  2682  2693 I art     : Background sticky concurrent mark sweep GC freed 343939(10MB) AllocSpace objects, 31(10MB) LOS objects, 29% free, 33MB/47MB, paused 2.705ms total 112.272ms
03-27 16:32:41.437  1623  1685 I USBService: send udp to check mobileagent state.
03-27 16:32:41.438  1623  1686 I ===Mrcp===: sending cmd:276
03-27 16:32:41.439  1623  1873 I USBService: command is : [277] 
03-27 16:32:41.439  1623  1873 I USBService: res:-131070 res2:2 opt:-2
03-27 16:32:41.439  1623  1873 I USBService: 	 mobileagent state:-2. 
03-27 16:32:41.439  1623  1685 I USBService: get mobileagent state 1 and current mobileagent state 1 and usb state of connection false
03-27 16:32:41.711  2682  2693 I art     : Background partial concurrent mark sweep GC freed 350747(11MB) AllocSpace objects, 43(12MB) LOS objects, 34% free, 30MB/46MB, paused 2.076ms total 129.092ms
03-27 16:32:42.297   245  2894 D CameraHal: debugShowFPS(622): Camera 9248 Frames, 29.833 FPS
03-27 16:32:42.322  2682  2693 I art     : Background partial concurrent mark sweep GC freed 341226(10MB) AllocSpace objects, 42(12MB) LOS objects, 33% free, 31MB/47MB, paused 2.319ms total 134.253ms
03-27 16:32:42.954  2682  2693 I art     : Background partial concurrent mark sweep GC freed 398865(12MB) AllocSpace objects, 44(12MB) LOS objects, 33% free, 31MB/47MB, paused 3.573ms total 127.943ms
03-27 16:32:43.372   245  2894 D CameraHal: debugShowFPS(622): Camera 9280 Frames, 29.764 FPS
03-27 16:32:43.561  2682  2693 I art     : Background partial concurrent mark sweep GC freed 357083(11MB) AllocSpace objects, 45(12MB) LOS objects, 34% free, 30MB/46MB, paused 1.943ms total 133.812ms
03-27 16:32:43.659  1623  1682 I ===DaemonService===: ############## Rotation : 0
03-27 16:32:43.660  1623  1682 I ===DaemonService===: ScreenOrientationThread:0 screentOrientation:0
03-27 16:32:43.660  1623  1676 I ===APKProtocolTransmit===: Ready send su-cmd:275
03-27 16:32:43.660  1623  1676 I ===APKProtocolTransmit===: Start send su-cmd:275 length[14]
03-27 16:32:43.660  1623  1676 I ===APKProtocolTransmit===: Will write content:the C socket has not been connected,so dicard the send command:[275]
03-27 16:32:43.662  1623  1676 I ===APKProtocolTransmit===: End send sb-cmd:275
03-27 16:32:43.870  2682  2693 I art     : Background sticky concurrent mark sweep GC freed 392349(12MB) AllocSpace objects, 34(7MB) LOS objects, 26% free, 34MB/46MB, paused 3.319ms total 120.503ms
03-27 16:32:44.176  2682  2693 I art     : Background partial concurrent mark sweep GC freed 353837(11MB) AllocSpace objects, 41(12MB) LOS objects, 32% free, 33MB/49MB, paused 2.350ms total 153.549ms
03-27 16:32:44.440  1623  1685 I USBService: send udp to check mobileagent state.
03-27 16:32:44.441  1623  1687 I ===Mrcp===: sending cmd:276
03-27 16:32:44.442  1623  1713 I USBService: command is : [277] 
03-27 16:32:44.442  1623  1713 I USBService: res:-131070 res2:2 opt:-2
03-27 16:32:44.442  1623  1713 I USBService: 	 mobileagent state:-2. 
03-27 16:32:44.443  1623  1685 I USBService: get mobileagent state 1 and current mobileagent state 1 and usb state of connection false
03-27 16:32:44.444   245  2894 D CameraHal: debugShowFPS(622): Camera 9312 Frames, 29.838 FPS
03-27 16:32:44.847  2682  2693 I art     : Background partial concurrent mark sweep GC freed 374395(11MB) AllocSpace objects, 43(11MB) LOS objects, 32% free, 32MB/48MB, paused 939us total 146.683ms
03-27 16:32:45.161  2682  2693 I art     : Background sticky concurrent mark sweep GC freed 384009(12MB) AllocSpace objects, 35(9MB) LOS objects, 31% free, 33MB/48MB, paused 1.721ms total 109.981ms
03-27 16:32:45.516   245  2894 D CameraHal: debugShowFPS(622): Camera 9344 Frames, 29.862 FPS
03-27 16:32:45.522  2682  2693 I art     : Background partial concurrent mark sweep GC freed 375272(11MB) AllocSpace objects, 45(14MB) LOS objects, 32% free, 32MB/48MB, paused 1.713ms total 152.417ms
03-27 16:32:45.850  2682  2693 I art     : Background sticky concurrent mark sweep GC freed 419095(13MB) AllocSpace objects, 36(9MB) LOS objects, 33% free, 31MB/47MB, paused 1.796ms total 110.737ms
03-27 16:32:46.195  2682  2693 I art     : Background partial concurrent mark sweep GC freed 391493(12MB) AllocSpace objects, 44(12MB) LOS objects, 33% free, 32MB/48MB, paused 1.974ms total 140.119ms
03-27 16:32:46.588   245  2894 D CameraHal: debugShowFPS(622): Camera 9376 Frames, 29.850 FPS
03-27 16:32:46.668  1623  1682 I ===DaemonService===: ############## Rotation : 0
03-27 16:32:46.669  1623  1682 I ===DaemonService===: ScreenOrientationThread:0 screentOrientation:0
03-27 16:32:46.670  1623  1688 I ===APKProtocolTransmit===: Ready send su-cmd:275
03-27 16:32:46.670  1623  1688 I ===APKProtocolTransmit===: Start send su-cmd:275 length[14]
03-27 16:32:46.671  1623  1688 I ===APKProtocolTransmit===: Will write content:the C socket has not been connected,so dicard the send command:[275]
03-27 16:32:46.681  1623  1688 I ===APKProtocolTransmit===: End send sb-cmd:275
03-27 16:32:46.838  2682  2693 I art     : Background partial concurrent mark sweep GC freed 336270(10MB) AllocSpace objects, 40(12MB) LOS objects, 33% free, 31MB/47MB, paused 2.342ms total 131.343ms
03-27 16:32:47.163  2682  2693 I art     : Background sticky concurrent mark sweep GC freed 376517(11MB) AllocSpace objects, 33(8MB) LOS objects, 27% free, 34MB/47MB, paused 4.867ms total 118.192ms
03-27 16:32:47.444  1623  1685 I USBService: send udp to check mobileagent state.
03-27 16:32:47.445  1623  1683 I ===Mrcp===: sending cmd:276
03-27 16:32:47.447  1623  1872 I USBService: command is : [277] 
03-27 16:32:47.448  1623  1872 I USBService: res:-131070 res2:2 opt:-2
03-27 16:32:47.448  1623  1872 I USBService: 	 mobileagent state:-2. 
03-27 16:32:47.450  1623  1685 I USBService: get mobileagent state 1 and current mobileagent state 1 and usb state of connection false
03-27 16:32:47.493  2682  2693 I art     : Background partial concurrent mark sweep GC freed 357961(11MB) AllocSpace objects, 46(13MB) LOS objects, 33% free, 31MB/47MB, paused 1.930ms total 147.511ms
03-27 16:32:47.660   245  2894 D CameraHal: debugShowFPS(622): Camera 9408 Frames, 29.842 FPS
03-27 16:32:47.805  2682  2693 I art     : Background sticky concurrent mark sweep GC freed 378629(12MB) AllocSpace objects, 33(8MB) LOS objects, 31% free, 32MB/47MB, paused 2.380ms total 113.089ms
03-27 16:32:48.135  2682  2693 I art     : Background partial concurrent mark sweep GC freed 354107(11MB) AllocSpace objects, 41(13MB) LOS objects, 34% free, 30MB/46MB, paused 2.777ms total 141.390ms
03-27 16:32:48.732   245  2894 D CameraHal: debugShowFPS(622): Camera 9440 Frames, 29.852 FPS
03-27 16:32:48.744  2682  2693 I art     : Background partial concurrent mark sweep GC freed 332039(10MB) AllocSpace objects, 42(12MB) LOS objects, 33% free, 31MB/47MB, paused 2.153ms total 135.461ms
03-27 16:32:49.372  2682  2693 I art     : Background partial concurrent mark sweep GC freed 375778(11MB) AllocSpace objects, 43(12MB) LOS objects, 33% free, 31MB/47MB, paused 2.004ms total 128.534ms
03-27 16:32:49.690  1623  1682 I ===DaemonService===: ############## Rotation : 0
03-27 16:32:49.691  2682  2693 I art     : Background sticky concurrent mark sweep GC freed 375564(11MB) AllocSpace objects, 34(9MB) LOS objects, 29% free, 33MB/47MB, paused 2.961ms total 108.430ms
03-27 16:32:49.694  1623  1682 I ===DaemonService===: ScreenOrientationThread:0 screentOrientation:0
03-27 16:32:49.695  1623  1686 I ===APKProtocolTransmit===: Ready send su-cmd:275
03-27 16:32:49.695  1623  1686 I ===APKProtocolTransmit===: Start send su-cmd:275 length[14]
03-27 16:32:49.695  1623  1686 I ===APKProtocolTransmit===: Will write content:the C socket has not been connected,so dicard the send command:[275]
03-27 16:32:49.702  1623  1686 I ===APKProtocolTransmit===: End send sb-cmd:275
03-27 16:32:49.804   245  2894 D CameraHal: debugShowFPS(622): Camera 9472 Frames, 29.854 FPS
03-27 16:32:50.030  2682  2693 I art     : Background partial concurrent mark sweep GC freed 357007(11MB) AllocSpace objects, 44(13MB) LOS objects, 33% free, 31MB/47MB, paused 2.014ms total 162.572ms
03-27 16:32:50.163  2682  2682 D SyncManager: 获取公司信息
03-27 16:32:50.163  2682  2682 D SyncManager: 地址：http://47.105.80.245:8080/api/company/getcompany.html
03-27 16:32:50.163  2682  2682 D SyncManager: 参数：00000000-385c-5a58-0000-000000dd4a18
03-27 16:32:50.334  2682  2693 I art     : Background sticky concurrent mark sweep GC freed 362840(11MB) AllocSpace objects, 33(10MB) LOS objects, 31% free, 32MB/47MB, paused 2.488ms total 104.466ms
03-27 16:32:50.451  1623  1685 I USBService: send udp to check mobileagent state.
03-27 16:32:50.454  1623  1676 I ===Mrcp===: sending cmd:276
03-27 16:32:50.455  1623  1873 I USBService: command is : [277] 
03-27 16:32:50.455  1623  1873 I USBService: res:-131070 res2:2 opt:-2
03-27 16:32:50.455  1623  1873 I USBService: 	 mobileagent state:-2. 
03-27 16:32:50.456  1623  1685 I USBService: get mobileagent state 1 and current mobileagent state 1 and usb state of connection false
03-27 16:32:50.681  2682  2693 I art     : Background partial concurrent mark sweep GC freed 367085(11MB) AllocSpace objects, 39(13MB) LOS objects, 32% free, 33MB/49MB, paused 1.890ms total 158.957ms
03-27 16:32:50.880   245  2894 D CameraHal: debugShowFPS(622): Camera 9504 Frames, 29.736 FPS
03-27 16:32:51.019  2682  2693 I art     : Background sticky concurrent mark sweep GC freed 373045(11MB) AllocSpace objects, 34(10MB) LOS objects, 28% free, 35MB/49MB, paused 2.841ms total 118.492ms
03-27 16:32:51.300  2682  2682 D SyncManager: {"message":"该设备未绑定公司","status":4,"company":{}}
03-27 16:32:51.305  2682  2682 D SyncManager: 重新获取公司信息
03-27 16:32:51.374  2682  2693 I art     : Background partial concurrent mark sweep GC freed 357484(11MB) AllocSpace objects, 48(15MB) LOS objects, 32% free, 32MB/48MB, paused 2.174ms total 152.166ms
03-27 16:32:51.692  2682  2693 I art     : Background sticky concurrent mark sweep GC freed 403171(12MB) AllocSpace objects, 36(10MB) LOS objects, 33% free, 32MB/48MB, paused 2.750ms total 112.036ms
03-27 16:32:51.952   245  2894 D CameraHal: debugShowFPS(622): Camera 9536 Frames, 29.863 FPS
03-27 16:32:52.060  2682  2693 I art     : Background partial concurrent mark sweep GC freed 433842(13MB) AllocSpace objects, 47(11MB) LOS objects, 33% free, 31MB/47MB, paused 2.620ms total 140.049ms
03-27 16:32:52.374  2682  2693 I art     : Background sticky concurrent mark sweep GC freed 389831(12MB) AllocSpace objects, 33(8MB) LOS objects, 31% free, 32MB/47MB, paused 2.578ms total 109.930ms
03-27 16:32:52.709  1623  1682 I ===DaemonService===: ############## Rotation : 0
03-27 16:32:52.710  1623  1682 I ===DaemonService===: ScreenOrientationThread:0 screentOrientation:0
03-27 16:32:52.712  1623  1687 I ===APKProtocolTransmit===: Ready send su-cmd:275
03-27 16:32:52.712  1623  1687 I ===APKProtocolTransmit===: Start send su-cmd:275 length[14]
03-27 16:32:52.712  1623  1687 I ===APKProtocolTransmit===: Will write content:the C socket has not been connected,so dicard the send command:[275]
03-27 16:32:52.717  1623  1687 I ===APKProtocolTransmit===: End send sb-cmd:275
03-27 16:32:52.746  2682  2693 I art     : Background partial concurrent mark sweep GC freed 395138(12MB) AllocSpace objects, 46(11MB) LOS objects, 32% free, 33MB/49MB, paused 1.368ms total 169.787ms
03-27 16:32:53.025   245  2894 D CameraHal: debugShowFPS(622): Camera 9568 Frames, 29.829 FPS
03-27 16:32:53.084  2682  2693 I art     : Background sticky concurrent mark sweep GC freed 386645(12MB) AllocSpace objects, 35(10MB) LOS objects, 26% free, 36MB/49MB, paused 3.620ms total 134.136ms
03-27 16:32:53.378  2682  2693 I art     : Background partial concurrent mark sweep GC freed 340474(10MB) AllocSpace objects, 45(16MB) LOS objects, 35% free, 29MB/45MB, paused 4.193ms total 119.606ms
03-27 16:32:53.456  1623  1685 I USBService: send udp to check mobileagent state.
03-27 16:32:53.458  1623  1688 I ===Mrcp===: sending cmd:276
03-27 16:32:53.459  1623  1713 I USBService: command is : [277] 
03-27 16:32:53.459  1623  1713 I USBService: res:-131070 res2:2 opt:-2
03-27 16:32:53.459  1623  1713 I USBService: 	 mobileagent state:-2. 
03-27 16:32:53.460  1623  1685 I USBService: get mobileagent state 1 and current mobileagent state 1 and usb state of connection false
03-27 16:32:53.702  2682  2693 I art     : Background sticky concurrent mark sweep GC freed 356105(11MB) AllocSpace objects, 31(8MB) LOS objects, 26% free, 33MB/45MB, paused 2.687ms total 116.111ms
03-27 16:32:53.985  2682  2693 I art     : Background partial concurrent mark sweep GC freed 327532(10MB) AllocSpace objects, 38(11MB) LOS objects, 33% free, 31MB/47MB, paused 2.164ms total 134.404ms
03-27 16:32:54.096   245  2894 D CameraHal: debugShowFPS(622): Camera 9600 Frames, 29.862 FPS
03-27 16:32:54.586  2682  2693 I art     : Background partial concurrent mark sweep GC freed 398625(12MB) AllocSpace objects, 43(12MB) LOS objects, 34% free, 30MB/46MB, paused 2.809ms total 128.531ms
03-27 16:32:54.890  2682  2693 I art     : Background sticky concurrent mark sweep GC freed 352521(11MB) AllocSpace objects, 32(8MB) LOS objects, 34% free, 30MB/46MB, paused 2.506ms total 102.904ms
03-27 16:32:55.168   245  2894 D CameraHal: debugShowFPS(622): Camera 9632 Frames, 29.854 FPS
03-27 16:32:55.236  2682  2693 I art     : Background partial concurrent mark sweep GC freed 368375(11MB) AllocSpace objects, 42(12MB) LOS objects, 33% free, 31MB/47MB, paused 1.882ms total 146.764ms
03-27 16:32:55.567  2682  2693 I art     : Background sticky concurrent mark sweep GC freed 375224(11MB) AllocSpace objects, 34(10MB) LOS objects, 29% free, 33MB/47MB, paused 2.163ms total 111.566ms
03-27 16:32:55.728  1623  1682 I ===DaemonService===: ############## Rotation : 0
03-27 16:32:55.729  1623  1682 I ===DaemonService===: ScreenOrientationThread:0 screentOrientation:0
03-27 16:32:55.731  1623  1683 I ===APKProtocolTransmit===: Ready send su-cmd:275
03-27 16:32:55.732  1623  1683 I ===APKProtocolTransmit===: Start send su-cmd:275 length[14]
03-27 16:32:55.732  1623  1683 I ===APKProtocolTransmit===: Will write content:the C socket has not been connected,so dicard the send command:[275]
03-27 16:32:55.737  1623  1683 I ===APKProtocolTransmit===: End send sb-cmd:275
03-27 16:32:55.868  2682  2693 I art     : Background partial concurrent mark sweep GC freed 353794(11MB) AllocSpace objects, 43(13MB) LOS objects, 34% free, 31MB/47MB, paused 2.311ms total 135.906ms
03-27 16:32:56.196  2682  2693 I art     : Background sticky concurrent mark sweep GC freed 318300(10MB) AllocSpace objects, 30(9MB) LOS objects, 31% free, 32MB/47MB, paused 2.048ms total 100.265ms
03-27 16:32:56.241   245  2894 D CameraHal: debugShowFPS(622): Camera 9664 Frames, 29.844 FPS
03-27 16:32:56.462  1623  1685 I USBService: send udp to check mobileagent state.
03-27 16:32:56.463  1623  1686 I ===Mrcp===: sending cmd:276
03-27 16:32:56.465  1623  1872 I USBService: command is : [277] 
03-27 16:32:56.465  1623  1872 I USBService: res:-131070 res2:2 opt:-2
03-27 16:32:56.465  1623  1872 I USBService: 	 mobileagent state:-2. 
03-27 16:32:56.466  1623  1685 I USBService: get mobileagent state 1 and current mobileagent state 1 and usb state of connection false
03-27 16:32:56.474  2682  2693 I art     : Background partial concurrent mark sweep GC freed 305896(9MB) AllocSpace objects, 40(13MB) LOS objects, 35% free, 29MB/45MB, paused 2.163ms total 105.136ms
03-27 16:32:57.137  2682  2693 I art     : Background partial concurrent mark sweep GC freed 341152(10MB) AllocSpace objects, 39(12MB) LOS objects, 33% free, 32MB/48MB, paused 3.190ms total 163.307ms
03-27 16:32:57.312   245  2894 D CameraHal: debugShowFPS(622): Camera 9696 Frames, 29.857 FPS
03-27 16:32:57.759  2682  2693 I art     : Background partial concurrent mark sweep GC freed 371752(11MB) AllocSpace objects, 43(12MB) LOS objects, 32% free, 32MB/48MB, paused 4.974ms total 151.895ms
03-27 16:32:58.384   245  2894 D CameraHal: debugShowFPS(622): Camera 9728 Frames, 29.847 FPS
03-27 16:32:58.389  2682  2693 I art     : Background partial concurrent mark sweep GC freed 392661(12MB) AllocSpace objects, 43(11MB) LOS objects, 33% free, 32MB/48MB, paused 1.878ms total 141.432ms
03-27 16:32:58.713  2682  2693 I art     : Background sticky concurrent mark sweep GC freed 394165(12MB) AllocSpace objects, 35(10MB) LOS objects, 34% free, 30MB/46MB, paused 2.263ms total 104.360ms
03-27 16:32:58.741  1623  1682 I ===DaemonService===: ############## Rotation : 0
