03-27 16:33:49.885  1623  1686 I ===APKProtocolTransmit===: End send sb-cmd:275
03-27 16:33:50.320  2682  2693 I art     : Background partial concurrent mark sweep GC freed 380815(12MB) AllocSpace objects, 41(11MB) LOS objects, 33% free, 31MB/47MB, paused 3.411ms total 148.315ms
03-27 16:33:50.573  1623  1685 I USBService: send udp to check mobileagent state.
03-27 16:33:50.574  1623  1676 I ===Mrcp===: sending cmd:276
03-27 16:33:50.578  1623  1872 I USBService: command is : [277] 
03-27 16:33:50.578  1623  1872 I USBService: res:-131070 res2:2 opt:-2
03-27 16:33:50.578  1623  1872 I USBService: 	 mobileagent state:-2. 
03-27 16:33:50.579  1623  1685 I USBService: get mobileagent state 1 and current mobileagent state 1 and usb state of connection false
03-27 16:33:50.626  2682  2693 I art     : Background sticky concurrent mark sweep GC freed 380390(12MB) AllocSpace objects, 35(9MB) LOS objects, 31% free, 32MB/47MB, paused 1.371ms total 112.205ms
03-27 16:33:50.940   245  2894 D CameraHal: debugShowFPS(622): Camera 11296 Frames, 29.852 FPS
03-27 16:33:50.978  2682  2693 I art     : Background partial concurrent mark sweep GC freed 373903(11MB) AllocSpace objects, 47(13MB) LOS objects, 33% free, 31MB/47MB, paused 2.083ms total 144.491ms
03-27 16:33:51.306  2682  2693 I art     : Background sticky concurrent mark sweep GC freed 342880(10MB) AllocSpace objects, 33(11MB) LOS objects, 31% free, 32MB/47MB, paused 3.742ms total 104.252ms
03-27 16:33:51.431  2682  2682 D SyncManager: 获取公司信息
03-27 16:33:51.432  2682  2682 D SyncManager: 地址：http://47.105.80.245:8080/api/company/getcompany.html
03-27 16:33:51.432  2682  2682 D SyncManager: 参数：00000000-385c-5a58-0000-000000dd4a18
03-27 16:33:51.511  2682  2682 D SyncManager: {"message":"该设备未绑定公司","status":4,"company":{}}
03-27 16:33:51.520  2682  2682 D SyncManager: 重新获取公司信息
03-27 16:33:51.655  2682  2693 I art     : Background partial concurrent mark sweep GC freed 358550(11MB) AllocSpace objects, 46(13MB) LOS objects, 33% free, 31MB/47MB, paused 2.517ms total 149.251ms
03-27 16:33:51.987  2682  2693 I art     : Background sticky concurrent mark sweep GC freed 357235(11MB) AllocSpace objects, 34(9MB) LOS objects, 28% free, 33MB/47MB, paused 2.345ms total 120.033ms
03-27 16:33:52.012   245  2894 D CameraHal: debugShowFPS(622): Camera 11328 Frames, 29.851 FPS
03-27 16:33:52.310  2682  2693 I art     : Background partial concurrent mark sweep GC freed 329276(10MB) AllocSpace objects, 41(14MB) LOS objects, 33% free, 31MB/47MB, paused 2.721ms total 137.359ms
03-27 16:33:52.899  1623  1682 I ===DaemonService===: ############## Rotation : 0
03-27 16:33:52.901  1623  1682 I ===DaemonService===: ScreenOrientationThread:0 screentOrientation:0
03-27 16:33:52.902  1623  1687 I ===APKProtocolTransmit===: Ready send su-cmd:275
03-27 16:33:52.902  1623  1687 I ===APKProtocolTransmit===: Start send su-cmd:275 length[14]
03-27 16:33:52.902  1623  1687 I ===APKProtocolTransmit===: Will write content:the C socket has not been connected,so dicard the send command:[275]
03-27 16:33:52.905  1623  1687 I ===APKProtocolTransmit===: End send sb-cmd:275
03-27 16:33:52.966  2682  2693 I art     : Background partial concurrent mark sweep GC freed 377173(11MB) AllocSpace objects, 44(12MB) LOS objects, 35% free, 29MB/45MB, paused 2.573ms total 128.375ms
03-27 16:33:53.085   245  2894 D CameraHal: debugShowFPS(622): Camera 11360 Frames, 29.840 FPS
03-27 16:33:53.579  1623  1685 I USBService: send udp to check mobileagent state.
03-27 16:33:53.581  1623  1688 I ===Mrcp===: sending cmd:276
03-27 16:33:53.582  1623  1873 I USBService: command is : [277] 
03-27 16:33:53.582  1623  1873 I USBService: res:-131070 res2:2 opt:-2
03-27 16:33:53.582  1623  1873 I USBService: 	 mobileagent state:-2. 
03-27 16:33:53.582  1623  1685 I USBService: get mobileagent state 1 and current mobileagent state 1 and usb state of connection false
03-27 16:33:53.586  2682  2693 I art     : Background partial concurrent mark sweep GC freed 292969(9MB) AllocSpace objects, 37(12MB) LOS objects, 34% free, 30MB/46MB, paused 709us total 108.426ms
03-27 16:33:53.920  2682  2693 I art     : Background sticky concurrent mark sweep GC freed 359066(11MB) AllocSpace objects, 35(9MB) LOS objects, 30% free, 32MB/46MB, paused 1.825ms total 105.421ms
03-27 16:33:54.160   245  2894 D CameraHal: debugShowFPS(622): Camera 11392 Frames, 29.742 FPS
03-27 16:33:54.280  2682  2693 I art     : Background partial concurrent mark sweep GC freed 361521(11MB) AllocSpace objects, 40(12MB) LOS objects, 32% free, 32MB/48MB, paused 1.851ms total 175.572ms
03-27 16:33:54.914  2682  2693 I art     : Background partial concurrent mark sweep GC freed 327642(10MB) AllocSpace objects, 44(14MB) LOS objects, 35% free, 29MB/45MB, paused 4.251ms total 131.040ms
03-27 16:33:55.232   245  2894 D CameraHal: debugShowFPS(622): Camera 11424 Frames, 29.867 FPS
03-27 16:33:55.534  2682  2693 I art     : Background partial concurrent mark sweep GC freed 342178(10MB) AllocSpace objects, 42(12MB) LOS objects, 33% free, 31MB/47MB, paused 2.157ms total 148.382ms
03-27 16:33:55.857  2682  2693 I art     : Background sticky concurrent mark sweep GC freed 362937(11MB) AllocSpace objects, 34(10MB) LOS objects, 32% free, 32MB/47MB, paused 3.174ms total 100.304ms
03-27 16:33:55.908  1623  1682 I ===DaemonService===: ############## Rotation : 0
03-27 16:33:55.908  1623  1682 I ===DaemonService===: ScreenOrientationThread:0 screentOrientation:0
03-27 16:33:55.910  1623  1683 I ===APKProtocolTransmit===: Ready send su-cmd:275
03-27 16:33:55.910  1623  1683 I ===APKProtocolTransmit===: Start send su-cmd:275 length[14]
03-27 16:33:55.910  1623  1683 I ===APKProtocolTransmit===: Will write content:the C socket has not been connected,so dicard the send command:[275]
03-27 16:33:55.914  1623  1683 I ===APKProtocolTransmit===: End send sb-cmd:275
03-27 16:33:56.242  2682  2693 I art     : Background partial concurrent mark sweep GC freed 380392(12MB) AllocSpace objects, 47(13MB) LOS objects, 33% free, 31MB/47MB, paused 1.695ms total 151.927ms
03-27 16:33:56.304   245  2894 D CameraHal: debugShowFPS(622): Camera 11456 Frames, 29.851 FPS
03-27 16:33:56.583  1623  1685 I USBService: send udp to check mobileagent state.
03-27 16:33:56.584  1623  1686 I ===Mrcp===: sending cmd:276
03-27 16:33:56.585  1623  1713 I USBService: command is : [277] 
03-27 16:33:56.585  1623  1713 I USBService: res:-131070 res2:2 opt:-2
03-27 16:33:56.585  1623  1713 I USBService: 	 mobileagent state:-2. 
03-27 16:33:56.585  1623  1685 I USBService: get mobileagent state 1 and current mobileagent state 1 and usb state of connection false
03-27 16:33:56.929  2682  2693 I art     : Background partial concurrent mark sweep GC freed 334854(10MB) AllocSpace objects, 45(14MB) LOS objects, 33% free, 32MB/48MB, paused 3.178ms total 163.744ms
03-27 16:33:57.239  2682  2693 I art     : Background sticky concurrent mark sweep GC freed 348557(11MB) AllocSpace objects, 34(10MB) LOS objects, 31% free, 33MB/48MB, paused 3.087ms total 102.115ms
03-27 16:33:57.376   245  2894 D CameraHal: debugShowFPS(622): Camera 11488 Frames, 29.842 FPS
03-27 16:33:57.608  2682  2693 I art     : Background partial concurrent mark sweep GC freed 362080(11MB) AllocSpace objects, 43(13MB) LOS objects, 32% free, 33MB/49MB, paused 2.324ms total 151.286ms
03-27 16:33:57.940  2682  2693 I art     : Background sticky concurrent mark sweep GC freed 373410(11MB) AllocSpace objects, 36(10MB) LOS objects, 31% free, 33MB/49MB, paused 2.698ms total 107.326ms
03-27 16:33:58.321  2682  2693 I art     : Background partial concurrent mark sweep GC freed 413980(13MB) AllocSpace objects, 49(15MB) LOS objects, 34% free, 29MB/45MB, paused 2.228ms total 152.899ms
03-27 16:33:58.449   245  2894 D CameraHal: debugShowFPS(622): Camera 11520 Frames, 29.835 FPS
03-27 16:33:58.641  2682  2693 I art     : Background sticky concurrent mark sweep GC freed 358785(11MB) AllocSpace objects, 34(9MB) LOS objects, 30% free, 31MB/45MB, paused 2.090ms total 103.597ms
03-27 16:33:58.918  1623  1682 I ===DaemonService===: ############## Rotation : 0
03-27 16:33:58.918  1623  1682 I ===DaemonService===: ScreenOrientationThread:0 screentOrientation:0
03-27 16:33:58.920  1623  1676 I ===APKProtocolTransmit===: Ready send su-cmd:275
03-27 16:33:58.920  1623  1676 I ===APKProtocolTransmit===: Start send su-cmd:275 length[14]
03-27 16:33:58.920  1623  1676 I ===APKProtocolTransmit===: Will write content:the C socket has not been connected,so dicard the send command:[275]
03-27 16:33:58.925  1623  1676 I ===APKProtocolTransmit===: End send sb-cmd:275
03-27 16:33:58.983  2682  2693 I art     : Background partial concurrent mark sweep GC freed 353592(11MB) AllocSpace objects, 42(11MB) LOS objects, 32% free, 32MB/48MB, paused 2.030ms total 153.512ms
03-27 16:33:59.321  2682  2693 I art     : Background sticky concurrent mark sweep GC freed 379601(12MB) AllocSpace objects, 35(10MB) LOS objects, 32% free, 32MB/48MB, paused 3.247ms total 114.280ms
03-27 16:33:59.412  2682  2925 I PacketWriter: 心跳 
03-27 16:33:59.520   245  2894 D CameraHal: debugShowFPS(622): Camera 11552 Frames, 29.866 FPS
03-27 16:33:59.586  1623  1685 I USBService: send udp to check mobileagent state.
03-27 16:33:59.587  1623  1687 I ===Mrcp===: sending cmd:276
03-27 16:33:59.588  1623  1872 I USBService: command is : [277] 
03-27 16:33:59.588  1623  1872 I USBService: res:-131070 res2:2 opt:-2
03-27 16:33:59.588  1623  1872 I USBService: 	 mobileagent state:-2. 
03-27 16:33:59.589  1623  1685 I USBService: get mobileagent state 1 and current mobileagent state 1 and usb state of connection false
03-27 16:33:59.649  2682  2693 I art     : Background partial concurrent mark sweep GC freed 313654(10MB) AllocSpace objects, 43(14MB) LOS objects, 34% free, 30MB/46MB, paused 711us total 106.838ms
03-27 16:34:00.315  2682  2693 I art     : Background partial concurrent mark sweep GC freed 293377(9MB) AllocSpace objects, 37(13MB) LOS objects, 32% free, 32MB/48MB, paused 5.963ms total 147.959ms
03-27 16:34:00.592   245  2894 D CameraHal: debugShowFPS(622): Camera 11584 Frames, 29.851 FPS
03-27 16:34:00.665  2682  2693 I art     : Background sticky concurrent mark sweep GC freed 338346(10MB) AllocSpace objects, 33(11MB) LOS objects, 30% free, 33MB/48MB, paused 1.392ms total 111.977ms
03-27 16:34:00.994  2682  2693 I art     : Background partial concurrent mark sweep GC freed 343510(11MB) AllocSpace objects, 44(14MB) LOS objects, 33% free, 31MB/47MB, paused 2.060ms total 142.495ms
03-27 16:34:01.315  2682  2693 I art     : Background sticky concurrent mark sweep GC freed 381422(12MB) AllocSpace objects, 35(9MB) LOS objects, 32% free, 32MB/47MB, paused 3.341ms total 104.536ms
03-27 16:34:01.668   245  2894 D CameraHal: debugShowFPS(622): Camera 11616 Frames, 29.745 FPS
03-27 16:34:01.682  2682  2693 I art     : Background partial concurrent mark sweep GC freed 338519(10MB) AllocSpace objects, 44(14MB) LOS objects, 33% free, 31MB/47MB, paused 2.042ms total 157.591ms
03-27 16:34:01.928  1623  1682 I ===DaemonService===: ############## Rotation : 0
03-27 16:34:01.928  1623  1682 I ===DaemonService===: ScreenOrientationThread:0 screentOrientation:0
03-27 16:34:01.930  1623  1688 I ===APKProtocolTransmit===: Ready send su-cmd:275
03-27 16:34:01.930  1623  1688 I ===APKProtocolTransmit===: Start send su-cmd:275 length[14]
03-27 16:34:01.930  1623  1688 I ===APKProtocolTransmit===: Will write content:the C socket has not been connected,so dicard the send command:[275]
03-27 16:34:01.936  1623  1688 I ===APKProtocolTransmit===: End send sb-cmd:275
03-27 16:34:02.310  2682  2693 I art     : Background partial concurrent mark sweep GC freed 365940(11MB) AllocSpace objects, 45(12MB) LOS objects, 34% free, 30MB/46MB, paused 865us total 121.322ms
03-27 16:34:02.589  1623  1685 I USBService: send udp to check mobileagent state.
03-27 16:34:02.590  1623  1683 I ===Mrcp===: sending cmd:276
03-27 16:34:02.590  1623  1873 I USBService: command is : [277] 
03-27 16:34:02.591  1623  1873 I USBService: res:-131070 res2:2 opt:-2
03-27 16:34:02.591  1623  1873 I USBService: 	 mobileagent state:-2. 
03-27 16:34:02.591  1623  1685 I USBService: get mobileagent state 1 and current mobileagent state 1 and usb state of connection false
03-27 16:34:02.740   245  2894 D CameraHal: debugShowFPS(622): Camera 11648 Frames, 29.856 FPS
03-27 16:34:02.971  2682  2693 I art     : Background partial concurrent mark sweep GC freed 350210(11MB) AllocSpace objects, 44(12MB) LOS objects, 34% free, 30MB/46MB, paused 5.198ms total 142.691ms
03-27 16:34:03.305  2682  2693 I art     : Background sticky concurrent mark sweep GC freed 326487(10MB) AllocSpace objects, 33(10MB) LOS objects, 29% free, 33MB/46MB, paused 2.794ms total 107.633ms
03-27 16:34:03.651  2682  2693 I art     : Background partial concurrent mark sweep GC freed 323593(10MB) AllocSpace objects, 38(13MB) LOS objects, 33% free, 31MB/47MB, paused 2.145ms total 150.732ms
03-27 16:34:03.812   245  2894 D CameraHal: debugShowFPS(622): Camera 11680 Frames, 29.839 FPS
03-27 16:34:04.487  2682  2693 I art     : Background partial concurrent mark sweep GC freed 277958(8MB) AllocSpace objects, 39(13MB) LOS objects, 35% free, 28MB/44MB, paused 2.240ms total 117.437ms
03-27 16:34:04.727  2682  2693 W art     : Suspending all threads took: 5.137ms
03-27 16:34:04.818  2682  2693 I art     : Background sticky concurrent mark sweep GC freed 348247(11MB) AllocSpace objects, 33(8MB) LOS objects, 28% free, 32MB/44MB, paused 7.764ms total 113.655ms
03-27 16:34:04.884   245  2894 D CameraHal: debugShowFPS(622): Camera 11712 Frames, 29.857 FPS
03-27 16:34:04.940  1623  1682 I ===DaemonService===: ############## Rotation : 0
03-27 16:34:04.941  1623  1682 I ===DaemonService===: ScreenOrientationThread:0 screentOrientation:0
03-27 16:34:04.948  1623  1686 I ===APKProtocolTransmit===: Ready send su-cmd:275
03-27 16:34:04.948  1623  1686 I ===APKProtocolTransmit===: Start send su-cmd:275 length[14]
03-27 16:34:04.948  1623  1686 I ===APKProtocolTransmit===: Will write content:the C socket has not been connected,so dicard the send command:[275]
03-27 16:34:04.953  1623  1686 I ===APKProtocolTransmit===: End send sb-cmd:275
03-27 16:34:05.142  2682  2693 I art     : Background partial concurrent mark sweep GC freed 330416(10MB) AllocSpace objects, 39(11MB) LOS objects, 32% free, 33MB/49MB, paused 3.120ms total 156.202ms
03-27 16:34:05.485  2682  2693 I art     : Background sticky concurrent mark sweep GC freed 354514(11MB) AllocSpace objects, 36(11MB) LOS objects, 30% free, 34MB/49MB, paused 2.062ms total 106.310ms
03-27 16:34:05.591  1623  1685 I USBService: send udp to check mobileagent state.
03-27 16:34:05.592  1623  1676 I ===Mrcp===: sending cmd:276
03-27 16:34:05.593  1623  1713 I USBService: command is : [277] 
03-27 16:34:05.594  1623  1713 I USBService: res:-131070 res2:2 opt:-2
03-27 16:34:05.594  1623  1713 I USBService: 	 mobileagent state:-2. 
03-27 16:34:05.594  1623  1685 I USBService: get mobileagent state 1 and current mobileagent state 1 and usb state of connection false
03-27 16:34:05.832  2682  2693 I art     : Background partial concurrent mark sweep GC freed 379605(12MB) AllocSpace objects, 46(13MB) LOS objects, 33% free, 31MB/47MB, paused 5.369ms total 149.062ms
03-27 16:34:05.956   245  2894 D CameraHal: debugShowFPS(622): Camera 11744 Frames, 29.852 FPS
03-27 16:34:06.149  2682  2693 I art     : Background sticky concurrent mark sweep GC freed 358554(11MB) AllocSpace objects, 32(8MB) LOS objects, 33% free, 31MB/47MB, paused 2.563ms total 102.894ms
03-27 16:34:06.508  2682  2693 I art     : Background partial concurrent mark sweep GC freed 315082(10MB) AllocSpace objects, 43(13MB) LOS objects, 32% free, 32MB/48MB, paused 5.412ms total 159.760ms
03-27 16:34:07.028   245  2894 D CameraHal: debugShowFPS(622): Camera 11776 Frames, 29.846 FPS
03-27 16:34:07.131  2682  2693 I art     : Background partial concurrent mark sweep GC freed 328725(10MB) AllocSpace objects, 43(14MB) LOS objects, 33% free, 31MB/47MB, paused 2.609ms total 134.125ms
03-27 16:34:07.478  2682  2693 I art     : Background sticky concurrent mark sweep GC freed 366406(11MB) AllocSpace objects, 34(9MB) LOS objects, 31% free, 32MB/47MB, paused 8.110ms total 121.217ms
03-27 16:34:07.838  2682  2693 I art     : Background partial concurrent mark sweep GC freed 357671(11MB) AllocSpace objects, 42(13MB) LOS objects, 33% free, 31MB/47MB, paused 3.527ms total 150.606ms
03-27 16:34:07.954  1623  1682 I ===DaemonService===: ############## Rotation : 0
03-27 16:34:07.954  1623  1682 I ===DaemonService===: ScreenOrientationThread:0 screentOrientation:0
03-27 16:34:07.956  1623  1687 I ===APKProtocolTransmit===: Ready send su-cmd:275
03-27 16:34:07.956  1623  1687 I ===APKProtocolTransmit===: Start send su-cmd:275 length[14]
03-27 16:34:07.956  1623  1687 I ===APKProtocolTransmit===: Will write content:the C socket has not been connected,so dicard the send command:[275]
03-27 16:34:07.968  1623  1687 I ===APKProtocolTransmit===: End send sb-cmd:275
03-27 16:34:08.101   245  2894 D CameraHal: debugShowFPS(622): Camera 11808 Frames, 29.826 FPS
03-27 16:34:08.166  2682  2693 I art     : Background sticky concurrent mark sweep GC freed 388744(12MB) AllocSpace objects, 36(10MB) LOS objects, 31% free, 32MB/47MB, paused 4.008ms total 110.484ms
03-27 16:34:08.554  2682  2693 I art     : Background partial concurrent mark sweep GC freed 367654(11MB) AllocSpace objects, 47(13MB) LOS objects, 33% free, 31MB/47MB, paused 1.971ms total 160.401ms
03-27 16:34:08.595  1623  1685 I USBService: send udp to check mobileagent state.
03-27 16:34:08.596  1623  1688 I ===Mrcp===: sending cmd:276
03-27 16:34:08.598  1623  1872 I USBService: command is : [277] 
03-27 16:34:08.599  1623  1872 I USBService: res:-131070 res2:2 opt:-2
03-27 16:34:08.599  1623  1872 I USBService: 	 mobileagent state:-2. 
03-27 16:34:08.599  1623  1685 I USBService: get mobileagent state 1 and current mobileagent state 1 and usb state of connection false
03-27 16:34:08.870  2682  2693 I art     : Background sticky concurrent mark sweep GC freed 364559(11MB) AllocSpace objects, 37(10MB) LOS objects, 32% free, 32MB/47MB, paused 2.143ms total 100.896ms
03-27 16:34:09.172   245  2894 D CameraHal: debugShowFPS(622): Camera 11840 Frames, 29.869 FPS
03-27 16:34:09.209  2682  2693 I art     : Background partial concurrent mark sweep GC freed 352069(11MB) AllocSpace objects, 42(13MB) LOS objects, 35% free, 29MB/45MB, paused 2.971ms total 115.623ms
03-27 16:34:09.539  2682  2693 I art     : Background sticky concurrent mark sweep GC freed 307278(9MB) AllocSpace objects, 30(8MB) LOS objects, 26% free, 33MB/45MB, paused 2.223ms total 110.722ms
03-27 16:34:09.843  2682  2693 I art     : Background partial concurrent mark sweep GC freed 290319(9MB) AllocSpace objects, 39(13MB) LOS objects, 33% free, 31MB/47MB, paused 1.676ms total 143.540ms
03-27 16:34:10.146  2682  2693 I art     : Background sticky concurrent mark sweep GC freed 336663(10MB) AllocSpace objects, 31(8MB) LOS objects, 29% free, 33MB/47MB, paused 1.975ms total 101.327ms
03-27 16:34:10.248   245  2894 D CameraHal: debugShowFPS(622): Camera 11872 Frames, 29.748 FPS
03-27 16:34:10.470  2682  2693 I art     : Background partial concurrent mark sweep GC freed 342132(11MB) AllocSpace objects, 41(11MB) LOS objects, 32% free, 32MB/48MB, paused 2.901ms total 131.676ms
03-27 16:34:10.960  1623  1682 I ===DaemonService===: ############## Rotation : 0
03-27 16:34:10.960  1623  1682 I ===DaemonService===: ScreenOrientationThread:0 screentOrientation:0
03-27 16:34:10.962  1623  1683 I ===APKProtocolTransmit===: Ready send su-cmd:275
03-27 16:34:10.962  1623  1683 I ===APKProtocolTransmit===: Start send su-cmd:275 length[14]
03-27 16:34:10.962  1623  1683 I ===APKProtocolTransmit===: Will write content:the C socket has not been connected,so dicard the send command:[275]
03-27 16:34:10.968  1623  1683 I ===APKProtocolTransmit===: End send sb-cmd:275
03-27 16:34:11.192  2682  2693 I art     : Background partial concurrent mark sweep GC freed 379522(12MB) AllocSpace objects, 49(13MB) LOS objects, 32% free, 33MB/49MB, paused 2.915ms total 178.023ms
03-27 16:34:11.320   245  2894 D CameraHal: debugShowFPS(622): Camera 11904 Frames, 29.855 FPS
03-27 16:34:11.600  1623  1685 I USBService: send udp to check mobileagent state.
03-27 16:34:11.601  1623  1686 I ===Mrcp===: sending cmd:276
03-27 16:34:11.602  1623  1873 I USBService: command is : [277] 
03-27 16:34:11.602  1623  1873 I USBService: res:-131070 res2:2 opt:-2
03-27 16:34:11.602  1623  1873 I USBService: 	 mobileagent state:-2. 
03-27 16:34:11.602  1623  1685 I USBService: get mobileagent state 1 and current mobileagent state 1 and usb state of connection false
03-27 16:34:11.797  2682  2693 I art     : Background partial concurrent mark sweep GC freed 339157(11MB) AllocSpace objects, 43(12MB) LOS objects, 35% free, 29MB/45MB, paused 543us total 103.613ms
03-27 16:34:12.392   245  2894 D CameraHal: debugShowFPS(622): Camera 11936 Frames, 29.839 FPS
03-27 16:34:12.456  2682  2693 I art     : Background partial concurrent mark sweep GC freed 342642(11MB) AllocSpace objects, 39(12MB) LOS objects, 32% free, 32MB/48MB, paused 4.618ms total 153.518ms
03-27 16:34:12.791  2682  2693 I art     : Background sticky concurrent mark sweep GC freed 336847(10MB) AllocSpace objects, 31(9MB) LOS objects, 27% free, 34MB/48MB, paused 1.832ms total 119.384ms
03-27 16:34:13.137  2682  2693 I art     : Background partial concurrent mark sweep GC freed 323119(10MB) AllocSpace objects, 46(16MB) LOS objects, 33% free, 31MB/47MB, paused 1.150ms total 155.729ms
03-27 16:34:13.450  2682  2693 I art     : Background sticky concurrent mark sweep GC freed 333730(10MB) AllocSpace objects, 33(11MB) LOS objects, 34% free, 30MB/46MB, paused 1.748ms total 100.342ms
03-27 16:34:13.465   245  2894 D CameraHal: debugShowFPS(622): Camera 11968 Frames, 29.825 FPS
03-27 16:34:13.809  2682  2693 I art     : Background partial concurrent mark sweep GC freed 363014(11MB) AllocSpace objects, 44(11MB) LOS objects, 33% free, 32MB/48MB, paused 2.028ms total 157.926ms
03-27 16:34:13.974  1623  1682 I ===DaemonService===: ############## Rotation : 0
03-27 16:34:13.975  1623  1682 I ===DaemonService===: ScreenOrientationThread:0 screentOrientation:0
03-27 16:34:13.976  1623  1676 I ===APKProtocolTransmit===: Ready send su-cmd:275
03-27 16:34:13.976  1623  1676 I ===APKProtocolTransmit===: Start send su-cmd:275 length[14]
03-27 16:34:13.977  1623  1676 I ===APKProtocolTransmit===: Will write content:the C socket has not been connected,so dicard the send command:[275]
03-27 16:34:13.984  1623  1676 I ===APKProtocolTransmit===: End send sb-cmd:275
03-27 16:34:14.134  2682  2693 I art     : Background sticky concurrent mark sweep GC freed 406967(12MB) AllocSpace objects, 37(9MB) LOS objects, 31% free, 32MB/48MB, paused 2.922ms total 112.217ms
03-27 16:34:14.505  2682  2693 I art     : Background partial concurrent mark sweep GC freed 363400(11MB) AllocSpace objects, 44(13MB) LOS objects, 32% free, 33MB/49MB, paused 2.229ms total 153.195ms
03-27 16:34:14.536   245  2894 D CameraHal: debugShowFPS(622): Camera 12000 Frames, 29.881 FPS
03-27 16:34:14.603  1623  1685 I USBService: send udp to check mobileagent state.
03-27 16:34:14.604  1623  1687 I ===Mrcp===: sending cmd:276
03-27 16:34:14.606  1623  1713 I USBService: command is : [277] 
03-27 16:34:14.607  1623  1713 I USBService: res:-131070 res2:2 opt:-2
03-27 16:34:14.607  1623  1713 I USBService: 	 mobileagent state:-2. 
03-27 16:34:14.608  1623  1685 I USBService: get mobileagent state 1 and current mobileagent state 1 and usb state of connection false
03-27 16:34:14.834  2682  2693 I art     : Background sticky concurrent mark sweep GC freed 337273(10MB) AllocSpace objects, 33(10MB) LOS objects, 31% free, 33MB/49MB, paused 2.354ms total 104.362ms
03-27 16:34:15.207  2682  2693 I art     : Background partial concurrent mark sweep GC freed 349799(11MB) AllocSpace objects, 44(14MB) LOS objects, 32% free, 32MB/48MB, paused 1.593ms total 150.059ms
03-27 16:34:15.608   245  2894 D CameraHal: debugShowFPS(622): Camera 12032 Frames, 29.851 FPS
03-27 16:34:15.871  2682  2693 I art     : Background partial concurrent mark sweep GC freed 350903(11MB) AllocSpace objects, 48(15MB) LOS objects, 34% free, 31MB/47MB, paused 1.817ms total 145.632ms
03-27 16:34:16.487  2682  2693 I art     : Background partial concurrent mark sweep GC freed 330350(10MB) AllocSpace objects, 40(13MB) LOS objects, 34% free, 30MB/46MB, paused 1.273ms total 134.912ms
03-27 16:34:16.681   245  2894 D CameraHal: debugShowFPS(622): Camera 12064 Frames, 29.839 FPS
03-27 16:34:16.986  1623  1682 I ===DaemonService===: ############## Rotation : 0
03-27 16:34:16.986  1623  1682 I ===DaemonService===: ScreenOrientationThread:0 screentOrientation:0
03-27 16:34:16.987  1623  1688 I ===APKProtocolTransmit===: Ready send su-cmd:275
03-27 16:34:16.987  1623  1688 I ===APKProtocolTransmit===: Start send su-cmd:275 length[14]
03-27 16:34:16.987  1623  1688 I ===APKProtocolTransmit===: Will write content:the C socket has not been connected,so dicard the send command:[275]
03-27 16:34:16.991  1623  1688 I ===APKProtocolTransmit===: End send sb-cmd:275
03-27 16:34:17.151  2682  2693 I art     : Background partial concurrent mark sweep GC freed 354556(11MB) AllocSpace objects, 43(12MB) LOS objects, 33% free, 31MB/47MB, paused 1.126ms total 139.095ms
03-27 16:34:17.475  2682  2693 I art     : Background sticky concurrent mark sweep GC freed 281441(8MB) AllocSpace objects, 27(8MB) LOS objects, 27% free, 34MB/47MB, paused 2.339ms total 100.828ms
03-27 16:34:17.609  1623  1685 I USBService: send udp to check mobileagent state.
03-27 16:34:17.610  1623  1683 I ===Mrcp===: sending cmd:276
03-27 16:34:17.612  1623  1872 I USBService: command is : [277] 
03-27 16:34:17.613  1623  1872 I USBService: res:-131070 res2:2 opt:-2
03-27 16:34:17.613  1623  1872 I USBService: 	 mobileagent state:-2. 
03-27 16:34:17.614  1623  1685 I USBService: get mobileagent state 1 and current mobileagent state 1 and usb state of connection false
03-27 16:34:17.756   245  2894 D CameraHal: debugShowFPS(622): Camera 12096 Frames, 29.758 FPS
03-27 16:34:17.781  2682  2693 I art     : Background partial concurrent mark sweep GC freed 290069(9MB) AllocSpace objects, 40(14MB) LOS objects, 33% free, 31MB/47MB, paused 1.984ms total 136.534ms
03-27 16:34:18.452  2682  2693 I art     : Background partial concurrent mark sweep GC freed 317791(10MB) AllocSpace objects, 39(13MB) LOS objects, 32% free, 32MB/48MB, paused 2.439ms total 138.947ms
03-27 16:34:18.828   245  2894 D CameraHal: debugShowFPS(622): Camera 12128 Frames, 29.838 FPS
03-27 16:34:19.127  2682  2693 I art     : Background partial concurrent mark sweep GC freed 376439(12MB) AllocSpace objects, 47(13MB) LOS objects, 33% free, 32MB/48MB, paused 1.774ms total 145.655ms
03-27 16:34:19.458  2682  2693 I art     : Background sticky concurrent mark sweep GC freed 342099(10MB) AllocSpace objects, 33(8MB) LOS objects, 30% free, 33MB/48MB, paused 2.213ms total 108.837ms
03-27 16:34:19.800  2682  2693 I art     : Background partial concurrent mark sweep GC freed 305911(9MB) AllocSpace objects, 43(14MB) LOS objects, 34% free, 30MB/46MB, paused 2.489ms total 141.257ms
03-27 16:34:19.900   245  2894 D CameraHal: debugShowFPS(622): Camera 12160 Frames, 29.847 FPS
03-27 16:34:19.989  1623  1682 I ===DaemonService===: ############## Rotation : 0
03-27 16:34:19.990  1623  1682 I ===DaemonService===: ScreenOrientationThread:0 screentOrientation:0
03-27 16:34:20.000  1623  1686 I ===APKProtocolTransmit===: Ready send su-cmd:275
03-27 16:34:20.000  1623  1686 I ===APKProtocolTransmit===: Start send su-cmd:275 length[14]
03-27 16:34:20.001  1623  1686 I ===APKProtocolTransmit===: Will write content:the C socket has not been connected,so dicard the send command:[275]
03-27 16:34:20.009  1623  1686 I ===APKProtocolTransmit===: End send sb-cmd:275
03-27 16:34:20.474  2682  2693 I art     : Background partial concurrent mark sweep GC freed 378765(12MB) AllocSpace objects, 43(11MB) LOS objects, 33% free, 31MB/47MB, paused 2.714ms total 144.834ms
03-27 16:34:20.615  1623  1685 I USBService: send udp to check mobileagent state.
03-27 16:34:20.616  1623  1676 I ===Mrcp===: sending cmd:276
03-27 16:34:20.618  1623  1873 I USBService: command is : [277] 
03-27 16:34:20.618  1623  1873 I USBService: res:-131070 res2:2 opt:-2
03-27 16:34:20.618  1623  1873 I USBService: 	 mobileagent state:-2. 
03-27 16:34:20.618  1623  1685 I USBService: get mobileagent state 1 and current mobileagent state 1 and usb state of connection false
03-27 16:34:20.800  2682  2693 I art     : Background sticky concurrent mark sweep GC freed 351088(11MB) AllocSpace objects, 34(10MB) LOS objects, 32% free, 32MB/47MB, paused 6.400ms total 100.272ms
03-27 16:34:20.972   245  2894 D CameraHal: debugShowFPS(622): Camera 12192 Frames, 29.866 FPS
03-27 16:34:21.162  2682  2693 I art     : Background partial concurrent mark sweep GC freed 332184(10MB) AllocSpace objects, 44(13MB) LOS objects, 33% free, 31MB/47MB, paused 2.931ms total 144.706ms
03-27 16:34:21.523  2682  2682 D SyncManager: 获取公司信息
03-27 16:34:21.524  2682  2682 D SyncManager: 地址：http://47.105.80.245:8080/api/company/getcompany.html
03-27 16:34:21.524  2682  2682 D SyncManager: 参数：00000000-385c-5a58-0000-000000dd4a18
03-27 16:34:21.614  2682  2682 D SyncManager: {"message":"该设备未绑定公司","status":4,"company":{}}
03-27 16:34:21.622  2682  2682 D SyncManager: 重新获取公司信息
03-27 16:34:21.825  2682  2693 I art     : Background partial concurrent mark sweep GC freed 338771(10MB) AllocSpace objects, 43(13MB) LOS objects, 33% free, 31MB/47MB, paused 2.180ms total 156.516ms
03-27 16:34:22.044   245  2894 D CameraHal: debugShowFPS(622): Camera 12224 Frames, 29.844 FPS
03-27 16:34:22.130  2682  2693 I art     : Background sticky concurrent mark sweep GC freed 331067(10MB) AllocSpace objects, 33(10MB) LOS objects, 31% free, 32MB/47MB, paused 1.812ms total 107.149ms
03-27 16:34:22.443  2682  2693 I art     : Background partial concurrent mark sweep GC freed 355751(11MB) AllocSpace objects, 43(13MB) LOS objects, 36% free, 27MB/43MB, paused 1.148ms total 108.056ms
03-27 16:34:23.009  1623  1682 I ===DaemonService===: ############## Rotation : 0
03-27 16:34:23.009  1623  1682 I ===DaemonService===: ScreenOrientationThread:0 screentOrientation:0
03-27 16:34:23.010  1623  1687 I ===APKProtocolTransmit===: Ready send su-cmd:275
03-27 16:34:23.010  1623  1687 I ===APKProtocolTransmit===: Start send su-cmd:275 length[14]
03-27 16:34:23.010  1623  1687 I ===APKProtocolTransmit===: Will write content:the C socket has not been connected,so dicard the send command:[275]
03-27 16:34:23.014  1623  1687 I ===APKProtocolTransmit===: End send sb-cmd:275
03-27 16:34:23.034  2682  2693 I art     : Background partial concurrent mark sweep GC freed 258530(8MB) AllocSpace objects, 35(12MB) LOS objects, 35% free, 29MB/45MB, paused 1.742ms total 118.602ms
03-27 16:34:23.116   245  2894 D CameraHal: debugShowFPS(622): Camera 12256 Frames, 29.848 FPS
03-27 16:34:23.620  1623  1685 I USBService: send udp to check mobileagent state.
03-27 16:34:23.623  1623  1688 I ===Mrcp===: sending cmd:276
03-27 16:34:23.629  1623  1713 I USBService: command is : [277] 
03-27 16:34:23.629  1623  1713 I USBService: res:-131070 res2:2 opt:-2
03-27 16:34:23.629  1623  1713 I USBService: 	 mobileagent state:-2. 
03-27 16:34:23.629  1623  1685 I USBService: get mobileagent state 1 and current mobileagent state 1 and usb state of connection false
03-27 16:34:23.648  2682  2693 I art     : Background partial concurrent mark sweep GC freed 319180(10MB) AllocSpace objects, 41(12MB) LOS objects, 34% free, 30MB/46MB, paused 1.601ms total 129.932ms
03-27 16:34:24.188   245  2894 D CameraHal: debugShowFPS(622): Camera 12288 Frames, 29.854 FPS
03-27 16:34:24.309  2682  2693 I art     : Background partial concurrent mark sweep GC freed 332502(10MB) AllocSpace objects, 42(13MB) LOS objects, 34% free, 29MB/45MB, paused 797us total 132.402ms
03-27 16:34:24.971  2682  2693 I art     : Background partial concurrent mark sweep GC freed 312358(10MB) AllocSpace objects, 41(13MB) LOS objects, 33% free, 31MB/47MB, paused 4.727ms total 155.198ms
03-27 16:34:25.261   245  2894 D CameraHal: debugShowFPS(622): Camera 12320 Frames, 29.841 FPS
03-27 16:34:25.298  2682  2693 I art     : Background sticky concurrent mark sweep GC freed 358115(11MB) AllocSpace objects, 36(11MB) LOS objects, 33% free, 31MB/47MB, paused 2.596ms total 116.606ms
03-27 16:34:25.624  2682  2693 I art     : Background partial concurrent mark sweep GC freed 327288(10MB) AllocSpace objects, 42(14MB) LOS objects, 36% free, 27MB/43MB, paused 1.481ms total 102.789ms
03-27 16:34:26.014  1623  1682 I ===DaemonService===: ############## Rotation : 0
03-27 16:34:26.014  1623  1682 I ===DaemonService===: ScreenOrientationThread:0 screentOrientation:0
03-27 16:34:26.015  1623  1683 I ===APKProtocolTransmit===: Ready send su-cmd:275
03-27 16:34:26.015  1623  1683 I ===APKProtocolTransmit===: Start send su-cmd:275 length[14]
03-27 16:34:26.015  1623  1683 I ===APKProtocolTransmit===: Will write content:the C socket has not been connected,so dicard the send command:[275]
03-27 16:34:26.021  1623  1683 I ===APKProtocolTransmit===: End send sb-cmd:275
03-27 16:34:26.257  2682  2693 I art     : Background partial concurrent mark sweep GC freed 332875(10MB) AllocSpace objects, 42(11MB) LOS objects, 34% free, 30MB/46MB, paused 2.061ms total 143.236ms
03-27 16:34:26.336   245  2894 D CameraHal: debugShowFPS(622): Camera 12352 Frames, 29.759 FPS
03-27 16:34:26.630  1623  1685 I USBService: send udp to check mobileagent state.
03-27 16:34:26.631  1623  1686 I ===Mrcp===: sending cmd:276
03-27 16:34:26.632  1623  1872 I USBService: command is : [277] 
03-27 16:34:26.632  1623  1872 I USBService: res:-131070 res2:2 opt:-2
03-27 16:34:26.632  1623  1872 I USBService: 	 mobileagent state:-2. 
03-27 16:34:26.632  1623  1685 I USBService: get mobileagent state 1 and current mobileagent state 1 and usb state of connection false
03-27 16:34:26.920  2682  2693 I art     : Background partial concurrent mark sweep GC freed 339536(10MB) AllocSpace objects, 41(12MB) LOS objects, 34% free, 30MB/46MB, paused 5.037ms total 139.780ms
03-27 16:34:27.408   245  2894 D CameraHal: debugShowFPS(622): Camera 12384 Frames, 29.846 FPS
03-27 16:34:27.531  2682  2693 I art     : Background partial concurrent mark sweep GC freed 330993(10MB) AllocSpace objects, 42(14MB) LOS objects, 35% free, 29MB/45MB, paused 1.932ms total 139.462ms
03-27 16:34:28.157  2682  2693 I art     : Background partial concurrent mark sweep GC freed 312669(9MB) AllocSpace objects, 41(12MB) LOS objects, 34% free, 30MB/46MB, paused 4.140ms total 119.933ms
03-27 16:34:28.480   245  2894 D CameraHal: debugShowFPS(622): Camera 12416 Frames, 29.844 FPS
03-27 16:34:28.782  2682  2693 I art     : Background partial concurrent mark sweep GC freed 293022(9MB) AllocSpace objects, 38(14MB) LOS objects, 33% free, 31MB/47MB, paused 2.154ms total 142.703ms
03-27 16:34:29.036  1623  1682 I ===DaemonService===: ############## Rotation : 0
03-27 16:34:29.037  1623  1682 I ===DaemonService===: ScreenOrientationThread:0 screentOrientation:0
03-27 16:34:29.041  1623  1676 I ===APKProtocolTransmit===: Ready send su-cmd:275
03-27 16:34:29.041  1623  1676 I ===APKProtocolTransmit===: Start send su-cmd:275 length[14]
03-27 16:34:29.041  1623  1676 I ===APKProtocolTransmit===: Will write content:the C socket has not been connected,so dicard the send command:[275]
03-27 16:34:29.043  1623  1676 I ===APKProtocolTransmit===: End send sb-cmd:275
03-27 16:34:29.104  2682  2693 I art     : Background sticky concurrent mark sweep GC freed 369187(11MB) AllocSpace objects, 35(9MB) LOS objects, 31% free, 32MB/47MB, paused 2.826ms total 114.767ms
03-27 16:34:29.413  2682  2925 I PacketWriter: 心跳 
03-27 16:34:29.435  2682  2693 I art     : Background partial concurrent mark sweep GC freed 317042(10MB) AllocSpace objects, 43(14MB) LOS objects, 34% free, 30MB/46MB, paused 1.202ms total 131.763ms
03-27 16:34:29.552   245  2894 D CameraHal: debugShowFPS(622): Camera 12448 Frames, 29.847 FPS
03-27 16:34:29.633  1623  1685 I USBService: send udp to check mobileagent state.
03-27 16:34:29.635  1623  1687 I ===Mrcp===: sending cmd:276
03-27 16:34:29.636  1623  1873 I USBService: command is : [277] 
03-27 16:34:29.636  1623  1873 I USBService: res:-131070 res2:2 opt:-2
03-27 16:34:29.637  1623  1873 I USBService: 	 mobileagent state:-2. 
03-27 16:34:29.637  1623  1685 I USBService: get mobileagent state 1 and current mobileagent state 1 and usb state of connection false
03-27 16:34:30.073  2682  2693 I art     : Background partial concurrent mark sweep GC freed 332509(10MB) AllocSpace objects, 41(13MB) LOS objects, 34% free, 29MB/45MB, paused 2.020ms total 132.368ms
03-27 16:34:30.624   245  2894 D CameraHal: debugShowFPS(622): Camera 12480 Frames, 29.857 FPS
03-27 16:34:30.722  2682  2693 I art     : Background partial concurrent mark sweep GC freed 352859(11MB) AllocSpace objects, 42(11MB) LOS objects, 32% free, 33MB/49MB, paused 3.960ms total 150.788ms
03-27 16:34:31.059  2682  2693 I art     : Background sticky concurrent mark sweep GC freed 383690(12MB) AllocSpace objects, 36(10MB) LOS objects, 31% free, 33MB/49MB, paused 4.635ms total 108.065ms
03-27 16:34:31.399  2682  2693 I art     : Background partial concurrent mark sweep GC freed 346372(11MB) AllocSpace objects, 46(15MB) LOS objects, 33% free, 31MB/47MB, paused 2.394ms total 126.814ms
03-27 16:34:31.696   245  2894 D CameraHal: debugShowFPS(622): Camera 12512 Frames, 29.845 FPS
03-27 16:34:32.047  1623  1682 I ===DaemonService===: ############## Rotation : 0
03-27 16:34:32.048  1623  1682 I ===DaemonService===: ScreenOrientationThread:0 screentOrientation:0
03-27 16:34:32.050  1623  1688 I ===APKProtocolTransmit===: Ready send su-cmd:275
03-27 16:34:32.050  1623  1688 I ===APKProtocolTransmit===: Start send su-cmd:275 length[14]
03-27 16:34:32.051  1623  1688 I ===APKProtocolTransmit===: Will write content:the C socket has not been connected,so dicard the send command:[275]
03-27 16:34:32.068  1623  1688 I ===APKProtocolTransmit===: End send sb-cmd:275
03-27 16:34:32.079  2682  2693 I art     : Background partial concurrent mark sweep GC freed 357214(11MB) AllocSpace objects, 43(12MB) LOS objects, 33% free, 31MB/47MB, paused 4.217ms total 149.260ms
03-27 16:34:32.393  2682  2693 I art     : Background sticky concurrent mark sweep GC freed 323146(10MB) AllocSpace objects, 32(10MB) LOS objects, 31% free, 32MB/47MB, paused 6.312ms total 103.694ms
03-27 16:34:32.637  1623  1685 I USBService: send udp to check mobileagent state.
03-27 16:34:32.638  1623  1683 I ===Mrcp===: sending cmd:276
03-27 16:34:32.639  1623  1713 I USBService: command is : [277] 
03-27 16:34:32.640  1623  1713 I USBService: res:-131070 res2:2 opt:-2
03-27 16:34:32.640  1623  1713 I USBService: 	 mobileagent state:-2. 
03-27 16:34:32.640  1623  1685 I USBService: get mobileagent state 1 and current mobileagent state 1 and usb state of connection false
03-27 16:34:32.694  2682  2693 I art     : Background partial concurrent mark sweep GC freed 336008(10MB) AllocSpace objects, 43(13MB) LOS objects, 34% free, 29MB/45MB, paused 1.906ms total 126.540ms
03-27 16:34:32.768   245  2894 D CameraHal: debugShowFPS(622): Camera 12544 Frames, 29.852 FPS
03-27 16:34:33.008  2682  2693 I art     : Background sticky concurrent mark sweep GC freed 339111(10MB) AllocSpace objects, 32(8MB) LOS objects, 30% free, 32MB/45MB, paused 9.050ms total 99.539ms
03-27 16:34:33.316  2682  2693 I art     : Background partial concurrent mark sweep GC freed 289826(9MB) AllocSpace objects, 40(13MB) LOS objects, 35% free, 29MB/45MB, paused 543us total 114.258ms
03-27 16:34:33.844   245  2894 D CameraHal: debugShowFPS(622): Camera 12576 Frames, 29.745 FPS
03-27 16:34:33.947  2682  2693 I art     : Background partial concurrent mark sweep GC freed 339657(10MB) AllocSpace objects, 42(12MB) LOS objects, 33% free, 31MB/47MB, paused 2.765ms total 144.571ms
03-27 16:34:34.274  2682  2693 I art     : Background sticky concurrent mark sweep GC freed 316142(9MB) AllocSpace objects, 33(10MB) LOS objects, 28% free, 33MB/47MB, paused 2.664ms total 108.518ms
03-27 16:34:34.616  2682  2693 I art     : Background partial concurrent mark sweep GC freed 353623(11MB) AllocSpace objects, 43(13MB) LOS objects, 33% free, 31MB/47MB, paused 1.285ms total 148.372ms
03-27 16:34:34.917   245  2894 D CameraHal: debugShowFPS(622): Camera 12608 Frames, 29.838 FPS
03-27 16:34:34.943  2682  2693 I art     : Background sticky concurrent mark sweep GC freed 360047(11MB) AllocSpace objects, 35(10MB) LOS objects, 34% free, 30MB/46MB, paused 2.227ms total 102.467ms
03-27 16:34:35.059  1623  1682 I ===DaemonService===: ############## Rotation : 0
03-27 16:34:35.061  1623  1682 I ===DaemonService===: ScreenOrientationThread:0 screentOrientation:0
03-27 16:34:35.062  1623  1686 I ===APKProtocolTransmit===: Ready send su-cmd:275
03-27 16:34:35.062  1623  1686 I ===APKProtocolTransmit===: Start send su-cmd:275 length[14]
03-27 16:34:35.062  1623  1686 I ===APKProtocolTransmit===: Will write content:the C socket has not been connected,so dicard the send command:[275]
03-27 16:34:35.072  1623  1686 I ===APKProtocolTransmit===: End send sb-cmd:275
03-27 16:34:35.312  2682  2693 I art     : Background partial concurrent mark sweep GC freed 371427(11MB) AllocSpace objects, 45(11MB) LOS objects, 33% free, 31MB/47MB, paused 2.992ms total 156.814ms
03-27 16:34:35.638  2682  2693 I art     : Background sticky concurrent mark sweep GC freed 374827(11MB) AllocSpace objects, 36(9MB) LOS objects, 32% free, 31MB/47MB, paused 3.267ms total 111.134ms
03-27 16:34:35.641  1623  1685 I USBService: send udp to check mobileagent state.
03-27 16:34:35.644  1623  1872 I USBService: command is : [277] 
03-27 16:34:35.644  1623  1872 I USBService: res:-131070 res2:2 opt:-2
03-27 16:34:35.645  1623  1872 I USBService: 	 mobileagent state:-2. 
03-27 16:34:35.645  1623  1685 I USBService: get mobileagent state 1 and current mobileagent state 1 and usb state of connection false
03-27 16:34:35.645  1623  1676 I ===Mrcp===: sending cmd:276
03-27 16:34:35.985  2682  2693 I art     : Background partial concurrent mark sweep GC freed 350828(11MB) AllocSpace objects, 41(12MB) LOS objects, 32% free, 32MB/48MB, paused 1.829ms total 142.752ms
03-27 16:34:35.988   245  2894 D CameraHal: debugShowFPS(622): Camera 12640 Frames, 29.865 FPS
03-27 16:34:36.655  2682  2693 I art     : Background partial concurrent mark sweep GC freed 319227(10MB) AllocSpace objects, 44(14MB) LOS objects, 33% free, 31MB/47MB, paused 567us total 138.388ms
03-27 16:34:36.984  2682  2693 I art     : Background sticky concurrent mark sweep GC freed 342565(10MB) AllocSpace objects, 33(8MB) LOS objects, 33% free, 31MB/47MB, paused 2.867ms total 102.013ms
03-27 16:34:37.061   245  2894 D CameraHal: debugShowFPS(622): Camera 12672 Frames, 29.824 FPS
03-27 16:34:37.350  2682  2693 I art     : Background partial concurrent mark sweep GC freed 319804(10MB) AllocSpace objects, 43(14MB) LOS objects, 34% free, 29MB/45MB, paused 4.546ms total 145.247ms
03-27 16:34:38.025  2682  2693 I art     : Background partial concurrent mark sweep GC freed 366141(11MB) AllocSpace objects, 45(12MB) LOS objects, 33% free, 32MB/48MB, paused 6.754ms total 172.300ms
03-27 16:34:38.067  1623  1682 I ===DaemonService===: ############## Rotation : 0
03-27 16:34:38.068  1623  1682 I ===DaemonService===: ScreenOrientationThread:0 screentOrientation:0
03-27 16:34:38.069  1623  1687 I ===APKProtocolTransmit===: Ready send su-cmd:275
03-27 16:34:38.069  1623  1687 I ===APKProtocolTransmit===: Start send su-cmd:275 length[14]
03-27 16:34:38.069  1623  1687 I ===APKProtocolTransmit===: Will write content:the C socket has not been connected,so dicard the send command:[275]
03-27 16:34:38.074  1623  1687 I ===APKProtocolTransmit===: End send sb-cmd:275
03-27 16:34:38.132   245  2894 D CameraHal: debugShowFPS(622): Camera 12704 Frames, 29.871 FPS
03-27 16:34:38.332  2682  2693 I art     : Background sticky concurrent mark sweep GC freed 353370(11MB) AllocSpace objects, 34(10MB) LOS objects, 30% free, 33MB/48MB, paused 3.857ms total 102.416ms
03-27 16:34:38.646  1623  1685 I USBService: send udp to check mobileagent state.
03-27 16:34:38.647  1623  1688 I ===Mrcp===: sending cmd:276
03-27 16:34:38.650  1623  1873 I USBService: command is : [277] 
03-27 16:34:38.650  1623  1873 I USBService: res:-131070 res2:2 opt:-2
03-27 16:34:38.650  1623  1873 I USBService: 	 mobileagent state:-2. 
03-27 16:34:38.651  1623  1685 I USBService: get mobileagent state 1 and current mobileagent state 1 and usb state of connection false
03-27 16:34:38.968  2682  2693 I art     : Background sticky concurrent mark sweep GC freed 320331(10MB) AllocSpace objects, 28(6MB) LOS objects, 23% free, 32MB/42MB, paused 3.921ms total 110.999ms
03-27 16:34:39.205   245  2894 D CameraHal: debugShowFPS(622): Camera 12736 Frames, 29.845 FPS
03-27 16:34:39.240  2682  2693 I art     : Background partial concurrent mark sweep GC freed 292710(9MB) AllocSpace objects, 41(11MB) LOS objects, 33% free, 31MB/47MB, paused 2.602ms total 143.101ms
03-27 16:34:39.885  2682  2693 I art     : Background partial concurrent mark sweep GC freed 316003(10MB) AllocSpace objects, 38(12MB) LOS objects, 34% free, 29MB/45MB, paused 1.424ms total 112.278ms
03-27 16:34:40.277   245  2894 D CameraHal: debugShowFPS(622): Camera 12768 Frames, 29.852 FPS
03-27 16:34:40.546  2682  2693 I art     : Background partial concurrent mark sweep GC freed 346232(11MB) AllocSpace objects, 41(12MB) LOS objects, 34% free, 30MB/46MB, paused 1.803ms total 139.985ms
03-27 16:34:41.071  1623  1682 I ===DaemonService===: ############## Rotation : 0
03-27 16:34:41.071  1623  1682 I ===DaemonService===: ScreenOrientationThread:0 screentOrientation:0
03-27 16:34:41.073  1623  1683 I ===APKProtocolTransmit===: Ready send su-cmd:275
03-27 16:34:41.073  1623  1683 I ===APKProtocolTransmit===: Start send su-cmd:275 length[14]
03-27 16:34:41.073  1623  1683 I ===APKProtocolTransmit===: Will write content:the C socket has not been connected,so dicard the send command:[275]
03-27 16:34:41.078  1623  1683 I ===APKProtocolTransmit===: End send sb-cmd:275
03-27 16:34:41.192  2682  2693 I art     : Background partial concurrent mark sweep GC freed 341316(10MB) AllocSpace objects, 40(12MB) LOS objects, 34% free, 29MB/45MB, paused 3.416ms total 125.783ms
03-27 16:34:41.352   245  2894 D CameraHal: debugShowFPS(622): Camera 12800 Frames, 29.757 FPS
03-27 16:34:41.651  1623  1685 I USBService: send udp to check mobileagent state.
03-27 16:34:41.653  1623  1686 I ===Mrcp===: sending cmd:276
03-27 16:34:41.654  1623  1713 I USBService: command is : [277] 
03-27 16:34:41.654  1623  1713 I USBService: res:-131070 res2:2 opt:-2
03-27 16:34:41.654  1623  1713 I USBService: 	 mobileagent state:-2. 
03-27 16:34:41.654  1623  1685 I USBService: get mobileagent state 1 and current mobileagent state 1 and usb state of connection false
03-27 16:34:41.816  2682  2693 I art     : Background partial concurrent mark sweep GC freed 323590(10MB) AllocSpace objects, 41(13MB) LOS objects, 36% free, 27MB/43MB, paused 2.841ms total 108.204ms
03-27 16:34:42.399  2682  2693 I art     : Background partial concurrent mark sweep GC freed 256376(8MB) AllocSpace objects, 35(12MB) LOS objects, 35% free, 29MB/45MB, paused 857us total 116.137ms
03-27 16:34:42.424   245  2894 D CameraHal: debugShowFPS(622): Camera 12832 Frames, 29.840 FPS
03-27 16:34:43.030  2682  2693 I art     : Background partial concurrent mark sweep GC freed 325724(10MB) AllocSpace objects, 41(11MB) LOS objects, 33% free, 31MB/47MB, paused 2.775ms total 150.577ms
03-27 16:34:43.363  2682  2693 I art     : Background sticky concurrent mark sweep GC freed 336001(10MB) AllocSpace objects, 33(10MB) LOS objects, 29% free, 33MB/47MB, paused 3.012ms total 112.457ms
03-27 16:34:43.496   245  2894 D CameraHal: debugShowFPS(622): Camera 12864 Frames, 29.859 FPS
03-27 16:34:43.676  2682  2693 I art     : Background partial concurrent mark sweep GC freed 315087(10MB) AllocSpace objects, 44(13MB) LOS objects, 34% free, 30MB/46MB, paused 2.450ms total 121.226ms
03-27 16:34:44.080  1623  1682 I ===DaemonService===: ############## Rotation : 0
03-27 16:34:44.081  1623  1682 I ===DaemonService===: ScreenOrientationThread:0 screentOrientation:0
03-27 16:34:44.085  1623  1676 I ===APKProtocolTransmit===: Ready send su-cmd:275
03-27 16:34:44.085  1623  1676 I ===APKProtocolTransmit===: Start send su-cmd:275 length[14]
03-27 16:34:44.085  1623  1676 I ===APKProtocolTransmit===: Will write content:the C socket has not been connected,so dicard the send command:[275]
03-27 16:34:44.089  1623  1676 I ===APKProtocolTransmit===: End send sb-cmd:275
03-27 16:34:44.336  2682  2693 I art     : Background partial concurrent mark sweep GC freed 314350(10MB) AllocSpace objects, 42(14MB) LOS objects, 34% free, 30MB/46MB, paused 1.964ms total 148.313ms
03-27 16:34:44.568   245  2894 D CameraHal: debugShowFPS(622): Camera 12896 Frames, 29.848 FPS
03-27 16:34:44.655  1623  1685 I USBService: send udp to check mobileagent state.
03-27 16:34:44.656  1623  1687 I ===Mrcp===: sending cmd:276
03-27 16:34:44.658  1623  1872 I USBService: command is : [277] 
03-27 16:34:44.658  1623  1872 I USBService: res:-131070 res2:2 opt:-2
03-27 16:34:44.658  1623  1872 I USBService: 	 mobileagent state:-2. 
03-27 16:34:44.659  1623  1685 I USBService: get mobileagent state 1 and current mobileagent state 1 and usb state of connection false
