03-27 16:34:45.012  2682  2693 I art     : Background partial concurrent mark sweep GC freed 348631(11MB) AllocSpace objects, 44(13MB) LOS objects, 33% free, 31MB/47MB, paused 1.424ms total 151.582ms
03-27 16:34:45.640   245  2894 D CameraHal: debugShowFPS(622): Camera 12928 Frames, 29.850 FPS
03-27 16:34:45.706  2682  2693 I art     : Background partial concurrent mark sweep GC freed 363207(11MB) AllocSpace objects, 45(13MB) LOS objects, 33% free, 31MB/47MB, paused 6.692ms total 174.507ms
03-27 16:34:46.395  2682  2693 I art     : Background partial concurrent mark sweep GC freed 378246(12MB) AllocSpace objects, 44(12MB) LOS objects, 32% free, 32MB/48MB, paused 4.428ms total 165.628ms
03-27 16:34:46.713   245  2894 D CameraHal: debugShowFPS(622): Camera 12960 Frames, 29.829 FPS
03-27 16:34:47.069  2682  2693 I art     : Background partial concurrent mark sweep GC freed 362984(11MB) AllocSpace objects, 46(15MB) LOS objects, 35% free, 29MB/45MB, paused 4.846ms total 137.487ms
03-27 16:34:47.087  1623  1682 I ===DaemonService===: ############## Rotation : 0
03-27 16:34:47.088  1623  1682 I ===DaemonService===: ScreenOrientationThread:0 screentOrientation:0
03-27 16:34:47.088  1623  1688 I ===APKProtocolTransmit===: Ready send su-cmd:275
03-27 16:34:47.088  1623  1688 I ===APKProtocolTransmit===: Start send su-cmd:275 length[14]
03-27 16:34:47.089  1623  1688 I ===APKProtocolTransmit===: Will write content:the C socket has not been connected,so dicard the send command:[275]
03-27 16:34:47.098  1623  1688 I ===APKProtocolTransmit===: End send sb-cmd:275
03-27 16:34:47.404  2682  2693 I art     : Background sticky concurrent mark sweep GC freed 323047(10MB) AllocSpace objects, 31(8MB) LOS objects, 29% free, 32MB/45MB, paused 3.245ms total 111.467ms
03-27 16:34:47.659  1623  1685 I USBService: send udp to check mobileagent state.
03-27 16:34:47.661  1623  1683 I ===Mrcp===: sending cmd:276
03-27 16:34:47.662  1623  1873 I USBService: command is : [277] 
03-27 16:34:47.663  1623  1873 I USBService: res:-131070 res2:2 opt:-2
03-27 16:34:47.663  1623  1873 I USBService: 	 mobileagent state:-2. 
03-27 16:34:47.665  1623  1685 I USBService: get mobileagent state 1 and current mobileagent state 1 and usb state of connection false
03-27 16:34:47.722  2682  2693 I art     : Background partial concurrent mark sweep GC freed 353977(11MB) AllocSpace objects, 43(11MB) LOS objects, 33% free, 31MB/47MB, paused 1.640ms total 146.726ms
03-27 16:34:47.784   245  2894 D CameraHal: debugShowFPS(622): Camera 12992 Frames, 29.873 FPS
03-27 16:34:48.072  2682  2693 I art     : Background sticky concurrent mark sweep GC freed 368179(11MB) AllocSpace objects, 35(9MB) LOS objects, 29% free, 33MB/47MB, paused 2.262ms total 115.221ms
03-27 16:34:48.394  2682  2693 I art     : Background partial concurrent mark sweep GC freed 361258(11MB) AllocSpace objects, 43(11MB) LOS objects, 33% free, 32MB/48MB, paused 2.297ms total 148.937ms
03-27 16:34:48.856   245  2894 D CameraHal: debugShowFPS(622): Camera 13024 Frames, 29.844 FPS
03-27 16:34:49.009  2682  2693 I art     : Background partial concurrent mark sweep GC freed 308185(9MB) AllocSpace objects, 42(14MB) LOS objects, 35% free, 29MB/45MB, paused 1.996ms total 107.137ms
03-27 16:34:49.620  2682  2693 I art     : Background partial concurrent mark sweep GC freed 316387(10MB) AllocSpace objects, 41(12MB) LOS objects, 34% free, 30MB/46MB, paused 3.597ms total 135.886ms
03-27 16:34:49.932   245  2894 D CameraHal: debugShowFPS(622): Camera 13056 Frames, 29.752 FPS
03-27 16:34:49.954  2682  2693 I art     : Background sticky concurrent mark sweep GC freed 370083(11MB) AllocSpace objects, 33(8MB) LOS objects, 32% free, 31MB/46MB, paused 3.094ms total 102.784ms
03-27 16:34:50.098  1623  1682 I ===DaemonService===: ############## Rotation : 0
03-27 16:34:50.099  1623  1682 I ===DaemonService===: ScreenOrientationThread:0 screentOrientation:0
03-27 16:34:50.101  1623  1686 I ===APKProtocolTransmit===: Ready send su-cmd:275
03-27 16:34:50.101  1623  1686 I ===APKProtocolTransmit===: Start send su-cmd:275 length[14]
03-27 16:34:50.102  1623  1686 I ===APKProtocolTransmit===: Will write content:the C socket has not been connected,so dicard the send command:[275]
03-27 16:34:50.110  1623  1686 I ===APKProtocolTransmit===: End send sb-cmd:275
03-27 16:34:50.296  2682  2693 I art     : Background partial concurrent mark sweep GC freed 356136(11MB) AllocSpace objects, 47(13MB) LOS objects, 34% free, 30MB/46MB, paused 1.285ms total 139.567ms
03-27 16:34:50.612  2682  2693 I art     : Background sticky concurrent mark sweep GC freed 346779(11MB) AllocSpace objects, 31(7MB) LOS objects, 26% free, 34MB/46MB, paused 6.691ms total 111.380ms
03-27 16:34:50.665  1623  1685 I USBService: send udp to check mobileagent state.
03-27 16:34:50.668  1623  1676 I ===Mrcp===: sending cmd:276
03-27 16:34:50.669  1623  1713 I USBService: command is : [277] 
03-27 16:34:50.669  1623  1713 I USBService: res:-131070 res2:2 opt:-2
03-27 16:34:50.669  1623  1713 I USBService: 	 mobileagent state:-2. 
03-27 16:34:50.669  1623  1685 I USBService: get mobileagent state 1 and current mobileagent state 1 and usb state of connection false
03-27 16:34:50.871  2682  2693 I art     : Background partial concurrent mark sweep GC freed 316895(10MB) AllocSpace objects, 41(11MB) LOS objects, 34% free, 30MB/46MB, paused 4.370ms total 111.960ms
03-27 16:34:51.004   245  2894 D CameraHal: debugShowFPS(622): Camera 13088 Frames, 29.852 FPS
03-27 16:34:51.204  2682  2693 I art     : Background sticky concurrent mark sweep GC freed 369974(11MB) AllocSpace objects, 34(7MB) LOS objects, 29% free, 32MB/46MB, paused 1.909ms total 111.541ms
03-27 16:34:51.516  2682  2693 I art     : Background partial concurrent mark sweep GC freed 320282(10MB) AllocSpace objects, 40(13MB) LOS objects, 35% free, 29MB/45MB, paused 1.641ms total 121.719ms
03-27 16:34:51.639  2682  2682 D SyncManager: 获取公司信息
03-27 16:34:51.640  2682  2682 D SyncManager: 地址：http://47.105.80.245:8080/api/company/getcompany.html
03-27 16:34:51.640  2682  2682 D SyncManager: 参数：00000000-385c-5a58-0000-000000dd4a18
03-27 16:34:52.076   245  2894 D CameraHal: debugShowFPS(622): Camera 13120 Frames, 29.840 FPS
03-27 16:34:52.145  2682  2693 I art     : Background partial concurrent mark sweep GC freed 304301(9MB) AllocSpace objects, 44(13MB) LOS objects, 34% free, 29MB/45MB, paused 2.461ms total 143.836ms
03-27 16:34:52.469  2682  2693 I art     : Background sticky concurrent mark sweep GC freed 330849(10MB) AllocSpace objects, 31(7MB) LOS objects, 27% free, 33MB/45MB, paused 1.462ms total 102.139ms
03-27 16:34:52.790  2682  2693 I art     : Background partial concurrent mark sweep GC freed 300439(9MB) AllocSpace objects, 38(13MB) LOS objects, 33% free, 31MB/47MB, paused 2.964ms total 129.245ms
03-27 16:34:53.103  2682  2693 I art     : Background sticky concurrent mark sweep GC freed 319096(10MB) AllocSpace objects, 33(10MB) LOS objects, 30% free, 32MB/47MB, paused 1.839ms total 100.194ms
03-27 16:34:53.112  1623  1682 I ===DaemonService===: ############## Rotation : 0
03-27 16:34:53.112  1623  1682 I ===DaemonService===: ScreenOrientationThread:0 screentOrientation:0
03-27 16:34:53.113  1623  1687 I ===APKProtocolTransmit===: Ready send su-cmd:275
03-27 16:34:53.114  1623  1687 I ===APKProtocolTransmit===: Start send su-cmd:275 length[14]
03-27 16:34:53.114  1623  1687 I ===APKProtocolTransmit===: Will write content:the C socket has not been connected,so dicard the send command:[275]
03-27 16:34:53.117  1623  1687 I ===APKProtocolTransmit===: End send sb-cmd:275
03-27 16:34:53.149   245  2894 D CameraHal: debugShowFPS(622): Camera 13152 Frames, 29.832 FPS
03-27 16:34:53.454  2682  2693 I art     : Background partial concurrent mark sweep GC freed 353169(11MB) AllocSpace objects, 43(13MB) LOS objects, 33% free, 31MB/47MB, paused 3.484ms total 151.729ms
03-27 16:34:53.670  1623  1685 I USBService: send udp to check mobileagent state.
03-27 16:34:53.671  1623  1688 I ===Mrcp===: sending cmd:276
03-27 16:34:53.673  1623  1872 I USBService: command is : [277] 
03-27 16:34:53.673  1623  1872 I USBService: res:-131070 res2:2 opt:-2
03-27 16:34:53.673  1623  1872 I USBService: 	 mobileagent state:-2. 
03-27 16:34:53.674  1623  1685 I USBService: get mobileagent state 1 and current mobileagent state 1 and usb state of connection false
03-27 16:34:53.783  2682  2693 I art     : Background sticky concurrent mark sweep GC freed 409559(13MB) AllocSpace objects, 36(8MB) LOS objects, 32% free, 32MB/47MB, paused 1.958ms total 105.454ms
03-27 16:34:54.152  2682  2693 I art     : Background partial concurrent mark sweep GC freed 375762(11MB) AllocSpace objects, 47(12MB) LOS objects, 33% free, 32MB/48MB, paused 2.069ms total 139.775ms
03-27 16:34:54.220   245  2894 D CameraHal: debugShowFPS(622): Camera 13184 Frames, 29.870 FPS
03-27 16:34:54.824  2682  2693 I art     : Background partial concurrent mark sweep GC freed 352705(11MB) AllocSpace objects, 45(13MB) LOS objects, 32% free, 32MB/48MB, paused 2.352ms total 151.570ms
03-27 16:34:55.153  2682  2693 I art     : Background sticky concurrent mark sweep GC freed 328645(10MB) AllocSpace objects, 32(10MB) LOS objects, 28% free, 34MB/48MB, paused 2.356ms total 105.536ms
03-27 16:34:55.292   245  2894 D CameraHal: debugShowFPS(622): Camera 13216 Frames, 29.852 FPS
03-27 16:34:55.500  2682  2693 I art     : Background partial concurrent mark sweep GC freed 343709(11MB) AllocSpace objects, 46(14MB) LOS objects, 32% free, 32MB/48MB, paused 1.598ms total 156.131ms
03-27 16:34:55.826  2682  2693 I art     : Background sticky concurrent mark sweep GC freed 331023(10MB) AllocSpace objects, 34(10MB) LOS objects, 30% free, 33MB/48MB, paused 6.091ms total 106.093ms
03-27 16:34:56.117  1623  1682 I ===DaemonService===: ############## Rotation : 0
03-27 16:34:56.118  1623  1682 I ===DaemonService===: ScreenOrientationThread:0 screentOrientation:0
03-27 16:34:56.119  1623  1683 I ===APKProtocolTransmit===: Ready send su-cmd:275
03-27 16:34:56.119  1623  1683 I ===APKProtocolTransmit===: Start send su-cmd:275 length[14]
03-27 16:34:56.119  1623  1683 I ===APKProtocolTransmit===: Will write content:the C socket has not been connected,so dicard the send command:[275]
03-27 16:34:56.120  1623  1683 I ===APKProtocolTransmit===: End send sb-cmd:275
03-27 16:34:56.208  2682  2693 I art     : Background partial concurrent mark sweep GC freed 337898(10MB) AllocSpace objects, 41(14MB) LOS objects, 32% free, 32MB/48MB, paused 3.653ms total 153.441ms
03-27 16:34:56.365   245  2894 D CameraHal: debugShowFPS(622): Camera 13248 Frames, 29.824 FPS
03-27 16:34:56.674  1623  1685 I USBService: send udp to check mobileagent state.
03-27 16:34:56.678  1623  1873 I USBService: command is : [277] 
03-27 16:34:56.683  1623  1686 I ===Mrcp===: sending cmd:276
03-27 16:34:56.683  1623  1873 I USBService: res:-131070 res2:2 opt:-2
03-27 16:34:56.683  1623  1873 I USBService: 	 mobileagent state:-2. 
03-27 16:34:56.684  1623  1685 I USBService: get mobileagent state 1 and current mobileagent state 1 and usb state of connection false
03-27 16:34:56.935  2682  2693 I art     : Background partial concurrent mark sweep GC freed 403302(12MB) AllocSpace objects, 49(14MB) LOS objects, 32% free, 33MB/49MB, paused 1.706ms total 171.946ms
03-27 16:34:57.274  2682  2693 I art     : Background sticky concurrent mark sweep GC freed 343807(10MB) AllocSpace objects, 36(11MB) LOS objects, 31% free, 33MB/49MB, paused 2.956ms total 116.390ms
03-27 16:34:57.440   245  2894 D CameraHal: debugShowFPS(622): Camera 13280 Frames, 29.766 FPS
03-27 16:34:57.646  2682  2693 I art     : Background partial concurrent mark sweep GC freed 371674(11MB) AllocSpace objects, 44(14MB) LOS objects, 33% free, 31MB/47MB, paused 1.053ms total 149.415ms
03-27 16:34:57.970  2682  2693 I art     : Background sticky concurrent mark sweep GC freed 357530(11MB) AllocSpace objects, 35(10MB) LOS objects, 31% free, 32MB/47MB, paused 2.612ms total 101.422ms
03-27 16:34:58.314  2682  2693 I art     : Background partial concurrent mark sweep GC freed 327864(10MB) AllocSpace objects, 45(13MB) LOS objects, 34% free, 30MB/46MB, paused 3.996ms total 139.150ms
03-27 16:34:58.513   245  2894 D CameraHal: debugShowFPS(622): Camera 13312 Frames, 29.833 FPS
03-27 16:34:58.637  2682  2693 I art     : Background sticky concurrent mark sweep GC freed 322120(10MB) AllocSpace objects, 31(11MB) LOS objects, 30% free, 32MB/46MB, paused 3.013ms total 101.778ms
03-27 16:34:58.843  2682  2682 D SyncManager: {"message":"该设备未绑定公司","status":4,"company":{}}
03-27 16:34:58.851  2682  2682 D SyncManager: 重新获取公司信息
03-27 16:34:58.990  2682  2693 I art     : Background partial concurrent mark sweep GC freed 372808(11MB) AllocSpace objects, 47(12MB) LOS objects, 33% free, 31MB/47MB, paused 2.349ms total 152.734ms
03-27 16:34:59.131  1623  1682 I ===DaemonService===: ############## Rotation : 0
03-27 16:34:59.132  1623  1682 I ===DaemonService===: ScreenOrientationThread:0 screentOrientation:0
03-27 16:34:59.133  1623  1676 I ===APKProtocolTransmit===: Ready send su-cmd:275
03-27 16:34:59.133  1623  1676 I ===APKProtocolTransmit===: Start send su-cmd:275 length[14]
03-27 16:34:59.133  1623  1676 I ===APKProtocolTransmit===: Will write content:the C socket has not been connected,so dicard the send command:[275]
03-27 16:34:59.136  1623  1676 I ===APKProtocolTransmit===: End send sb-cmd:275
03-27 16:34:59.309  2682  2693 I art     : Background sticky concurrent mark sweep GC freed 371807(12MB) AllocSpace objects, 35(9MB) LOS objects, 30% free, 33MB/47MB, paused 3.845ms total 107.126ms
03-27 16:34:59.415  2682  2925 I PacketWriter: 心跳 
03-27 16:34:59.584   245  2894 D CameraHal: debugShowFPS(622): Camera 13344 Frames, 29.861 FPS
03-27 16:34:59.661  2682  2693 I art     : Background partial concurrent mark sweep GC freed 392234(12MB) AllocSpace objects, 47(12MB) LOS objects, 33% free, 31MB/47MB, paused 2.177ms total 157.349ms
03-27 16:34:59.685  1623  1685 I USBService: send udp to check mobileagent state.
03-27 16:34:59.686  1623  1687 I ===Mrcp===: sending cmd:276
03-27 16:34:59.687  1623  1713 I USBService: command is : [277] 
03-27 16:34:59.687  1623  1713 I USBService: res:-131070 res2:2 opt:-2
03-27 16:34:59.687  1623  1713 I USBService: 	 mobileagent state:-2. 
03-27 16:34:59.688  1623  1685 I USBService: get mobileagent state 1 and current mobileagent state 1 and usb state of connection false
03-27 16:34:59.988  2682  2693 I art     : Background sticky concurrent mark sweep GC freed 318182(10MB) AllocSpace objects, 33(10MB) LOS objects, 29% free, 33MB/47MB, paused 3.274ms total 113.488ms
03-27 16:35:00.354  2682  2693 I art     : Background partial concurrent mark sweep GC freed 337837(10MB) AllocSpace objects, 41(13MB) LOS objects, 33% free, 32MB/48MB, paused 4.240ms total 143.340ms
03-27 16:35:00.656   245  2894 D CameraHal: debugShowFPS(622): Camera 13376 Frames, 29.860 FPS
03-27 16:35:01.003  2682  2693 I art     : Background partial concurrent mark sweep GC freed 323468(10MB) AllocSpace objects, 40(14MB) LOS objects, 33% free, 31MB/47MB, paused 3.072ms total 135.520ms
03-27 16:35:01.658  2682  2693 I art     : Background partial concurrent mark sweep GC freed 319309(10MB) AllocSpace objects, 42(12MB) LOS objects, 34% free, 31MB/47MB, paused 4.286ms total 137.104ms
03-27 16:35:01.728   245  2894 D CameraHal: debugShowFPS(622): Camera 13408 Frames, 29.852 FPS
03-27 16:35:02.142  1623  1682 I ===DaemonService===: ############## Rotation : 0
03-27 16:35:02.143  1623  1682 I ===DaemonService===: ScreenOrientationThread:0 screentOrientation:0
03-27 16:35:02.144  1623  1688 I ===APKProtocolTransmit===: Ready send su-cmd:275
03-27 16:35:02.144  1623  1688 I ===APKProtocolTransmit===: Start send su-cmd:275 length[14]
03-27 16:35:02.144  1623  1688 I ===APKProtocolTransmit===: Will write content:the C socket has not been connected,so dicard the send command:[275]
03-27 16:35:02.165  1623  1688 I ===APKProtocolTransmit===: End send sb-cmd:275
03-27 16:35:02.313  2682  2693 I art     : Background partial concurrent mark sweep GC freed 333716(10MB) AllocSpace objects, 44(14MB) LOS objects, 34% free, 30MB/46MB, paused 2.468ms total 153.084ms
03-27 16:35:02.631  2682  2693 I art     : Background sticky concurrent mark sweep GC freed 346319(10MB) AllocSpace objects, 34(10MB) LOS objects, 32% free, 31MB/46MB, paused 3.964ms total 106.770ms
03-27 16:35:02.688  1623  1685 I USBService: send udp to check mobileagent state.
03-27 16:35:02.689  1623  1683 I ===Mrcp===: sending cmd:276
03-27 16:35:02.691  1623  1872 I USBService: command is : [277] 
03-27 16:35:02.691  1623  1872 I USBService: res:-131070 res2:2 opt:-2
03-27 16:35:02.691  1623  1872 I USBService: 	 mobileagent state:-2. 
03-27 16:35:02.692  1623  1685 I USBService: get mobileagent state 1 and current mobileagent state 1 and usb state of connection false
03-27 16:35:02.800   245  2894 D CameraHal: debugShowFPS(622): Camera 13440 Frames, 29.845 FPS
03-27 16:35:02.999  2682  2693 I art     : Background partial concurrent mark sweep GC freed 373967(12MB) AllocSpace objects, 45(11MB) LOS objects, 32% free, 33MB/49MB, paused 3.492ms total 152.060ms
03-27 16:35:03.700  2682  2693 I art     : Background partial concurrent mark sweep GC freed 342013(11MB) AllocSpace objects, 44(13MB) LOS objects, 33% free, 32MB/48MB, paused 2.277ms total 168.961ms
03-27 16:35:03.872   245  2894 D CameraHal: debugShowFPS(622): Camera 13472 Frames, 29.853 FPS
03-27 16:35:04.038  2682  2693 I art     : Background sticky concurrent mark sweep GC freed 322893(10MB) AllocSpace objects, 31(11MB) LOS objects, 28% free, 34MB/48MB, paused 4.570ms total 123.332ms
03-27 16:35:04.359  2682  2693 I art     : Background partial concurrent mark sweep GC freed 325876(10MB) AllocSpace objects, 44(16MB) LOS objects, 36% free, 28MB/44MB, paused 2.257ms total 127.709ms
03-27 16:35:04.673  2682  2693 I art     : Background sticky concurrent mark sweep GC freed 281294(8MB) AllocSpace objects, 27(7MB) LOS objects, 23% free, 33MB/44MB, paused 4.240ms total 107.639ms
03-27 16:35:04.948   245  2894 D CameraHal: debugShowFPS(622): Camera 13504 Frames, 29.736 FPS
03-27 16:35:04.957  2682  2693 I art     : Background partial concurrent mark sweep GC freed 285010(9MB) AllocSpace objects, 39(12MB) LOS objects, 34% free, 30MB/46MB, paused 4.776ms total 131.664ms
03-27 16:35:05.173  1623  1682 I ===DaemonService===: ############## Rotation : 0
03-27 16:35:05.174  1623  1682 I ===DaemonService===: ScreenOrientationThread:0 screentOrientation:0
03-27 16:35:05.174  1623  1686 I ===APKProtocolTransmit===: Ready send su-cmd:275
03-27 16:35:05.175  1623  1686 I ===APKProtocolTransmit===: Start send su-cmd:275 length[14]
03-27 16:35:05.175  1623  1686 I ===APKProtocolTransmit===: Will write content:the C socket has not been connected,so dicard the send command:[275]
03-27 16:35:05.179  1623  1686 I ===APKProtocolTransmit===: End send sb-cmd:275
03-27 16:35:05.556  2682  2693 I art     : Background partial concurrent mark sweep GC freed 354553(11MB) AllocSpace objects, 43(12MB) LOS objects, 34% free, 29MB/45MB, paused 4.766ms total 112.220ms
03-27 16:35:05.693  1623  1685 I USBService: send udp to check mobileagent state.
03-27 16:35:05.695  1623  1676 I ===Mrcp===: sending cmd:276
03-27 16:35:05.697  1623  1873 I USBService: command is : [277] 
03-27 16:35:05.697  1623  1873 I USBService: res:-131070 res2:2 opt:-2
03-27 16:35:05.697  1623  1873 I USBService: 	 mobileagent state:-2. 
03-27 16:35:05.697  1623  1685 I USBService: get mobileagent state 1 and current mobileagent state 1 and usb state of connection false
03-27 16:35:06.020   245  2894 D CameraHal: debugShowFPS(622): Camera 13536 Frames, 29.864 FPS
03-27 16:35:06.238  2682  2693 I art     : Background partial concurrent mark sweep GC freed 330814(10MB) AllocSpace objects, 40(11MB) LOS objects, 34% free, 30MB/46MB, paused 602us total 126.114ms
03-27 16:35:06.558  2682  2693 I art     : Background sticky concurrent mark sweep GC freed 337080(10MB) AllocSpace objects, 32(7MB) LOS objects, 27% free, 33MB/46MB, paused 1.858ms total 112.041ms
03-27 16:35:06.843  2682  2693 I art     : Background partial concurrent mark sweep GC freed 338525(11MB) AllocSpace objects, 41(12MB) LOS objects, 34% free, 30MB/46MB, paused 3.336ms total 133.924ms
03-27 16:35:07.092   245  2894 D CameraHal: debugShowFPS(622): Camera 13568 Frames, 29.843 FPS
03-27 16:35:07.154  2682  2693 I art     : Background sticky concurrent mark sweep GC freed 305677(9MB) AllocSpace objects, 32(10MB) LOS objects, 29% free, 32MB/46MB, paused 1.975ms total 107.207ms
03-27 16:35:07.493  2682  2693 I art     : Background partial concurrent mark sweep GC freed 331519(10MB) AllocSpace objects, 40(12MB) LOS objects, 32% free, 32MB/48MB, paused 909us total 151.423ms
03-27 16:35:07.816  2682  2693 I art     : Background sticky concurrent mark sweep GC freed 343099(10MB) AllocSpace objects, 34(10MB) LOS objects, 31% free, 33MB/48MB, paused 1.555ms total 104.878ms
03-27 16:35:08.153  2682  2693 I art     : Background partial concurrent mark sweep GC freed 326306(10MB) AllocSpace objects, 46(16MB) LOS objects, 34% free, 30MB/46MB, paused 696us total 129.663ms
03-27 16:35:08.164   245  2894 D CameraHal: debugShowFPS(622): Camera 13600 Frames, 29.846 FPS
03-27 16:35:08.178  1623  1682 I ===DaemonService===: ############## Rotation : 0
03-27 16:35:08.179  1623  1682 I ===DaemonService===: ScreenOrientationThread:0 screentOrientation:0
03-27 16:35:08.180  1623  1687 I ===APKProtocolTransmit===: Ready send su-cmd:275
03-27 16:35:08.180  1623  1687 I ===APKProtocolTransmit===: Start send su-cmd:275 length[14]
03-27 16:35:08.181  1623  1687 I ===APKProtocolTransmit===: Will write content:the C socket has not been connected,so dicard the send command:[275]
03-27 16:35:08.183  1623  1687 I ===APKProtocolTransmit===: End send sb-cmd:275
03-27 16:35:08.698  1623  1685 I USBService: send udp to check mobileagent state.
03-27 16:35:08.699  1623  1688 I ===Mrcp===: sending cmd:276
03-27 16:35:08.700  1623  1713 I USBService: command is : [277] 
03-27 16:35:08.700  1623  1713 I USBService: res:-131070 res2:2 opt:-2
03-27 16:35:08.700  1623  1713 I USBService: 	 mobileagent state:-2. 
03-27 16:35:08.701  1623  1685 I USBService: get mobileagent state 1 and current mobileagent state 1 and usb state of connection false
03-27 16:35:08.790  2682  2693 I art     : Background partial concurrent mark sweep GC freed 342585(10MB) AllocSpace objects, 44(13MB) LOS objects, 35% free, 29MB/45MB, paused 2.042ms total 134.471ms
03-27 16:35:09.237   245  2894 D CameraHal: debugShowFPS(622): Camera 13632 Frames, 29.844 FPS
03-27 16:35:09.473  2682  2693 I art     : Background partial concurrent mark sweep GC freed 329736(10MB) AllocSpace objects, 42(12MB) LOS objects, 33% free, 32MB/48MB, paused 1.682ms total 161.114ms
03-27 16:35:09.808  2682  2693 I art     : Background sticky concurrent mark sweep GC freed 334992(10MB) AllocSpace objects, 31(10MB) LOS objects, 28% free, 34MB/48MB, paused 4.310ms total 112.460ms
03-27 16:35:10.145  2682  2693 I art     : Background partial concurrent mark sweep GC freed 329748(10MB) AllocSpace objects, 44(14MB) LOS objects, 33% free, 31MB/47MB, paused 1.831ms total 131.616ms
03-27 16:35:10.308   245  2894 D CameraHal: debugShowFPS(622): Camera 13664 Frames, 29.857 FPS
03-27 16:35:10.470  2682  2693 I art     : Background sticky concurrent mark sweep GC freed 330752(10MB) AllocSpace objects, 33(10MB) LOS objects, 27% free, 34MB/47MB, paused 3.985ms total 105.793ms
03-27 16:35:10.759  2682  2693 I art     : Background partial concurrent mark sweep GC freed 315974(10MB) AllocSpace objects, 43(13MB) LOS objects, 35% free, 28MB/44MB, paused 2.763ms total 104.109ms
03-27 16:35:11.187  1623  1682 I ===DaemonService===: ############## Rotation : 0
03-27 16:35:11.188  1623  1682 I ===DaemonService===: ScreenOrientationThread:0 screentOrientation:0
03-27 16:35:11.189  1623  1683 I ===APKProtocolTransmit===: Ready send su-cmd:275
03-27 16:35:11.189  1623  1683 I ===APKProtocolTransmit===: Start send su-cmd:275 length[14]
03-27 16:35:11.189  1623  1683 I ===APKProtocolTransmit===: Will write content:the C socket has not been connected,so dicard the send command:[275]
03-27 16:35:11.196  1623  1683 I ===APKProtocolTransmit===: End send sb-cmd:275
03-27 16:35:11.363  2682  2693 I art     : Background partial concurrent mark sweep GC freed 314182(10MB) AllocSpace objects, 39(11MB) LOS objects, 36% free, 28MB/44MB, paused 635us total 106.607ms
03-27 16:35:11.380   245  2894 D CameraHal: debugShowFPS(622): Camera 13696 Frames, 29.855 FPS
03-27 16:35:11.701  1623  1685 I USBService: send udp to check mobileagent state.
03-27 16:35:11.702  1623  1686 I ===Mrcp===: sending cmd:276
03-27 16:35:11.703  1623  1872 I USBService: command is : [277] 
03-27 16:35:11.704  1623  1872 I USBService: res:-131070 res2:2 opt:-2
03-27 16:35:11.704  1623  1872 I USBService: 	 mobileagent state:-2. 
03-27 16:35:11.704  1623  1685 I USBService: get mobileagent state 1 and current mobileagent state 1 and usb state of connection false
03-27 16:35:11.944  2682  2693 I art     : Background partial concurrent mark sweep GC freed 270151(8MB) AllocSpace objects, 34(11MB) LOS objects, 35% free, 29MB/45MB, paused 5.081ms total 100.570ms
03-27 16:35:12.289  2682  2693 I art     : Background sticky concurrent mark sweep GC freed 370820(11MB) AllocSpace objects, 35(7MB) LOS objects, 28% free, 32MB/45MB, paused 2.317ms total 115.404ms
03-27 16:35:12.452   245  2894 D CameraHal: debugShowFPS(622): Camera 13728 Frames, 29.845 FPS
03-27 16:35:12.594  2682  2693 I art     : Background partial concurrent mark sweep GC freed 292167(9MB) AllocSpace objects, 40(12MB) LOS objects, 34% free, 30MB/46MB, paused 1.313ms total 117.170ms
03-27 16:35:12.925  2682  2693 I art     : Background sticky concurrent mark sweep GC freed 338560(10MB) AllocSpace objects, 32(8MB) LOS objects, 28% free, 33MB/46MB, paused 1.569ms total 109.081ms
03-27 16:35:13.229  2682  2693 I art     : Background partial concurrent mark sweep GC freed 285904(9MB) AllocSpace objects, 39(13MB) LOS objects, 34% free, 30MB/46MB, paused 4.388ms total 113.770ms
03-27 16:35:13.528   245  2894 D CameraHal: debugShowFPS(622): Camera 13760 Frames, 29.752 FPS
03-27 16:35:13.875  2682  2693 I art     : Background partial concurrent mark sweep GC freed 306462(9MB) AllocSpace objects, 40(13MB) LOS objects, 34% free, 30MB/46MB, paused 637us total 131.978ms
03-27 16:35:14.195  1623  1682 I ===DaemonService===: ############## Rotation : 0
03-27 16:35:14.195  1623  1682 I ===DaemonService===: ScreenOrientationThread:0 screentOrientation:0
03-27 16:35:14.196  1623  1676 I ===APKProtocolTransmit===: Ready send su-cmd:275
03-27 16:35:14.197  1623  1676 I ===APKProtocolTransmit===: Start send su-cmd:275 length[14]
03-27 16:35:14.197  1623  1676 I ===APKProtocolTransmit===: Will write content:the C socket has not been connected,so dicard the send command:[275]
03-27 16:35:14.205  1623  1676 I ===APKProtocolTransmit===: End send sb-cmd:275
03-27 16:35:14.217  2682  2693 I art     : Background sticky concurrent mark sweep GC freed 323735(10MB) AllocSpace objects, 32(8MB) LOS objects, 27% free, 33MB/46MB, paused 3.120ms total 109.140ms
03-27 16:35:14.532  2682  2693 I art     : Background partial concurrent mark sweep GC freed 313890(10MB) AllocSpace objects, 42(14MB) LOS objects, 34% free, 30MB/46MB, paused 3.585ms total 143.256ms
03-27 16:35:14.600   245  2894 D CameraHal: debugShowFPS(622): Camera 13792 Frames, 29.845 FPS
03-27 16:35:14.704  1623  1685 I USBService: send udp to check mobileagent state.
03-27 16:35:14.705  1623  1687 I ===Mrcp===: sending cmd:276
03-27 16:35:14.706  1623  1873 I USBService: command is : [277] 
03-27 16:35:14.706  1623  1873 I USBService: res:-131070 res2:2 opt:-2
03-27 16:35:14.706  1623  1873 I USBService: 	 mobileagent state:-2. 
03-27 16:35:14.712  1623  1685 I USBService: get mobileagent state 1 and current mobileagent state 1 and usb state of connection false
03-27 16:35:15.238  2682  2693 I art     : Background partial concurrent mark sweep GC freed 360230(11MB) AllocSpace objects, 43(12MB) LOS objects, 32% free, 32MB/48MB, paused 2.761ms total 159.721ms
03-27 16:35:15.581  2682  2693 I art     : Background sticky concurrent mark sweep GC freed 388099(12MB) AllocSpace objects, 37(10MB) LOS objects, 30% free, 34MB/48MB, paused 2.070ms total 117.459ms
03-27 16:35:15.672   245  2894 D CameraHal: debugShowFPS(622): Camera 13824 Frames, 29.846 FPS
03-27 16:35:15.891  2682  2693 I art     : Background partial concurrent mark sweep GC freed 349645(11MB) AllocSpace objects, 44(14MB) LOS objects, 34% free, 30MB/46MB, paused 3.287ms total 137.988ms
03-27 16:35:16.217  2682  2693 I art     : Background sticky concurrent mark sweep GC freed 314771(9MB) AllocSpace objects, 32(10MB) LOS objects, 30% free, 32MB/46MB, paused 4.502ms total 110.690ms
03-27 16:35:16.572  2682  2693 I art     : Background partial concurrent mark sweep GC freed 342201(10MB) AllocSpace objects, 45(13MB) LOS objects, 33% free, 31MB/47MB, paused 2.439ms total 139.119ms
03-27 16:35:16.744   245  2894 D CameraHal: debugShowFPS(622): Camera 13856 Frames, 29.848 FPS
03-27 16:35:16.909  2682  2693 I art     : Background sticky concurrent mark sweep GC freed 337062(10MB) AllocSpace objects, 35(10MB) LOS objects, 28% free, 33MB/47MB, paused 3.074ms total 107.971ms
03-27 16:35:17.200  1623  1682 I ===DaemonService===: ############## Rotation : 0
03-27 16:35:17.200  1623  1682 I ===DaemonService===: ScreenOrientationThread:0 screentOrientation:0
03-27 16:35:17.201  1623  1688 I ===APKProtocolTransmit===: Ready send su-cmd:275
03-27 16:35:17.201  1623  1688 I ===APKProtocolTransmit===: Start send su-cmd:275 length[14]
03-27 16:35:17.202  1623  1688 I ===APKProtocolTransmit===: Will write content:the C socket has not been connected,so dicard the send command:[275]
03-27 16:35:17.206  1623  1688 I ===APKProtocolTransmit===: End send sb-cmd:275
03-27 16:35:17.248  2682  2693 I art     : Background partial concurrent mark sweep GC freed 364198(11MB) AllocSpace objects, 42(13MB) LOS objects, 34% free, 30MB/46MB, paused 1.864ms total 139.018ms
03-27 16:35:17.579  2682  2693 I art     : Background sticky concurrent mark sweep GC freed 351708(11MB) AllocSpace objects, 35(8MB) LOS objects, 27% free, 33MB/46MB, paused 2.004ms total 107.638ms
03-27 16:35:17.713  1623  1685 I USBService: send udp to check mobileagent state.
03-27 16:35:17.714  1623  1683 I ===Mrcp===: sending cmd:276
03-27 16:35:17.719  1623  1713 I USBService: command is : [277] 
03-27 16:35:17.720  1623  1713 I USBService: res:-131070 res2:2 opt:-2
03-27 16:35:17.720  1623  1713 I USBService: 	 mobileagent state:-2. 
03-27 16:35:17.720  1623  1685 I USBService: get mobileagent state 1 and current mobileagent state 1 and usb state of connection false
03-27 16:35:17.816   245  2894 D CameraHal: debugShowFPS(622): Camera 13888 Frames, 29.857 FPS
03-27 16:35:17.916  2682  2693 I art     : Background partial concurrent mark sweep GC freed 319584(10MB) AllocSpace objects, 38(12MB) LOS objects, 33% free, 32MB/48MB, paused 2.690ms total 142.085ms
03-27 16:35:18.258  2682  2693 I art     : Background sticky concurrent mark sweep GC freed 387676(12MB) AllocSpace objects, 37(10MB) LOS objects, 33% free, 31MB/47MB, paused 2.949ms total 112.559ms
03-27 16:35:18.517  1308  1359 I ExifInterface_JNI: Raw image not detected
03-27 16:35:18.640  2682  2693 I art     : Background partial concurrent mark sweep GC freed 370831(11MB) AllocSpace objects, 46(12MB) LOS objects, 32% free, 32MB/48MB, paused 2.770ms total 153.821ms
03-27 16:35:18.888   245  2894 D CameraHal: debugShowFPS(622): Camera 13920 Frames, 29.850 FPS
03-27 16:35:18.972  2682  2693 I art     : Background sticky concurrent mark sweep GC freed 396726(12MB) AllocSpace objects, 37(8MB) LOS objects, 30% free, 33MB/48MB, paused 1.813ms total 117.339ms
03-27 16:35:19.317  2682  2693 I art     : Background partial concurrent mark sweep GC freed 322106(10MB) AllocSpace objects, 42(14MB) LOS objects, 33% free, 32MB/48MB, paused 1.747ms total 134.341ms
03-27 16:35:19.960   245  2894 D CameraHal: debugShowFPS(622): Camera 13952 Frames, 29.850 FPS
03-27 16:35:19.992  2682  2693 I art     : Background partial concurrent mark sweep GC freed 318693(10MB) AllocSpace objects, 44(14MB) LOS objects, 33% free, 31MB/47MB, paused 1.920ms total 155.672ms
03-27 16:35:20.209  1623  1682 I ===DaemonService===: ############## Rotation : 0
03-27 16:35:20.209  1623  1682 I ===DaemonService===: ScreenOrientationThread:0 screentOrientation:0
03-27 16:35:20.212  1623  1686 I ===APKProtocolTransmit===: Ready send su-cmd:275
03-27 16:35:20.212  1623  1686 I ===APKProtocolTransmit===: Start send su-cmd:275 length[14]
03-27 16:35:20.212  1623  1686 I ===APKProtocolTransmit===: Will write content:the C socket has not been connected,so dicard the send command:[275]
03-27 16:35:20.228  1623  1686 I ===APKProtocolTransmit===: End send sb-cmd:275
03-27 16:35:20.329  2682  2693 I art     : Background sticky concurrent mark sweep GC freed 376838(11MB) AllocSpace objects, 34(9MB) LOS objects, 27% free, 34MB/47MB, paused 2.497ms total 131.523ms
03-27 16:35:20.633  2682  2693 I art     : Background partial concurrent mark sweep GC freed 315845(10MB) AllocSpace objects, 43(14MB) LOS objects, 34% free, 29MB/45MB, paused 2.141ms total 138.137ms
03-27 16:35:20.721  1623  1685 I USBService: send udp to check mobileagent state.
03-27 16:35:20.722  1623  1676 I ===Mrcp===: sending cmd:276
03-27 16:35:20.723  1623  1872 I USBService: command is : [277] 
03-27 16:35:20.723  1623  1872 I USBService: res:-131070 res2:2 opt:-2
03-27 16:35:20.723  1623  1872 I USBService: 	 mobileagent state:-2. 
03-27 16:35:20.724  1623  1685 I USBService: get mobileagent state 1 and current mobileagent state 1 and usb state of connection false
03-27 16:35:21.036   245  2894 D CameraHal: debugShowFPS(622): Camera 13984 Frames, 29.746 FPS
03-27 16:35:21.270  2682  2693 I art     : Background partial concurrent mark sweep GC freed 340279(10MB) AllocSpace objects, 42(12MB) LOS objects, 33% free, 31MB/47MB, paused 2.757ms total 147.591ms
03-27 16:35:21.782  1308  1359 I ExifInterface_JNI: Raw image not detected
03-27 16:35:21.872  1308  1359 I ExifInterface_JNI: Raw image not detected
03-27 16:35:21.958  2682  2693 I art     : Background partial concurrent mark sweep GC freed 351195(11MB) AllocSpace objects, 45(13MB) LOS objects, 33% free, 31MB/47MB, paused 2.230ms total 158.108ms
03-27 16:35:22.108   245  2894 D CameraHal: debugShowFPS(622): Camera 14016 Frames, 29.853 FPS
03-27 16:35:22.274  2682  2693 I art     : Background sticky concurrent mark sweep GC freed 336259(10MB) AllocSpace objects, 34(10MB) LOS objects, 29% free, 33MB/47MB, paused 2.793ms total 108.769ms
03-27 16:35:22.610  2682  2693 I art     : Background partial concurrent mark sweep GC freed 358272(11MB) AllocSpace objects, 43(12MB) LOS objects, 32% free, 32MB/48MB, paused 6.757ms total 147.147ms
03-27 16:35:23.180   245  2894 D CameraHal: debugShowFPS(622): Camera 14048 Frames, 29.836 FPS
03-27 16:35:23.234  1623  1682 I ===DaemonService===: ############## Rotation : 0
03-27 16:35:23.235  1623  1682 I ===DaemonService===: ScreenOrientationThread:0 screentOrientation:0
03-27 16:35:23.236  1623  1687 I ===APKProtocolTransmit===: Ready send su-cmd:275
03-27 16:35:23.236  1623  1687 I ===APKProtocolTransmit===: Start send su-cmd:275 length[14]
03-27 16:35:23.236  1623  1687 I ===APKProtocolTransmit===: Will write content:the C socket has not been connected,so dicard the send command:[275]
03-27 16:35:23.238  1623  1687 I ===APKProtocolTransmit===: End send sb-cmd:275
03-27 16:35:23.266  2682  2693 I art     : Background partial concurrent mark sweep GC freed 324232(10MB) AllocSpace objects, 44(14MB) LOS objects, 35% free, 29MB/45MB, paused 752us total 122.798ms
03-27 16:35:23.724  1623  1685 I USBService: send udp to check mobileagent state.
03-27 16:35:23.726  1623  1688 I ===Mrcp===: sending cmd:276
03-27 16:35:23.729  1623  1873 I USBService: command is : [277] 
03-27 16:35:23.729  1623  1873 I USBService: res:-131070 res2:2 opt:-2
03-27 16:35:23.729  1623  1873 I USBService: 	 mobileagent state:-2. 
03-27 16:35:23.730  1623  1685 I USBService: get mobileagent state 1 and current mobileagent state 1 and usb state of connection false
03-27 16:35:23.901  2682  2693 I art     : Background partial concurrent mark sweep GC freed 343514(11MB) AllocSpace objects, 42(12MB) LOS objects, 34% free, 30MB/46MB, paused 2.563ms total 130.029ms
03-27 16:35:24.209  2682  2693 I art     : Background sticky concurrent mark sweep GC freed 363285(11MB) AllocSpace objects, 33(7MB) LOS objects, 29% free, 32MB/46MB, paused 1.719ms total 108.002ms
03-27 16:35:24.252   245  2894 D CameraHal: debugShowFPS(622): Camera 14080 Frames, 29.862 FPS
03-27 16:35:24.561  2682  2693 I art     : Background partial concurrent mark sweep GC freed 341093(10MB) AllocSpace objects, 41(12MB) LOS objects, 33% free, 31MB/47MB, paused 2.217ms total 154.488ms
03-27 16:35:24.884  2682  2693 I art     : Background sticky concurrent mark sweep GC freed 391076(12MB) AllocSpace objects, 37(8MB) LOS objects, 31% free, 32MB/47MB, paused 2.215ms total 100.916ms
03-27 16:35:25.250  2682  2693 I art     : Background partial concurrent mark sweep GC freed 348866(11MB) AllocSpace objects, 44(13MB) LOS objects, 33% free, 31MB/47MB, paused 2.110ms total 167.519ms
03-27 16:35:25.328   245  2894 D CameraHal: debugShowFPS(622): Camera 14112 Frames, 29.809 FPS
03-27 16:35:25.422  1308  1359 I ExifInterface_JNI: Raw image not detected
03-27 16:35:25.553  2682  2693 I art     : Background sticky concurrent mark sweep GC freed 322635(10MB) AllocSpace objects, 31(10MB) LOS objects, 29% free, 33MB/47MB, paused 2.160ms total 105.177ms
03-27 16:35:25.936  2682  2693 I art     : Background partial concurrent mark sweep GC freed 323484(10MB) AllocSpace objects, 43(14MB) LOS objects, 32% free, 33MB/49MB, paused 2.104ms total 177.196ms
03-27 16:35:26.242  1623  1682 I ===DaemonService===: ############## Rotation : 0
03-27 16:35:26.242  1623  1682 I ===DaemonService===: ScreenOrientationThread:0 screentOrientation:0
03-27 16:35:26.247  1623  1683 I ===APKProtocolTransmit===: Ready send su-cmd:275
03-27 16:35:26.247  1623  1683 I ===APKProtocolTransmit===: Start send su-cmd:275 length[14]
03-27 16:35:26.247  1623  1683 I ===APKProtocolTransmit===: Will write content:the C socket has not been connected,so dicard the send command:[275]
03-27 16:35:26.251  1623  1683 I ===APKProtocolTransmit===: End send sb-cmd:275
03-27 16:35:26.266  2682  2693 I art     : Background sticky concurrent mark sweep GC freed 352409(11MB) AllocSpace objects, 34(11MB) LOS objects, 29% free, 34MB/49MB, paused 2.835ms total 114.540ms
03-27 16:35:26.398   245  2894 D CameraHal: debugShowFPS(622): Camera 14144 Frames, 29.858 FPS
03-27 16:35:26.610  2682  2693 I art     : Background partial concurrent mark sweep GC freed 348174(11MB) AllocSpace objects, 47(15MB) LOS objects, 33% free, 32MB/48MB, paused 2.594ms total 148.229ms
03-27 16:35:26.731  1623  1685 I USBService: send udp to check mobileagent state.
03-27 16:35:26.733  1623  1686 I ===Mrcp===: sending cmd:276
03-27 16:35:26.734  1623  1713 I USBService: command is : [277] 
03-27 16:35:26.734  1623  1713 I USBService: res:-131070 res2:2 opt:-2
03-27 16:35:26.735  1623  1713 I USBService: 	 mobileagent state:-2. 
03-27 16:35:26.735  1623  1685 I USBService: get mobileagent state 1 and current mobileagent state 1 and usb state of connection false
03-27 16:35:26.938  2682  2693 I art     : Background sticky concurrent mark sweep GC freed 393201(12MB) AllocSpace objects, 38(9MB) LOS objects, 33% free, 31MB/47MB, paused 2.929ms total 112.392ms
03-27 16:35:27.324  2682  2693 I art     : Background partial concurrent mark sweep GC freed 411671(13MB) AllocSpace objects, 47(12MB) LOS objects, 32% free, 33MB/49MB, paused 1.657ms total 168.967ms
03-27 16:35:27.468   245  2894 D CameraHal: debugShowFPS(622): Camera 14176 Frames, 29.875 FPS
03-27 16:35:27.642  2682  2693 I art     : Background sticky concurrent mark sweep GC freed 400999(12MB) AllocSpace objects, 38(9MB) LOS objects, 32% free, 33MB/49MB, paused 2.124ms total 108.982ms
03-27 16:35:28.010  2682  2693 I art     : Background partial concurrent mark sweep GC freed 383430(12MB) AllocSpace objects, 48(13MB) LOS objects, 32% free, 32MB/48MB, paused 4.484ms total 167.465ms
03-27 16:35:28.544   245  2894 D CameraHal: debugShowFPS(622): Camera 14208 Frames, 29.754 FPS
03-27 16:35:28.684  2682  2693 I art     : Background partial concurrent mark sweep GC freed 344925(11MB) AllocSpace objects, 41(13MB) LOS objects, 33% free, 31MB/47MB, paused 2.340ms total 152.229ms
03-27 16:35:28.710  1308  1359 I ExifInterface_JNI: Raw image not detected
03-27 16:35:28.737  1308  1359 I ExifInterface_JNI: Raw image not detected
03-27 16:35:28.874  2682  2682 D SyncManager: 获取公司信息
03-27 16:35:28.874  2682  2682 D SyncManager: 地址：http://47.105.80.245:8080/api/company/getcompany.html
03-27 16:35:28.874  2682  2682 D SyncManager: 参数：00000000-385c-5a58-0000-000000dd4a18
03-27 16:35:28.983  2682  2693 I art     : Background sticky concurrent mark sweep GC freed 347614(11MB) AllocSpace objects, 32(8MB) LOS objects, 29% free, 33MB/47MB, paused 2.846ms total 116.624ms
03-27 16:35:29.027  2682  2682 D SyncManager: {"message":"该设备未绑定公司","status":4,"company":{}}
03-27 16:35:29.034  2682  2682 D SyncManager: 重新获取公司信息
03-27 16:35:29.258  1623  1682 I ===DaemonService===: ############## Rotation : 0
03-27 16:35:29.258  1623  1682 I ===DaemonService===: ScreenOrientationThread:0 screentOrientation:0
03-27 16:35:29.260  1623  1676 I ===APKProtocolTransmit===: Ready send su-cmd:275
03-27 16:35:29.260  1623  1676 I ===APKProtocolTransmit===: Start send su-cmd:275 length[14]
03-27 16:35:29.260  1623  1676 I ===APKProtocolTransmit===: Will write content:the C socket has not been connected,so dicard the send command:[275]
03-27 16:35:29.264  1623  1676 I ===APKProtocolTransmit===: End send sb-cmd:275
03-27 16:35:29.322  2682  2693 I art     : Background partial concurrent mark sweep GC freed 356691(11MB) AllocSpace objects, 44(12MB) LOS objects, 32% free, 33MB/49MB, paused 1.772ms total 152.142ms
03-27 16:35:29.417  2682  2925 I PacketWriter: 心跳 
03-27 16:35:29.617   245  2894 D CameraHal: debugShowFPS(622): Camera 14240 Frames, 29.834 FPS
03-27 16:35:29.687  2682  2693 I art     : Background sticky concurrent mark sweep GC freed 386228(12MB) AllocSpace objects, 36(9MB) LOS objects, 29% free, 34MB/49MB, paused 4.273ms total 123.850ms
03-27 16:35:29.735  1623  1685 I USBService: send udp to check mobileagent state.
03-27 16:35:29.737  1623  1687 I ===Mrcp===: sending cmd:276
03-27 16:35:29.738  1623  1872 I USBService: command is : [277] 
03-27 16:35:29.739  1623  1872 I USBService: res:-131070 res2:2 opt:-2
03-27 16:35:29.739  1623  1872 I USBService: 	 mobileagent state:-2. 
03-27 16:35:29.740  1623  1685 I USBService: get mobileagent state 1 and current mobileagent state 1 and usb state of connection false
03-27 16:35:30.010  2682  2693 I art     : Background partial concurrent mark sweep GC freed 325509(10MB) AllocSpace objects, 45(14MB) LOS objects, 34% free, 29MB/45MB, paused 2.145ms total 118.870ms
03-27 16:35:30.678  2682  2693 I art     : Background partial concurrent mark sweep GC freed 368924(11MB) AllocSpace objects, 41(12MB) LOS objects, 34% free, 30MB/46MB, paused 1.534ms total 136.102ms
03-27 16:35:30.688   245  2894 D CameraHal: debugShowFPS(622): Camera 14272 Frames, 29.865 FPS
03-27 16:35:31.347  2682  2693 I art     : Background partial concurrent mark sweep GC freed 292775(9MB) AllocSpace objects, 43(13MB) LOS objects, 34% free, 29MB/45MB, paused 1.826ms total 134.310ms
03-27 16:35:31.760   245  2894 D CameraHal: debugShowFPS(622): Camera 14304 Frames, 29.849 FPS
03-27 16:35:32.011  2682  2693 I art     : Background partial concurrent mark sweep GC freed 364246(11MB) AllocSpace objects, 40(11MB) LOS objects, 32% free, 33MB/49MB, paused 2.183ms total 165.443ms
03-27 16:35:32.016  2682  2920 E SignManager: run: 公司未绑定，不上传数据
03-27 16:35:32.267  1623  1682 I ===DaemonService===: ############## Rotation : 0
03-27 16:35:32.269  1623  1682 I ===DaemonService===: ScreenOrientationThread:0 screentOrientation:0
03-27 16:35:32.271  1623  1688 I ===APKProtocolTransmit===: Ready send su-cmd:275
03-27 16:35:32.275  1623  1688 I ===APKProtocolTransmit===: Start send su-cmd:275 length[14]
03-27 16:35:32.275  1623  1688 I ===APKProtocolTransmit===: Will write content:the C socket has not been connected,so dicard the send command:[275]
03-27 16:35:32.288  1623  1688 I ===APKProtocolTransmit===: End send sb-cmd:275
03-27 16:35:32.328  2682  2693 I art     : Background sticky concurrent mark sweep GC freed 316994(10MB) AllocSpace objects, 29(9MB) LOS objects, 29% free, 34MB/49MB, paused 3.020ms total 109.372ms
03-27 16:35:32.667  2682  2693 I art     : Background partial concurrent mark sweep GC freed 339559(10MB) AllocSpace objects, 46(16MB) LOS objects, 33% free, 31MB/47MB, paused 3.313ms total 147.141ms
03-27 16:35:32.740  1623  1685 I USBService: send udp to check mobileagent state.
03-27 16:35:32.742  1623  1683 I ===Mrcp===: sending cmd:276
03-27 16:35:32.744  1623  1873 I USBService: command is : [277] 
03-27 16:35:32.745  1623  1873 I USBService: res:-131070 res2:2 opt:-2
03-27 16:35:32.745  1623  1873 I USBService: 	 mobileagent state:-2. 
03-27 16:35:32.748  1623  1685 I USBService: get mobileagent state 1 and current mobileagent state 1 and usb state of connection false
03-27 16:35:32.834   245  2894 D CameraHal: debugShowFPS(622): Camera 14336 Frames, 29.804 FPS
03-27 16:35:33.005  2682  2693 I art     : Background sticky concurrent mark sweep GC freed 377522(11MB) AllocSpace objects, 34(9MB) LOS objects, 31% free, 32MB/47MB, paused 2.126ms total 108.835ms
03-27 16:35:33.340  2682  2693 I art     : Background partial concurrent mark sweep GC freed 335371(10MB) AllocSpace objects, 43(12MB) LOS objects, 33% free, 32MB/48MB, paused 1.629ms total 141.423ms
03-27 16:35:33.653  2682  2693 I art     : Background sticky concurrent mark sweep GC freed 366649(11MB) AllocSpace objects, 32(8MB) LOS objects, 28% free, 34MB/48MB, paused 1.985ms total 122.667ms
03-27 16:35:33.905   245  2894 D CameraHal: debugShowFPS(622): Camera 14368 Frames, 29.880 FPS
03-27 16:35:33.969  2682  2693 I art     : Background partial concurrent mark sweep GC freed 354042(11MB) AllocSpace objects, 49(14MB) LOS objects, 33% free, 31MB/47MB, paused 1.957ms total 137.868ms
03-27 16:35:34.297  2682  2693 I art     : Background sticky concurrent mark sweep GC freed 339616(10MB) AllocSpace objects, 33(8MB) LOS objects, 26% free, 34MB/47MB, paused 1.700ms total 106.736ms
03-27 16:35:34.604  2682  2693 I art     : Background partial concurrent mark sweep GC freed 287434(9MB) AllocSpace objects, 39(14MB) LOS objects, 33% free, 31MB/47MB, paused 3.065ms total 128.855ms
03-27 16:35:34.976   245  2894 D CameraHal: debugShowFPS(622): Camera 14400 Frames, 29.865 FPS
03-27 16:35:35.259  2682  2693 I art     : Background partial concurrent mark sweep GC freed 340773(10MB) AllocSpace objects, 42(13MB) LOS objects, 33% free, 31MB/47MB, paused 2.449ms total 136.674ms
03-27 16:35:35.275  1623  1682 I ===DaemonService===: ############## Rotation : 0
03-27 16:35:35.275  1623  1682 I ===DaemonService===: ScreenOrientationThread:0 screentOrientation:0
03-27 16:35:35.278  1623  1686 I ===APKProtocolTransmit===: Ready send su-cmd:275
03-27 16:35:35.278  1623  1686 I ===APKProtocolTransmit===: Start send su-cmd:275 length[14]
03-27 16:35:35.278  1623  1686 I ===APKProtocolTransmit===: Will write content:the C socket has not been connected,so dicard the send command:[275]
03-27 16:35:35.282  1623  1686 I ===APKProtocolTransmit===: End send sb-cmd:275
